|  time  | address  | load |  in   |  out  |
| 0+     |    15999 |    1 |  2778 |     0 |
| 1      |    15999 |    1 |  2778 |  2778 |
| 1+     |     9362 |    0 |  2778 |     0 |
| 2      |     9362 |    0 |  2778 |     0 |
| 2+     |    13581 |    0 |  2778 |     0 |
| 3      |    13581 |    0 |  2778 |     0 |
| 3+     |    13641 |    0 |  2778 |     0 |
| 4      |    13641 |    0 |  2778 |     0 |
| 4+     |     4181 |    0 |  2778 |     0 |
| 5      |     4181 |    0 |  2778 |     0 |
| 5+     |    11431 |    0 |  2778 |     0 |
| 6      |    11431 |    0 |  2778 |     0 |
| 6+     |     2220 |    0 |  2778 |     0 |
| 7      |     2220 |    0 |  2778 |     0 |
| 7+     |    10194 |    1 | 24286 |     0 |
| 8      |    10194 |    1 | 24286 | 24286 |
| 8+     |     7418 |    1 |  2916 |     0 |
| 9      |     7418 |    1 |  2916 |  2916 |
| 9+     |     7797 |    0 |  2916 |     0 |
| 10     |     7797 |    0 |  2916 |     0 |
| 10+    |    12526 |    0 |  2916 |     0 |
| 11     |    12526 |    0 |  2916 |     0 |
| 11+    |    10749 |    1 | 30495 |     0 |
| 12     |    10749 |    1 | 30495 | 30495 |
| 12+    |     5920 |    1 |  3743 |     0 |
| 13     |     5920 |    1 |  3743 |  3743 |
| 13+    |     4713 |    1 |  9840 |     0 |
| 14     |     4713 |    1 |  9840 |  9840 |
| 14+    |    11441 |    1 | 14654 |     0 |
| 15     |    11441 |    1 | 14654 | 14654 |
| 15+    |     9498 |    0 | 14654 |     0 |
| 16     |     9498 |    0 | 14654 |     0 |
| 16+    |     8719 |    1 |   238 |     0 |
| 17     |     8719 |    1 |   238 |   238 |
| 17+    |    12438 |    0 |   238 |     0 |
| 18     |    12438 |    0 |   238 |     0 |
| 18+    |    15745 |    0 |   238 |     0 |
| 19     |    15745 |    0 |   238 |     0 |
| 19+    |      726 |    1 | 19534 |     0 |
| 20     |      726 |    1 | 19534 | 19534 |
| 20+    |     5567 |    0 | 19534 |     0 |
| 21     |     5567 |    0 | 19534 |     0 |
| 21+    |    10682 |    1 | 28047 |     0 |
| 22     |    10682 |    1 | 28047 | 28047 |
| 22+    |     5268 |    0 | 28047 |     0 |
| 23     |     5268 |    0 | 28047 |     0 |
| 23+    |     7563 |    1 |  1038 |     0 |
| 24     |     7563 |    1 |  1038 |  1038 |
| 24+    |     4125 |    0 |  1038 |     0 |
| 25     |     4125 |    0 |  1038 |     0 |
| 25+    |     2328 |    1 |  7120 |     0 |
| 26     |     2328 |    1 |  7120 |  7120 |
| 26+    |     9547 |    0 |  7120 |     0 |
| 27     |     9547 |    0 |  7120 |     0 |
| 27+    |     2949 |    0 |  7120 |     0 |
| 28     |     2949 |    0 |  7120 |     0 |
| 28+    |     5306 |    0 |  7120 |     0 |
| 29     |     5306 |    0 |  7120 |     0 |
| 29+    |     3024 |    0 |  7120 |     0 |
| 30     |     3024 |    0 |  7120 |     0 |
| 30+    |    13101 |    0 |  7120 |     0 |
| 31     |    13101 |    0 |  7120 |     0 |
| 31+    |      544 |    0 |  7120 |     0 |
| 32     |      544 |    0 |  7120 |     0 |
| 32+    |     3055 |    0 |  7120 |     0 |
| 33     |     3055 |    0 |  7120 |     0 |
| 33+    |     7130 |    1 | 17877 |     0 |
| 34     |     7130 |    1 | 17877 | 17877 |
| 34+    |     8533 |    0 | 17877 |     0 |
| 35     |     8533 |    0 | 17877 |     0 |
| 35+    |     9076 |    1 | 15763 |     0 |
| 36     |     9076 |    1 | 15763 | 15763 |
| 36+    |     7163 |    1 | 31936 |     0 |
| 37     |     7163 |    1 | 31936 | 31936 |
| 37+    |    12021 |    1 | 15710 |     0 |
| 38     |    12021 |    1 | 15710 | 15710 |
| 38+    |     8543 |    1 |  6992 |     0 |
| 39     |     8543 |    1 |  6992 |  6992 |
| 39+    |     5681 |    0 |  6992 |     0 |
| 40     |     5681 |    0 |  6992 |     0 |
| 40+    |     2409 |    1 |  3179 |     0 |
| 41     |     2409 |    1 |  3179 |  3179 |
| 41+    |     6779 |    1 | 25994 |     0 |
| 42     |     6779 |    1 | 25994 | 25994 |
| 42+    |    14770 |    0 | 25994 |     0 |
| 43     |    14770 |    0 | 25994 |     0 |
| 43+    |     8191 |    0 | 25994 |     0 |
| 44     |     8191 |    0 | 25994 |     0 |
| 44+    |     5016 |    1 |  5442 |     0 |
| 45     |     5016 |    1 |  5442 |  5442 |
| 45+    |    12640 |    1 |  7480 |     0 |
| 46     |    12640 |    1 |  7480 |  7480 |
| 46+    |     9169 |    0 |  7480 |     0 |
| 47     |     9169 |    0 |  7480 |     0 |
| 47+    |    14107 |    1 | 14833 |     0 |
| 48     |    14107 |    1 | 14833 | 14833 |
| 48+    |     9015 |    0 | 14833 |     0 |
| 49     |     9015 |    0 | 14833 |     0 |
| 49+    |     7605 |    0 | 14833 |     0 |
| 50     |     7605 |    0 | 14833 |     0 |
| 50+    |     1064 |    1 |  3396 |     0 |
| 51     |     1064 |    1 |  3396 |  3396 |
| 51+    |     8960 |    0 |  3396 |     0 |
| 52     |     8960 |    0 |  3396 |     0 |
| 52+    |     9931 |    0 |  3396 |     0 |
| 53     |     9931 |    0 |  3396 |     0 |
| 53+    |     2296 |    0 |  3396 |     0 |
| 54     |     2296 |    0 |  3396 |     0 |
| 54+    |     9640 |    1 |  9976 |     0 |
| 55     |     9640 |    1 |  9976 |  9976 |
| 55+    |     8148 |    0 |  9976 |     0 |
| 56     |     8148 |    0 |  9976 |     0 |
| 56+    |     3948 |    1 | 20429 |     0 |
| 57     |     3948 |    1 | 20429 | 20429 |
| 57+    |     2144 |    0 | 20429 |     0 |
| 58     |     2144 |    0 | 20429 |     0 |
| 58+    |    12927 |    1 | 19308 |     0 |
| 59     |    12927 |    1 | 19308 | 19308 |
| 59+    |    15504 |    1 |  2048 |     0 |
| 60     |    15504 |    1 |  2048 |  2048 |
| 60+    |     7740 |    1 | 21608 |     0 |
| 61     |     7740 |    1 | 21608 | 21608 |
| 61+    |     9304 |    0 | 21608 |     0 |
| 62     |     9304 |    0 | 21608 |     0 |
| 62+    |    14572 |    1 | 24640 |     0 |
| 63     |    14572 |    1 | 24640 | 24640 |
| 63+    |    15336 |    1 |  7621 |     0 |
| 64     |    15336 |    1 |  7621 |  7621 |
| 64+    |     6793 |    0 |  7621 |     0 |
| 65     |     6793 |    0 |  7621 |     0 |
| 65+    |     2297 |    1 |  8185 |     0 |
| 66     |     2297 |    1 |  8185 |  8185 |
| 66+    |    14366 |    0 |  8185 |     0 |
| 67     |    14366 |    0 |  8185 |     0 |
| 67+    |     8526 |    1 | 12063 |     0 |
| 68     |     8526 |    1 | 12063 | 12063 |
| 68+    |    13903 |    1 | 10692 |     0 |
| 69     |    13903 |    1 | 10692 | 10692 |
| 69+    |    12622 |    1 | 32204 |     0 |
| 70     |    12622 |    1 | 32204 | 32204 |
| 70+    |     9350 |    1 | 32370 |     0 |
| 71     |     9350 |    1 | 32370 | 32370 |
| 71+    |     5050 |    1 |  1240 |     0 |
| 72     |     5050 |    1 |  1240 |  1240 |
| 72+    |    14366 |    1 | 28493 |     0 |
| 73     |    14366 |    1 | 28493 | 28493 |
| 73+    |    11816 |    1 | 29314 |     0 |
| 74     |    11816 |    1 | 29314 | 29314 |
| 74+    |     6678 |    0 | 29314 |     0 |
| 75     |     6678 |    0 | 29314 |     0 |
| 75+    |     5526 |    0 | 29314 |     0 |
| 76     |     5526 |    0 | 29314 |     0 |
| 76+    |    11801 |    1 |  3209 |     0 |
| 77     |    11801 |    1 |  3209 |  3209 |
| 77+    |      772 |    0 |  3209 |     0 |
| 78     |      772 |    0 |  3209 |     0 |
| 78+    |    15471 |    1 |  1490 |     0 |
| 79     |    15471 |    1 |  1490 |  1490 |
| 79+    |    13922 |    1 |  8119 |     0 |
| 80     |    13922 |    1 |  8119 |  8119 |
| 80+    |    10455 |    0 |  8119 |     0 |
| 81     |    10455 |    0 |  8119 |     0 |
| 81+    |     5260 |    0 |  8119 |     0 |
| 82     |     5260 |    0 |  8119 |     0 |
| 82+    |    16056 |    0 |  8119 |     0 |
| 83     |    16056 |    0 |  8119 |     0 |
| 83+    |     7289 |    0 |  8119 |     0 |
| 84     |     7289 |    0 |  8119 |     0 |
| 84+    |     2910 |    1 |  5827 |     0 |
| 85     |     2910 |    1 |  5827 |  5827 |
| 85+    |      644 |    1 | 18949 |     0 |
| 86     |      644 |    1 | 18949 | 18949 |
| 86+    |    14426 |    0 | 18949 |     0 |
| 87     |    14426 |    0 | 18949 |     0 |
| 87+    |     8555 |    1 |  2727 |     0 |
| 88     |     8555 |    1 |  2727 |  2727 |
| 88+    |     4816 |    1 |  5759 |     0 |
| 89     |     4816 |    1 |  5759 |  5759 |
| 89+    |     5195 |    1 |  4834 |     0 |
| 90     |     5195 |    1 |  4834 |  4834 |
| 90+    |    13844 |    1 | 16318 |     0 |
| 91     |    13844 |    1 | 16318 | 16318 |
| 91+    |     4246 |    0 | 16318 |     0 |
| 92     |     4246 |    0 | 16318 |     0 |
| 92+    |    13362 |    0 | 16318 |     0 |
| 93     |    13362 |    0 | 16318 |     0 |
| 93+    |     1432 |    1 |  9228 |     0 |
| 94     |     1432 |    1 |  9228 |  9228 |
| 94+    |     7271 |    1 |  3317 |     0 |
| 95     |     7271 |    1 |  3317 |  3317 |
| 95+    |    15559 |    1 | 26467 |     0 |
| 96     |    15559 |    1 | 26467 | 26467 |
| 96+    |     7392 |    0 | 26467 |     0 |
| 97     |     7392 |    0 | 26467 |     0 |
| 97+    |      761 |    1 | 21034 |     0 |
| 98     |      761 |    1 | 21034 | 21034 |
| 98+    |     6548 |    1 | 11784 |     0 |
| 99     |     6548 |    1 | 11784 | 11784 |
| 99+    |    13950 |    0 | 11784 |     0 |
| 100    |    13950 |    0 | 11784 |     0 |
| 100+   |     7451 |    0 | 11784 |     0 |
| 101    |     7451 |    0 | 11784 |     0 |
| 101+   |     9638 |    1 | 30299 |     0 |
| 102    |     9638 |    1 | 30299 | 30299 |
| 102+   |     2574 |    1 |  2306 |     0 |
| 103    |     2574 |    1 |  2306 |  2306 |
| 103+   |     4789 |    0 |  2306 |     0 |
| 104    |     4789 |    0 |  2306 |     0 |
| 104+   |    15950 |    1 | 30931 |     0 |
| 105    |    15950 |    1 | 30931 | 30931 |
| 105+   |    13369 |    0 | 30931 |     0 |
| 106    |    13369 |    0 | 30931 |     0 |
| 106+   |     8438 |    0 | 30931 |     0 |
| 107    |     8438 |    0 | 30931 |     0 |
| 107+   |     3504 |    0 | 30931 |     0 |
| 108    |     3504 |    0 | 30931 |     0 |
| 108+   |      880 |    1 | 29735 |     0 |
| 109    |      880 |    1 | 29735 | 29735 |
| 109+   |    16259 |    1 | 30072 |     0 |
| 110    |    16259 |    1 | 30072 | 30072 |
| 110+   |    10533 |    0 | 30072 |     0 |
| 111    |    10533 |    0 | 30072 |     0 |
| 111+   |    11178 |    0 | 30072 |     0 |
| 112    |    11178 |    0 | 30072 |     0 |
| 112+   |     5574 |    1 | 24439 |     0 |
| 113    |     5574 |    1 | 24439 | 24439 |
| 113+   |     6823 |    0 | 24439 |     0 |
| 114    |     6823 |    0 | 24439 |     0 |
| 114+   |    11628 |    1 | 16454 |     0 |
| 115    |    11628 |    1 | 16454 | 16454 |
| 115+   |      753 |    0 | 16454 |     0 |
| 116    |      753 |    0 | 16454 |     0 |
| 116+   |     7050 |    0 | 16454 |     0 |
| 117    |     7050 |    0 | 16454 |     0 |
| 117+   |     1474 |    1 | 27167 |     0 |
| 118    |     1474 |    1 | 27167 | 27167 |
| 118+   |    15173 |    0 | 27167 |     0 |
| 119    |    15173 |    0 | 27167 |     0 |
| 119+   |    13407 |    1 | 17165 |     0 |
| 120    |    13407 |    1 | 17165 | 17165 |
| 120+   |    11851 |    0 | 17165 |     0 |
| 121    |    11851 |    0 | 17165 |     0 |
| 121+   |    10396 |    0 | 17165 |     0 |
| 122    |    10396 |    0 | 17165 |     0 |
| 122+   |      744 |    0 | 17165 |     0 |
| 123    |      744 |    0 | 17165 |     0 |
| 123+   |    14492 |    1 | 20206 |     0 |
| 124    |    14492 |    1 | 20206 | 20206 |
| 124+   |    11993 |    0 | 20206 |     0 |
| 125    |    11993 |    0 | 20206 |     0 |
| 125+   |    15936 |    1 | 19311 |     0 |
| 126    |    15936 |    1 | 19311 | 19311 |
| 126+   |    16146 |    0 | 19311 |     0 |
| 127    |    16146 |    0 | 19311 |     0 |
| 127+   |     8565 |    0 | 19311 |     0 |
| 128    |     8565 |    0 | 19311 |     0 |
| 128+   |    10350 |    1 |  2548 |     0 |
| 129    |    10350 |    1 |  2548 |  2548 |
| 129+   |     3182 |    1 | 30949 |     0 |
| 130    |     3182 |    1 | 30949 | 30949 |
| 130+   |    11508 |    1 | 25944 |     0 |
| 131    |    11508 |    1 | 25944 | 25944 |
| 131+   |     1590 |    1 | 11879 |     0 |
| 132    |     1590 |    1 | 11879 | 11879 |
| 132+   |     4740 |    0 | 11879 |     0 |
| 133    |     4740 |    0 | 11879 |     0 |
| 133+   |     4988 |    0 | 11879 |     0 |
| 134    |     4988 |    0 | 11879 |     0 |
| 134+   |    11697 |    0 | 11879 |     0 |
| 135    |    11697 |    0 | 11879 |     0 |
| 135+   |     5592 |    0 | 11879 |     0 |
| 136    |     5592 |    0 | 11879 |     0 |
| 136+   |     2339 |    1 | 19083 |     0 |
| 137    |     2339 |    1 | 19083 | 19083 |
| 137+   |    15962 |    1 | 14117 |     0 |
| 138    |    15962 |    1 | 14117 | 14117 |
| 138+   |    16366 |    0 | 14117 |     0 |
| 139    |    16366 |    0 | 14117 |     0 |
| 139+   |    15888 |    0 | 14117 |     0 |
| 140    |    15888 |    0 | 14117 |     0 |
| 140+   |     3975 |    0 | 14117 |     0 |
| 141    |     3975 |    0 | 14117 |     0 |
| 141+   |     1599 |    0 | 14117 |     0 |
| 142    |     1599 |    0 | 14117 |     0 |
| 142+   |    11499 |    1 | 30994 |     0 |
| 143    |    11499 |    1 | 30994 | 30994 |
| 143+   |     3917 |    1 |  2592 |     0 |
| 144    |     3917 |    1 |  2592 |  2592 |
| 144+   |    13342 |    1 | 24979 |     0 |
| 145    |    13342 |    1 | 24979 | 24979 |
| 145+   |     1183 |    0 | 24979 |     0 |
| 146    |     1183 |    0 | 24979 |     0 |
| 146+   |     2399 |    1 |  7609 |     0 |
| 147    |     2399 |    1 |  7609 |  7609 |
| 147+   |    12049 |    0 |  7609 |     0 |
| 148    |    12049 |    0 |  7609 |     0 |
| 148+   |    13159 |    1 | 29155 |     0 |
| 149    |    13159 |    1 | 29155 | 29155 |
| 149+   |    10984 |    0 | 29155 |     0 |
| 150    |    10984 |    0 | 29155 |     0 |
| 150+   |     6652 |    1 | 17259 |     0 |
| 151    |     6652 |    1 | 17259 | 17259 |
| 151+   |     2045 |    1 | 26819 |     0 |
| 152    |     2045 |    1 | 26819 | 26819 |
| 152+   |     5125 |    0 | 26819 |     0 |
| 153    |     5125 |    0 | 26819 |     0 |
| 153+   |     5639 |    1 | 18948 |     0 |
| 154    |     5639 |    1 | 18948 | 18948 |
| 154+   |     5790 |    1 | 27060 |     0 |
| 155    |     5790 |    1 | 27060 | 27060 |
| 155+   |     4538 |    1 | 25335 |     0 |
| 156    |     4538 |    1 | 25335 | 25335 |
| 156+   |     4664 |    1 | 29796 |     0 |
| 157    |     4664 |    1 | 29796 | 29796 |
| 157+   |      242 |    0 | 29796 |     0 |
| 158    |      242 |    0 | 29796 |     0 |
| 158+   |     4314 |    0 | 29796 |     0 |
| 159    |     4314 |    0 | 29796 |     0 |
| 159+   |    13703 |    1 | 12808 |     0 |
| 160    |    13703 |    1 | 12808 | 12808 |
| 160+   |     5363 |    1 |  9628 |     0 |
| 161    |     5363 |    1 |  9628 |  9628 |
| 161+   |     8198 |    0 |  9628 |     0 |
| 162    |     8198 |    0 |  9628 |     0 |
| 162+   |     7547 |    0 |  9628 |     0 |
| 163    |     7547 |    0 |  9628 |     0 |
| 163+   |     9312 |    1 | 30550 |     0 |
| 164    |     9312 |    1 | 30550 | 30550 |
| 164+   |     4687 |    1 | 22350 |     0 |
| 165    |     4687 |    1 | 22350 | 22350 |
| 165+   |    13919 |    1 | 26835 |     0 |
| 166    |    13919 |    1 | 26835 | 26835 |
| 166+   |    14471 |    0 | 26835 |     0 |
| 167    |    14471 |    0 | 26835 |     0 |
| 167+   |     5254 |    0 | 26835 |     0 |
| 168    |     5254 |    0 | 26835 |     0 |
| 168+   |      609 |    1 | 15687 |     0 |
| 169    |      609 |    1 | 15687 | 15687 |
| 169+   |     2976 |    0 | 15687 |     0 |
| 170    |     2976 |    0 | 15687 |     0 |
| 170+   |    10209 |    1 | 13866 |     0 |
| 171    |    10209 |    1 | 13866 | 13866 |
| 171+   |     6680 |    0 | 13866 |     0 |
| 172    |     6680 |    0 | 13866 |     0 |
| 172+   |     1408 |    1 | 23499 |     0 |
| 173    |     1408 |    1 | 23499 | 23499 |
| 173+   |      389 |    1 | 16344 |     0 |
| 174    |      389 |    1 | 16344 | 16344 |
| 174+   |    14381 |    1 |  4279 |     0 |
| 175    |    14381 |    1 |  4279 |  4279 |
| 175+   |    11794 |    0 |  4279 |     0 |
| 176    |    11794 |    0 |  4279 |     0 |
| 176+   |     7986 |    0 |  4279 |     0 |
| 177    |     7986 |    0 |  4279 |     0 |
| 177+   |     7326 |    1 | 11140 |     0 |
| 178    |     7326 |    1 | 11140 | 11140 |
| 178+   |    12182 |    0 | 11140 |     0 |
| 179    |    12182 |    0 | 11140 |     0 |
| 179+   |     5091 |    0 | 11140 |     0 |
| 180    |     5091 |    0 | 11140 |     0 |
| 180+   |    15745 |    1 | 23359 |     0 |
| 181    |    15745 |    1 | 23359 | 23359 |
| 181+   |    10341 |    0 | 23359 |     0 |
| 182    |    10341 |    0 | 23359 |     0 |
| 182+   |     8793 |    0 | 23359 |     0 |
| 183    |     8793 |    0 | 23359 |     0 |
| 183+   |     7236 |    1 | 28486 |     0 |
| 184    |     7236 |    1 | 28486 | 28486 |
| 184+   |    14663 |    1 | 32657 |     0 |
| 185    |    14663 |    1 | 32657 | 32657 |
| 185+   |     8952 |    1 | 27048 |     0 |
| 186    |     8952 |    1 | 27048 | 27048 |
| 186+   |    13302 |    0 | 27048 |     0 |
| 187    |    13302 |    0 | 27048 |     0 |
| 187+   |     6427 |    0 | 27048 |     0 |
| 188    |     6427 |    0 | 27048 |     0 |
| 188+   |      323 |    0 | 27048 |     0 |
| 189    |      323 |    0 | 27048 |     0 |
| 189+   |    15141 |    0 | 27048 |     0 |
| 190    |    15141 |    0 | 27048 |     0 |
| 190+   |     2036 |    0 | 27048 |     0 |
| 191    |     2036 |    0 | 27048 |     0 |
| 191+   |    11577 |    0 | 27048 |     0 |
| 192    |    11577 |    0 | 27048 |     0 |
| 192+   |     7250 |    1 | 22537 |     0 |
| 193    |     7250 |    1 | 22537 | 22537 |
| 193+   |     1427 |    1 | 15839 |     0 |
| 194    |     1427 |    1 | 15839 | 15839 |
| 194+   |    14470 |    0 | 15839 |     0 |
| 195    |    14470 |    0 | 15839 |     0 |
| 195+   |     1835 |    0 | 15839 |     0 |
| 196    |     1835 |    0 | 15839 |     0 |
| 196+   |    10283 |    1 |  8182 |     0 |
| 197    |    10283 |    1 |  8182 |  8182 |
| 197+   |     4638 |    0 |  8182 |     0 |
| 198    |     4638 |    0 |  8182 |     0 |
| 198+   |    13293 |    0 |  8182 |     0 |
| 199    |    13293 |    0 |  8182 |     0 |
| 199+   |     6291 |    0 |  8182 |     0 |
| 200    |     6291 |    0 |  8182 |     0 |
| 200+   |    10873 |    1 |  8726 |     0 |
| 201    |    10873 |    1 |  8726 |  8726 |
| 201+   |    14010 |    0 |  8726 |     0 |
| 202    |    14010 |    0 |  8726 |     0 |
| 202+   |    11868 |    0 |  8726 |     0 |
| 203    |    11868 |    0 |  8726 |     0 |
| 203+   |     8910 |    1 |  3585 |     0 |
| 204    |     8910 |    1 |  3585 |  3585 |
| 204+   |    10867 |    0 |  3585 |     0 |
| 205    |    10867 |    0 |  3585 |     0 |
| 205+   |    11291 |    0 |  3585 |     0 |
| 206    |    11291 |    0 |  3585 |     0 |
| 206+   |     2356 |    1 | 29445 |     0 |
| 207    |     2356 |    1 | 29445 | 29445 |
| 207+   |     5516 |    1 | 28166 |     0 |
| 208    |     5516 |    1 | 28166 | 28166 |
| 208+   |     1288 |    1 | 26709 |     0 |
| 209    |     1288 |    1 | 26709 | 26709 |
| 209+   |     4706 |    1 |  7452 |     0 |
| 210    |     4706 |    1 |  7452 |  7452 |
| 210+   |     7391 |    1 | 27607 |     0 |
| 211    |     7391 |    1 | 27607 | 27607 |
| 211+   |     2065 |    0 | 27607 |     0 |
| 212    |     2065 |    0 | 27607 |     0 |
| 212+   |     4414 |    1 | 17467 |     0 |
| 213    |     4414 |    1 | 17467 | 17467 |
| 213+   |    11383 |    0 | 17467 |     0 |
| 214    |    11383 |    0 | 17467 |     0 |
| 214+   |    12736 |    1 |   676 |     0 |
| 215    |    12736 |    1 |   676 |   676 |
| 215+   |     7733 |    1 | 15168 |     0 |
| 216    |     7733 |    1 | 15168 | 15168 |
| 216+   |     6721 |    0 | 15168 |     0 |
| 217    |     6721 |    0 | 15168 |     0 |
| 217+   |    10322 |    1 | 31009 |     0 |
| 218    |    10322 |    1 | 31009 | 31009 |
| 218+   |     7417 |    1 |  7070 |     0 |
| 219    |     7417 |    1 |  7070 |  7070 |
| 219+   |     1268 |    0 |  7070 |     0 |
| 220    |     1268 |    0 |  7070 |     0 |
| 220+   |    13339 |    1 | 14554 |     0 |
| 221    |    13339 |    1 | 14554 | 14554 |
| 221+   |    10096 |    0 | 14554 |     0 |
| 222    |    10096 |    0 | 14554 |     0 |
| 222+   |     3872 |    0 | 14554 |     0 |
| 223    |     3872 |    0 | 14554 |     0 |
| 223+   |     9499 |    1 |  5274 |     0 |
| 224    |     9499 |    1 |  5274 |  5274 |
| 224+   |    14638 |    1 | 10701 |     0 |
| 225    |    14638 |    1 | 10701 | 10701 |
| 225+   |    11321 |    0 | 10701 |     0 |
| 226    |    11321 |    0 | 10701 |     0 |
| 226+   |    12370 |    0 | 10701 |     0 |
| 227    |    12370 |    0 | 10701 |     0 |
| 227+   |     4817 |    0 | 10701 |     0 |
| 228    |     4817 |    0 | 10701 |     0 |
| 228+   |    12111 |    1 | 23600 |     0 |
| 229    |    12111 |    1 | 23600 | 23600 |
| 229+   |     3470 |    1 | 13751 |     0 |
| 230    |     3470 |    1 | 13751 | 13751 |
| 230+   |    15998 |    0 | 13751 |     0 |
| 231    |    15998 |    0 | 13751 |     0 |
| 231+   |     2152 |    0 | 13751 |     0 |
| 232    |     2152 |    0 | 13751 |     0 |
| 232+   |    15599 |    1 | 11871 |     0 |
| 233    |    15599 |    1 | 11871 | 11871 |
| 233+   |    13076 |    0 | 11871 |     0 |
| 234    |    13076 |    0 | 11871 |     0 |
| 234+   |    13385 |    0 | 11871 |     0 |
| 235    |    13385 |    0 | 11871 |     0 |
| 235+   |     1790 |    1 |  5460 |     0 |
| 236    |     1790 |    1 |  5460 |  5460 |
| 236+   |     7780 |    0 |  5460 |     0 |
| 237    |     7780 |    0 |  5460 |     0 |
| 237+   |     2159 |    1 | 23416 |     0 |
| 238    |     2159 |    1 | 23416 | 23416 |
| 238+   |    13624 |    0 | 23416 |     0 |
| 239    |    13624 |    0 | 23416 |     0 |
| 239+   |     1486 |    0 | 23416 |     0 |
| 240    |     1486 |    0 | 23416 |     0 |
| 240+   |    14247 |    1 |  1617 |     0 |
| 241    |    14247 |    1 |  1617 |  1617 |
| 241+   |     2934 |    1 | 11456 |     0 |
| 242    |     2934 |    1 | 11456 | 11456 |
| 242+   |    16012 |    0 | 11456 |     0 |
| 243    |    16012 |    0 | 11456 |     0 |
| 243+   |     4455 |    0 | 11456 |     0 |
| 244    |     4455 |    0 | 11456 |     0 |
| 244+   |    13756 |    0 | 11456 |     0 |
| 245    |    13756 |    0 | 11456 |     0 |
| 245+   |      656 |    0 | 11456 |     0 |
| 246    |      656 |    0 | 11456 |     0 |
| 246+   |     1075 |    1 |  3302 |     0 |
| 247    |     1075 |    1 |  3302 |  3302 |
| 247+   |     5643 |    1 | 18881 |     0 |
| 248    |     5643 |    1 | 18881 | 18881 |
| 248+   |     5364 |    1 | 23196 |     0 |
| 249    |     5364 |    1 | 23196 | 23196 |
| 249+   |    11593 |    1 | 10874 |     0 |
| 250    |    11593 |    1 | 10874 | 10874 |
| 250+   |     7228 |    1 | 29019 |     0 |
| 251    |     7228 |    1 | 29019 | 29019 |
| 251+   |    13563 |    1 | 14201 |     0 |
| 252    |    13563 |    1 | 14201 | 14201 |
| 252+   |    12406 |    1 |  2944 |     0 |
| 253    |    12406 |    1 |  2944 |  2944 |
| 253+   |      492 |    0 |  2944 |     0 |
| 254    |      492 |    0 |  2944 |     0 |
| 254+   |    11087 |    0 |  2944 |     0 |
| 255    |    11087 |    0 |  2944 |     0 |
| 255+   |     3733 |    1 | 31989 |     0 |
| 256    |     3733 |    1 | 31989 | 31989 |
| 256+   |     8594 |    1 | 24961 |     0 |
| 257    |     8594 |    1 | 24961 | 24961 |
| 257+   |     2474 |    1 | 27149 |     0 |
| 258    |     2474 |    1 | 27149 | 27149 |
| 258+   |     7970 |    0 | 27149 |     0 |
| 259    |     7970 |    0 | 27149 |     0 |
| 259+   |     4832 |    1 | 11205 |     0 |
| 260    |     4832 |    1 | 11205 | 11205 |
| 260+   |     1450 |    0 | 11205 |     0 |
| 261    |     1450 |    0 | 11205 |     0 |
| 261+   |     2070 |    0 | 11205 |     0 |
| 262    |     2070 |    0 | 11205 |     0 |
| 262+   |    11529 |    1 | 32223 |     0 |
| 263    |    11529 |    1 | 32223 | 32223 |
| 263+   |    11499 |    0 | 32223 | 30994 |
| 264    |    11499 |    0 | 32223 | 30994 |
| 264+   |    11049 |    0 | 32223 |     0 |
| 265    |    11049 |    0 | 32223 |     0 |
| 265+   |     4022 |    1 |  1989 |     0 |
| 266    |     4022 |    1 |  1989 |  1989 |
| 266+   |      193 |    0 |  1989 |     0 |
| 267    |      193 |    0 |  1989 |     0 |
| 267+   |    11816 |    1 | 14512 | 29314 |
| 268    |    11816 |    1 | 14512 | 14512 |
| 268+   |    10074 |    1 |  7058 |     0 |
| 269    |    10074 |    1 |  7058 |  7058 |
| 269+   |     7886 |    0 |  7058 |     0 |
| 270    |     7886 |    0 |  7058 |     0 |
| 270+   |    11610 |    1 | 18083 |     0 |
| 271    |    11610 |    1 | 18083 | 18083 |
| 271+   |     8296 |    1 |  9079 |     0 |
| 272    |     8296 |    1 |  9079 |  9079 |
| 272+   |     9952 |    0 |  9079 |     0 |
| 273    |     9952 |    0 |  9079 |     0 |
| 273+   |    12572 |    0 |  9079 |     0 |
| 274    |    12572 |    0 |  9079 |     0 |
| 274+   |    10071 |    1 | 23737 |     0 |
| 275    |    10071 |    1 | 23737 | 23737 |
| 275+   |    11495 |    1 | 15503 |     0 |
| 276    |    11495 |    1 | 15503 | 15503 |
| 276+   |    14112 |    1 | 15010 |     0 |
| 277    |    14112 |    1 | 15010 | 15010 |
| 277+   |     7333 |    0 | 15010 |     0 |
| 278    |     7333 |    0 | 15010 |     0 |
| 278+   |     8332 |    1 | 29021 |     0 |
| 279    |     8332 |    1 | 29021 | 29021 |
| 279+   |    14366 |    1 | 25617 | 28493 |
| 280    |    14366 |    1 | 25617 | 25617 |
| 280+   |    12462 |    1 |  5920 |     0 |
| 281    |    12462 |    1 |  5920 |  5920 |
| 281+   |      282 |    0 |  5920 |     0 |
| 282    |      282 |    0 |  5920 |     0 |
| 282+   |     6447 |    0 |  5920 |     0 |
| 283    |     6447 |    0 |  5920 |     0 |
| 283+   |     4813 |    1 | 16728 |     0 |
| 284    |     4813 |    1 | 16728 | 16728 |
| 284+   |     7197 |    0 | 16728 |     0 |
| 285    |     7197 |    0 | 16728 |     0 |
| 285+   |     5163 |    0 | 16728 |     0 |
| 286    |     5163 |    0 | 16728 |     0 |
| 286+   |     5870 |    0 | 16728 |     0 |
| 287    |     5870 |    0 | 16728 |     0 |
| 287+   |    12348 |    1 |  2178 |     0 |
| 288    |    12348 |    1 |  2178 |  2178 |
| 288+   |    14060 |    1 | 32259 |     0 |
| 289    |    14060 |    1 | 32259 | 32259 |
| 289+   |    14736 |    0 | 32259 |     0 |
| 290    |    14736 |    0 | 32259 |     0 |
| 290+   |    14560 |    0 | 32259 |     0 |
| 291    |    14560 |    0 | 32259 |     0 |
| 291+   |      159 |    1 | 27166 |     0 |
| 292    |      159 |    1 | 27166 | 27166 |
| 292+   |    10672 |    0 | 27166 |     0 |
| 293    |    10672 |    0 | 27166 |     0 |
| 293+   |    13870 |    0 | 27166 |     0 |
| 294    |    13870 |    0 | 27166 |     0 |
| 294+   |    10092 |    0 | 27166 |     0 |
| 295    |    10092 |    0 | 27166 |     0 |
| 295+   |    12383 |    1 | 27253 |     0 |
| 296    |    12383 |    1 | 27253 | 27253 |
| 296+   |    11276 |    1 |  6217 |     0 |
| 297    |    11276 |    1 |  6217 |  6217 |
| 297+   |     8795 |    0 |  6217 |     0 |
| 298    |     8795 |    0 |  6217 |     0 |
| 298+   |    10592 |    0 |  6217 |     0 |
| 299    |    10592 |    0 |  6217 |     0 |
| 299+   |    12931 |    1 | 14256 |     0 |
| 300    |    12931 |    1 | 14256 | 14256 |
| 300+   |     7333 |    1 |  7055 |     0 |
| 301    |     7333 |    1 |  7055 |  7055 |
| 301+   |    11207 |    0 |  7055 |     0 |
| 302    |    11207 |    0 |  7055 |     0 |
| 302+   |     5883 |    1 |  6041 |     0 |
| 303    |     5883 |    1 |  6041 |  6041 |
| 303+   |     2102 |    1 |  8377 |     0 |
| 304    |     2102 |    1 |  8377 |  8377 |
| 304+   |    11049 |    1 | 26286 |     0 |
| 305    |    11049 |    1 | 26286 | 26286 |
| 305+   |    14962 |    0 | 26286 |     0 |
| 306    |    14962 |    0 | 26286 |     0 |
| 306+   |      720 |    0 | 26286 |     0 |
| 307    |      720 |    0 | 26286 |     0 |
| 307+   |    13382 |    1 |   300 |     0 |
| 308    |    13382 |    1 |   300 |   300 |
| 308+   |     5304 |    0 |   300 |     0 |
| 309    |     5304 |    0 |   300 |     0 |
| 309+   |     5723 |    0 |   300 |     0 |
| 310    |     5723 |    0 |   300 |     0 |
| 310+   |    13417 |    1 | 17201 |     0 |
| 311    |    13417 |    1 | 17201 | 17201 |
| 311+   |     3378 |    1 | 28245 |     0 |
| 312    |     3378 |    1 | 28245 | 28245 |
| 312+   |    12629 |    0 | 28245 |     0 |
| 313    |    12629 |    0 | 28245 |     0 |
| 313+   |    16335 |    0 | 28245 |     0 |
| 314    |    16335 |    0 | 28245 |     0 |
| 314+   |    14060 |    0 | 28245 | 32259 |
| 315    |    14060 |    0 | 28245 | 32259 |
| 315+   |    11821 |    0 | 28245 |     0 |
| 316    |    11821 |    0 | 28245 |     0 |
| 316+   |     1924 |    0 | 28245 |     0 |
| 317    |     1924 |    0 | 28245 |     0 |
| 317+   |    15550 |    1 | 25698 |     0 |
| 318    |    15550 |    1 | 25698 | 25698 |
| 318+   |    10799 |    1 | 13061 |     0 |
| 319    |    10799 |    1 | 13061 | 13061 |
| 319+   |    14658 |    1 |  5772 |     0 |
| 320    |    14658 |    1 |  5772 |  5772 |
| 320+   |     6600 |    0 |  5772 |     0 |
| 321    |     6600 |    0 |  5772 |     0 |
| 321+   |     9003 |    0 |  5772 |     0 |
| 322    |     9003 |    0 |  5772 |     0 |
| 322+   |     1553 |    0 |  5772 |     0 |
| 323    |     1553 |    0 |  5772 |     0 |
| 323+   |     1825 |    1 |  3185 |     0 |
| 324    |     1825 |    1 |  3185 |  3185 |
| 324+   |    15909 |    0 |  3185 |     0 |
| 325    |    15909 |    0 |  3185 |     0 |
| 325+   |     2013 |    0 |  3185 |     0 |
| 326    |     2013 |    0 |  3185 |     0 |
| 326+   |     6243 |    1 | 25324 |     0 |
| 327    |     6243 |    1 | 25324 | 25324 |
| 327+   |     9312 |    1 | 24121 | 30550 |
| 328    |     9312 |    1 | 24121 | 24121 |
| 328+   |     8536 |    0 | 24121 |     0 |
| 329    |     8536 |    0 | 24121 |     0 |
| 329+   |     6063 |    0 | 24121 |     0 |
| 330    |     6063 |    0 | 24121 |     0 |
| 330+   |     1440 |    1 |  5865 |     0 |
| 331    |     1440 |    1 |  5865 |  5865 |
| 331+   |    15738 |    1 | 23549 |     0 |
| 332    |    15738 |    1 | 23549 | 23549 |
| 332+   |     2425 |    1 |  1547 |     0 |
| 333    |     2425 |    1 |  1547 |  1547 |
| 333+   |     8714 |    0 |  1547 |     0 |
| 334    |     8714 |    0 |  1547 |     0 |
| 334+   |     2700 |    0 |  1547 |     0 |
| 335    |     2700 |    0 |  1547 |     0 |
| 335+   |     7168 |    1 | 13561 |     0 |
| 336    |     7168 |    1 | 13561 | 13561 |
| 336+   |     8076 |    1 | 31994 |     0 |
| 337    |     8076 |    1 | 31994 | 31994 |
| 337+   |     4769 |    0 | 31994 |     0 |
| 338    |     4769 |    0 | 31994 |     0 |
| 338+   |      154 |    1 |  3834 |     0 |
| 339    |      154 |    1 |  3834 |  3834 |
| 339+   |    10817 |    1 | 24356 |     0 |
| 340    |    10817 |    1 | 24356 | 24356 |
| 340+   |    15415 |    1 |   513 |     0 |
| 341    |    15415 |    1 |   513 |   513 |
| 341+   |     2162 |    1 | 20338 |     0 |
| 342    |     2162 |    1 | 20338 | 20338 |
| 342+   |       40 |    0 | 20338 |     0 |
| 343    |       40 |    0 | 20338 |     0 |
| 343+   |    15947 |    1 | 18509 |     0 |
| 344    |    15947 |    1 | 18509 | 18509 |
| 344+   |      912 |    0 | 18509 |     0 |
| 345    |      912 |    0 | 18509 |     0 |
| 345+   |     4046 |    0 | 18509 |     0 |
| 346    |     4046 |    0 | 18509 |     0 |
| 346+   |     3948 |    0 | 18509 | 20429 |
| 347    |     3948 |    0 | 18509 | 20429 |
| 347+   |     2147 |    1 | 15062 |     0 |
| 348    |     2147 |    1 | 15062 | 15062 |
| 348+   |     2912 |    0 | 15062 |     0 |
| 349    |     2912 |    0 | 15062 |     0 |
| 349+   |     3775 |    0 | 15062 |     0 |
| 350    |     3775 |    0 | 15062 |     0 |
| 350+   |     6148 |    0 | 15062 |     0 |
| 351    |     6148 |    0 | 15062 |     0 |
| 351+   |     8332 |    0 | 15062 | 29021 |
| 352    |     8332 |    0 | 15062 | 29021 |
| 352+   |     7546 |    1 | 29271 |     0 |
| 353    |     7546 |    1 | 29271 | 29271 |
| 353+   |    11067 |    0 | 29271 |     0 |
| 354    |    11067 |    0 | 29271 |     0 |
| 354+   |     4877 |    1 |  8537 |     0 |
| 355    |     4877 |    1 |  8537 |  8537 |
| 355+   |    10966 |    1 | 24030 |     0 |
| 356    |    10966 |    1 | 24030 | 24030 |
| 356+   |      791 |    1 | 29757 |     0 |
| 357    |      791 |    1 | 29757 | 29757 |
| 357+   |     6995 |    1 | 10763 |     0 |
| 358    |     6995 |    1 | 10763 | 10763 |
| 358+   |    13914 |    1 | 15811 |     0 |
| 359    |    13914 |    1 | 15811 | 15811 |
| 359+   |     1084 |    1 | 13169 |     0 |
| 360    |     1084 |    1 | 13169 | 13169 |
| 360+   |    16037 |    0 | 13169 |     0 |
| 361    |    16037 |    0 | 13169 |     0 |
| 361+   |     1661 |    0 | 13169 |     0 |
| 362    |     1661 |    0 | 13169 |     0 |
| 362+   |    15404 |    0 | 13169 |     0 |
| 363    |    15404 |    0 | 13169 |     0 |
| 363+   |     5302 |    1 | 28636 |     0 |
| 364    |     5302 |    1 | 28636 | 28636 |
| 364+   |    15639 |    0 | 28636 |     0 |
| 365    |    15639 |    0 | 28636 |     0 |
| 365+   |    14479 |    0 | 28636 |     0 |
| 366    |    14479 |    0 | 28636 |     0 |
| 366+   |     4216 |    0 | 28636 |     0 |
| 367    |     4216 |    0 | 28636 |     0 |
| 367+   |     8859 |    1 |  3303 |     0 |
| 368    |     8859 |    1 |  3303 |  3303 |
| 368+   |    14156 |    0 |  3303 |     0 |
| 369    |    14156 |    0 |  3303 |     0 |
| 369+   |    14643 |    0 |  3303 |     0 |
| 370    |    14643 |    0 |  3303 |     0 |
| 370+   |    13054 |    1 | 22211 |     0 |
| 371    |    13054 |    1 | 22211 | 22211 |
| 371+   |    15981 |    0 | 22211 |     0 |
| 372    |    15981 |    0 | 22211 |     0 |
| 372+   |    12609 |    1 |  6989 |     0 |
| 373    |    12609 |    1 |  6989 |  6989 |
| 373+   |     7503 |    1 | 31046 |     0 |
| 374    |     7503 |    1 | 31046 | 31046 |
| 374+   |     5016 |    0 | 31046 |  5442 |
| 375    |     5016 |    0 | 31046 |  5442 |
| 375+   |     2521 |    0 | 31046 |     0 |
| 376    |     2521 |    0 | 31046 |     0 |
| 376+   |     7872 |    0 | 31046 |     0 |
| 377    |     7872 |    0 | 31046 |     0 |
| 377+   |    16154 |    0 | 31046 |     0 |
| 378    |    16154 |    0 | 31046 |     0 |
| 378+   |    14526 |    1 | 25272 |     0 |
| 379    |    14526 |    1 | 25272 | 25272 |
| 379+   |     7863 |    0 | 25272 |     0 |
| 380    |     7863 |    0 | 25272 |     0 |
| 380+   |    13105 |    1 | 23647 |     0 |
| 381    |    13105 |    1 | 23647 | 23647 |
| 381+   |    11727 |    0 | 23647 |     0 |
| 382    |    11727 |    0 | 23647 |     0 |
| 382+   |     7516 |    0 | 23647 |     0 |
| 383    |     7516 |    0 | 23647 |     0 |
| 383+   |     1195 |    1 | 20464 |     0 |
| 384    |     1195 |    1 | 20464 | 20464 |
| 384+   |    12472 |    1 | 30101 |     0 |
| 385    |    12472 |    1 | 30101 | 30101 |
| 385+   |     5659 |    0 | 30101 |     0 |
| 386    |     5659 |    0 | 30101 |     0 |
| 386+   |    15783 |    0 | 30101 |     0 |
| 387    |    15783 |    0 | 30101 |     0 |
| 387+   |    14652 |    1 |  4622 |     0 |
| 388    |    14652 |    1 |  4622 |  4622 |
| 388+   |    14175 |    1 |  9702 |     0 |
| 389    |    14175 |    1 |  9702 |  9702 |
| 389+   |    13346 |    1 | 19938 |     0 |
| 390    |    13346 |    1 | 19938 | 19938 |
| 390+   |    10278 |    0 | 19938 |     0 |
| 391    |    10278 |    0 | 19938 |     0 |
| 391+   |     6634 |    1 | 27512 |     0 |
| 392    |     6634 |    1 | 27512 | 27512 |
| 392+   |    15610 |    1 | 32378 |     0 |
| 393    |    15610 |    1 | 32378 | 32378 |
| 393+   |    15035 |    0 | 32378 |     0 |
| 394    |    15035 |    0 | 32378 |     0 |
| 394+   |     4765 |    1 |  9005 |     0 |
| 395    |     4765 |    1 |  9005 |  9005 |
| 395+   |    10705 |    0 |  9005 |     0 |
| 396    |    10705 |    0 |  9005 |     0 |
| 396+   |     2825 |    1 | 23483 |     0 |
| 397    |     2825 |    1 | 23483 | 23483 |
| 397+   |    14794 |    0 | 23483 |     0 |
| 398    |    14794 |    0 | 23483 |     0 |
| 398+   |    10356 |    1 | 21733 |     0 |
| 399    |    10356 |    1 | 21733 | 21733 |
| 399+   |     8316 |    0 | 21733 |     0 |
| 400    |     8316 |    0 | 21733 |     0 |
| 400+   |     7752 |    0 | 21733 |     0 |
| 401    |     7752 |    0 | 21733 |     0 |
| 401+   |    10960 |    1 | 20345 |     0 |
| 402    |    10960 |    1 | 20345 | 20345 |
| 402+   |     9056 |    1 | 14400 |     0 |
| 403    |     9056 |    1 | 14400 | 14400 |
| 403+   |     8390 |    0 | 14400 |     0 |
| 404    |     8390 |    0 | 14400 |     0 |
| 404+   |    10705 |    1 | 11798 |     0 |
| 405    |    10705 |    1 | 11798 | 11798 |
| 405+   |     5286 |    0 | 11798 |     0 |
| 406    |     5286 |    0 | 11798 |     0 |
| 406+   |     1567 |    0 | 11798 |     0 |
| 407    |     1567 |    0 | 11798 |     0 |
| 407+   |    11957 |    0 | 11798 |     0 |
| 408    |    11957 |    0 | 11798 |     0 |
| 408+   |    11477 |    0 | 11798 |     0 |
| 409    |    11477 |    0 | 11798 |     0 |
| 409+   |     4053 |    0 | 11798 |     0 |
| 410    |     4053 |    0 | 11798 |     0 |
| 410+   |     4521 |    0 | 11798 |     0 |
| 411    |     4521 |    0 | 11798 |     0 |
| 411+   |      501 |    0 | 11798 |     0 |
| 412    |      501 |    0 | 11798 |     0 |
| 412+   |     2668 |    0 | 11798 |     0 |
| 413    |     2668 |    0 | 11798 |     0 |
| 413+   |    14819 |    1 | 26718 |     0 |
| 414    |    14819 |    1 | 26718 | 26718 |
| 414+   |    10075 |    0 | 26718 |     0 |
| 415    |    10075 |    0 | 26718 |     0 |
| 415+   |      659 |    0 | 26718 |     0 |
| 416    |      659 |    0 | 26718 |     0 |
| 416+   |     6191 |    0 | 26718 |     0 |
| 417    |     6191 |    0 | 26718 |     0 |
| 417+   |    14536 |    1 | 15318 |     0 |
| 418    |    14536 |    1 | 15318 | 15318 |
| 418+   |    15838 |    1 |   429 |     0 |
| 419    |    15838 |    1 |   429 |   429 |
| 419+   |     4802 |    0 |   429 |     0 |
| 420    |     4802 |    0 |   429 |     0 |
| 420+   |    12956 |    1 | 28731 |     0 |
| 421    |    12956 |    1 | 28731 | 28731 |
| 421+   |    10738 |    0 | 28731 |     0 |
| 422    |    10738 |    0 | 28731 |     0 |
| 422+   |    13653 |    0 | 28731 |     0 |
| 423    |    13653 |    0 | 28731 |     0 |
| 423+   |     6570 |    1 | 32136 |     0 |
| 424    |     6570 |    1 | 32136 | 32136 |
| 424+   |     8507 |    0 | 32136 |     0 |
| 425    |     8507 |    0 | 32136 |     0 |
| 425+   |     1822 |    1 |  2897 |     0 |
| 426    |     1822 |    1 |  2897 |  2897 |
| 426+   |    11544 |    0 |  2897 |     0 |
| 427    |    11544 |    0 |  2897 |     0 |
| 427+   |     2606 |    1 | 32203 |     0 |
| 428    |     2606 |    1 | 32203 | 32203 |
| 428+   |     9846 |    0 | 32203 |     0 |
| 429    |     9846 |    0 | 32203 |     0 |
| 429+   |    12460 |    1 | 23889 |     0 |
| 430    |    12460 |    1 | 23889 | 23889 |
| 430+   |    13962 |    1 |  1746 |     0 |
| 431    |    13962 |    1 |  1746 |  1746 |
| 431+   |    13957 |    0 |  1746 |     0 |
| 432    |    13957 |    0 |  1746 |     0 |
| 432+   |    15646 |    1 | 10311 |     0 |
| 433    |    15646 |    1 | 10311 | 10311 |
| 433+   |    10847 |    1 |  9412 |     0 |
| 434    |    10847 |    1 |  9412 |  9412 |
| 434+   |      344 |    1 | 29075 |     0 |
| 435    |      344 |    1 | 29075 | 29075 |
| 435+   |     6735 |    0 | 29075 |     0 |
| 436    |     6735 |    0 | 29075 |     0 |
| 436+   |    10124 |    1 | 17415 |     0 |
| 437    |    10124 |    1 | 17415 | 17415 |
| 437+   |     4113 |    1 | 29540 |     0 |
| 438    |     4113 |    1 | 29540 | 29540 |
| 438+   |     6194 |    0 | 29540 |     0 |
| 439    |     6194 |    0 | 29540 |     0 |
| 439+   |     1205 |    0 | 29540 |     0 |
| 440    |     1205 |    0 | 29540 |     0 |
| 440+   |    15457 |    0 | 29540 |     0 |
| 441    |    15457 |    0 | 29540 |     0 |
| 441+   |     3185 |    1 | 16205 |     0 |
| 442    |     3185 |    1 | 16205 | 16205 |
| 442+   |    12766 |    0 | 16205 |     0 |
| 443    |    12766 |    0 | 16205 |     0 |
| 443+   |    12545 |    1 | 10327 |     0 |
| 444    |    12545 |    1 | 10327 | 10327 |
| 444+   |    16257 |    0 | 10327 |     0 |
| 445    |    16257 |    0 | 10327 |     0 |
| 445+   |     7005 |    1 | 14831 |     0 |
| 446    |     7005 |    1 | 14831 | 14831 |
| 446+   |    13326 |    1 |  7497 |     0 |
| 447    |    13326 |    1 |  7497 |  7497 |
| 447+   |     5482 |    0 |  7497 |     0 |
| 448    |     5482 |    0 |  7497 |     0 |
| 448+   |     3100 |    1 | 13582 |     0 |
| 449    |     3100 |    1 | 13582 | 13582 |
| 449+   |    11658 |    0 | 13582 |     0 |
| 450    |    11658 |    0 | 13582 |     0 |
| 450+   |     2286 |    0 | 13582 |     0 |
| 451    |     2286 |    0 | 13582 |     0 |
| 451+   |     2991 |    0 | 13582 |     0 |
| 452    |     2991 |    0 | 13582 |     0 |
| 452+   |     6048 |    0 | 13582 |     0 |
| 453    |     6048 |    0 | 13582 |     0 |
| 453+   |    10116 |    1 | 27727 |     0 |
| 454    |    10116 |    1 | 27727 | 27727 |
| 454+   |    14563 |    0 | 27727 |     0 |
| 455    |    14563 |    0 | 27727 |     0 |
| 455+   |    12908 |    1 | 27346 |     0 |
| 456    |    12908 |    1 | 27346 | 27346 |
| 456+   |     3605 |    0 | 27346 |     0 |
| 457    |     3605 |    0 | 27346 |     0 |
| 457+   |    10989 |    1 |    32 |     0 |
| 458    |    10989 |    1 |    32 |    32 |
| 458+   |    15207 |    1 | 27526 |     0 |
| 459    |    15207 |    1 | 27526 | 27526 |
| 459+   |    11988 |    0 | 27526 |     0 |
| 460    |    11988 |    0 | 27526 |     0 |
| 460+   |    13711 |    0 | 27526 |     0 |
| 461    |    13711 |    0 | 27526 |     0 |
| 461+   |     4929 |    0 | 27526 |     0 |
| 462    |     4929 |    0 | 27526 |     0 |
| 462+   |    11250 |    1 | 27722 |     0 |
| 463    |    11250 |    1 | 27722 | 27722 |
| 463+   |    10326 |    1 | 15271 |     0 |
| 464    |    10326 |    1 | 15271 | 15271 |
| 464+   |    15575 |    1 | 17570 |     0 |
| 465    |    15575 |    1 | 17570 | 17570 |
| 465+   |     4164 |    1 | 29319 |     0 |
| 466    |     4164 |    1 | 29319 | 29319 |
| 466+   |    11768 |    0 | 29319 |     0 |
| 467    |    11768 |    0 | 29319 |     0 |
| 467+   |     1121 |    0 | 29319 |     0 |
| 468    |     1121 |    0 | 29319 |     0 |
| 468+   |     5117 |    0 | 29319 |     0 |
| 469    |     5117 |    0 | 29319 |     0 |
| 469+   |    14531 |    1 |  5720 |     0 |
| 470    |    14531 |    1 |  5720 |  5720 |
| 470+   |     2506 |    0 |  5720 |     0 |
| 471    |     2506 |    0 |  5720 |     0 |
| 471+   |     5705 |    0 |  5720 |     0 |
| 472    |     5705 |    0 |  5720 |     0 |
| 472+   |     8051 |    0 |  5720 |     0 |
| 473    |     8051 |    0 |  5720 |     0 |
| 473+   |    15671 |    0 |  5720 |     0 |
| 474    |    15671 |    0 |  5720 |     0 |
| 474+   |     3862 |    0 |  5720 |     0 |
| 475    |     3862 |    0 |  5720 |     0 |
| 475+   |     6321 |    0 |  5720 |     0 |
| 476    |     6321 |    0 |  5720 |     0 |
| 476+   |    10475 |    1 | 20465 |     0 |
| 477    |    10475 |    1 | 20465 | 20465 |
| 477+   |     2045 |    0 | 20465 | 26819 |
| 478    |     2045 |    0 | 20465 | 26819 |
| 478+   |    10794 |    1 | 21826 |     0 |
| 479    |    10794 |    1 | 21826 | 21826 |
| 479+   |    15369 |    0 | 21826 |     0 |
| 480    |    15369 |    0 | 21826 |     0 |
| 480+   |     6048 |    1 | 20413 |     0 |
| 481    |     6048 |    1 | 20413 | 20413 |
| 481+   |     1779 |    1 | 18825 |     0 |
| 482    |     1779 |    1 | 18825 | 18825 |
| 482+   |      785 |    0 | 18825 |     0 |
| 483    |      785 |    0 | 18825 |     0 |
| 483+   |    11452 |    1 |  5379 |     0 |
| 484    |    11452 |    1 |  5379 |  5379 |
| 484+   |     7318 |    1 | 28788 |     0 |
| 485    |     7318 |    1 | 28788 | 28788 |
| 485+   |     1452 |    0 | 28788 |     0 |
| 486    |     1452 |    0 | 28788 |     0 |
| 486+   |    11143 |    1 |   445 |     0 |
| 487    |    11143 |    1 |   445 |   445 |
| 487+   |    14409 |    0 |   445 |     0 |
| 488    |    14409 |    0 |   445 |     0 |
| 488+   |    11599 |    1 | 25924 |     0 |
| 489    |    11599 |    1 | 25924 | 25924 |
| 489+   |     2312 |    0 | 25924 |     0 |
| 490    |     2312 |    0 | 25924 |     0 |
| 490+   |     4855 |    1 | 29854 |     0 |
| 491    |     4855 |    1 | 29854 | 29854 |
| 491+   |     8308 |    0 | 29854 |     0 |
| 492    |     8308 |    0 | 29854 |     0 |
| 492+   |     7122 |    0 | 29854 |     0 |
| 493    |     7122 |    0 | 29854 |     0 |
| 493+   |     8514 |    1 | 20598 |     0 |
| 494    |     8514 |    1 | 20598 | 20598 |
| 494+   |    10879 |    1 |  7929 |     0 |
| 495    |    10879 |    1 |  7929 |  7929 |
| 495+   |     3779 |    0 |  7929 |     0 |
| 496    |     3779 |    0 |  7929 |     0 |
| 496+   |      420 |    0 |  7929 |     0 |
| 497    |      420 |    0 |  7929 |     0 |
| 497+   |     8024 |    0 |  7929 |     0 |
| 498    |     8024 |    0 |  7929 |     0 |
| 498+   |     2613 |    1 | 29510 |     0 |
| 499    |     2613 |    1 | 29510 | 29510 |
| 499+   |     1528 |    1 | 29008 |     0 |
| 500    |     1528 |    1 | 29008 | 29008 |
| 500+   |     7563 |    0 | 29008 |  1038 |
| 501    |     7563 |    0 | 29008 |  1038 |
| 501+   |    10708 |    0 | 29008 |     0 |
| 502    |    10708 |    0 | 29008 |     0 |
| 502+   |     8794 |    1 | 19370 |     0 |
| 503    |     8794 |    1 | 19370 | 19370 |
| 503+   |    15699 |    1 | 26489 |     0 |
| 504    |    15699 |    1 | 26489 | 26489 |
| 504+   |    13824 |    1 | 25405 |     0 |
| 505    |    13824 |    1 | 25405 | 25405 |
| 505+   |     4064 |    0 | 25405 |     0 |
| 506    |     4064 |    0 | 25405 |     0 |
| 506+   |    12133 |    0 | 25405 |     0 |
| 507    |    12133 |    0 | 25405 |     0 |
| 507+   |    16186 |    1 | 17107 |     0 |
| 508    |    16186 |    1 | 17107 | 17107 |
| 508+   |    12160 |    0 | 17107 |     0 |
| 509    |    12160 |    0 | 17107 |     0 |
| 509+   |     1144 |    1 | 31450 |     0 |
| 510    |     1144 |    1 | 31450 | 31450 |
| 510+   |    15936 |    1 | 16276 | 19311 |
| 511    |    15936 |    1 | 16276 | 16276 |
| 511+   |    13438 |    1 |  9782 |     0 |
| 512    |    13438 |    1 |  9782 |  9782 |
| 512+   |     1349 |    0 |  9782 |     0 |
| 513    |     1349 |    0 |  9782 |     0 |
| 513+   |    13206 |    0 |  9782 |     0 |
| 514    |    13206 |    0 |  9782 |     0 |
| 514+   |       35 |    0 |  9782 |     0 |
| 515    |       35 |    0 |  9782 |     0 |
| 515+   |     6104 |    1 | 15966 |     0 |
| 516    |     6104 |    1 | 15966 | 15966 |
| 516+   |    11704 |    1 | 27348 |     0 |
| 517    |    11704 |    1 | 27348 | 27348 |
| 517+   |    11043 |    1 |  2605 |     0 |
| 518    |    11043 |    1 |  2605 |  2605 |
| 518+   |      100 |    1 | 17801 |     0 |
| 519    |      100 |    1 | 17801 | 17801 |
| 519+   |    13269 |    1 | 12679 |     0 |
| 520    |    13269 |    1 | 12679 | 12679 |
| 520+   |    12330 |    0 | 12679 |     0 |
| 521    |    12330 |    0 | 12679 |     0 |
| 521+   |     3367 |    0 | 12679 |     0 |
| 522    |     3367 |    0 | 12679 |     0 |
| 522+   |    10360 |    1 | 20344 |     0 |
| 523    |    10360 |    1 | 20344 | 20344 |
| 523+   |    15752 |    0 | 20344 |     0 |
| 524    |    15752 |    0 | 20344 |     0 |
| 524+   |     5567 |    0 | 20344 |     0 |
| 525    |     5567 |    0 | 20344 |     0 |
| 525+   |     9485 |    1 | 13446 |     0 |
| 526    |     9485 |    1 | 13446 | 13446 |
| 526+   |     6269 |    1 |  3666 |     0 |
| 527    |     6269 |    1 |  3666 |  3666 |
| 527+   |     4663 |    1 | 31195 |     0 |
| 528    |     4663 |    1 | 31195 | 31195 |
| 528+   |     8309 |    0 | 31195 |     0 |
| 529    |     8309 |    0 | 31195 |     0 |
| 529+   |    14434 |    0 | 31195 |     0 |
| 530    |    14434 |    0 | 31195 |     0 |
| 530+   |     7176 |    1 | 12716 |     0 |
| 531    |     7176 |    1 | 12716 | 12716 |
| 531+   |     9993 |    1 | 27282 |     0 |
| 532    |     9993 |    1 | 27282 | 27282 |
| 532+   |    10568 |    1 | 26411 |     0 |
| 533    |    10568 |    1 | 26411 | 26411 |
| 533+   |     6239 |    1 |  9088 |     0 |
| 534    |     6239 |    1 |  9088 |  9088 |
| 534+   |    12019 |    0 |  9088 |     0 |
| 535    |    12019 |    0 |  9088 |     0 |
| 535+   |    16327 |    1 | 10780 |     0 |
| 536    |    16327 |    1 | 10780 | 10780 |
| 536+   |    14543 |    0 | 10780 |     0 |
| 537    |    14543 |    0 | 10780 |     0 |
| 537+   |    13327 |    0 | 10780 |     0 |
| 538    |    13327 |    0 | 10780 |     0 |
| 538+   |    15007 |    0 | 10780 |     0 |
| 539    |    15007 |    0 | 10780 |     0 |
| 539+   |     1356 |    1 | 25878 |     0 |
| 540    |     1356 |    1 | 25878 | 25878 |
| 540+   |     6839 |    0 | 25878 |     0 |
| 541    |     6839 |    0 | 25878 |     0 |
| 541+   |     9986 |    0 | 25878 |     0 |
| 542    |     9986 |    0 | 25878 |     0 |
| 542+   |    14695 |    1 | 19638 |     0 |
| 543    |    14695 |    1 | 19638 | 19638 |
| 543+   |    12630 |    0 | 19638 |     0 |
| 544    |    12630 |    0 | 19638 |     0 |
| 544+   |    15077 |    0 | 19638 |     0 |
| 545    |    15077 |    0 | 19638 |     0 |
| 545+   |    10331 |    0 | 19638 |     0 |
| 546    |    10331 |    0 | 19638 |     0 |
| 546+   |       65 |    0 | 19638 |     0 |
| 547    |       65 |    0 | 19638 |     0 |
| 547+   |    15393 |    1 | 30850 |     0 |
| 548    |    15393 |    1 | 30850 | 30850 |
| 548+   |     4240 |    1 | 27244 |     0 |
| 549    |     4240 |    1 | 27244 | 27244 |
| 549+   |    12745 |    0 | 27244 |     0 |
| 550    |    12745 |    0 | 27244 |     0 |
| 550+   |     6247 |    0 | 27244 |     0 |
| 551    |     6247 |    0 | 27244 |     0 |
| 551+   |     2519 |    0 | 27244 |     0 |
| 552    |     2519 |    0 | 27244 |     0 |
| 552+   |    15028 |    0 | 27244 |     0 |
| 553    |    15028 |    0 | 27244 |     0 |
| 553+   |    10014 |    0 | 27244 |     0 |
| 554    |    10014 |    0 | 27244 |     0 |
| 554+   |     3567 |    1 | 13160 |     0 |
| 555    |     3567 |    1 | 13160 | 13160 |
| 555+   |    12615 |    0 | 13160 |     0 |
| 556    |    12615 |    0 | 13160 |     0 |
| 556+   |       88 |    1 |  3882 |     0 |
| 557    |       88 |    1 |  3882 |  3882 |
| 557+   |     3346 |    0 |  3882 |     0 |
| 558    |     3346 |    0 |  3882 |     0 |
| 558+   |    16164 |    0 |  3882 |     0 |
| 559    |    16164 |    0 |  3882 |     0 |
| 559+   |     7453 |    1 | 11988 |     0 |
| 560    |     7453 |    1 | 11988 | 11988 |
| 560+   |     8337 |    0 | 11988 |     0 |
| 561    |     8337 |    0 | 11988 |     0 |
| 561+   |    13210 |    0 | 11988 |     0 |
| 562    |    13210 |    0 | 11988 |     0 |
| 562+   |     3954 |    0 | 11988 |     0 |
| 563    |     3954 |    0 | 11988 |     0 |
| 563+   |    12635 |    1 | 27168 |     0 |
| 564    |    12635 |    1 | 27168 | 27168 |
| 564+   |    13567 |    1 |  7486 |     0 |
| 565    |    13567 |    1 |  7486 |  7486 |
| 565+   |    10441 |    0 |  7486 |     0 |
| 566    |    10441 |    0 |  7486 |     0 |
| 566+   |    12540 |    1 | 31293 |     0 |
| 567    |    12540 |    1 | 31293 | 31293 |
| 567+   |     1044 |    1 |  8646 |     0 |
| 568    |     1044 |    1 |  8646 |  8646 |
| 568+   |     3369 |    1 | 21211 |     0 |
| 569    |     3369 |    1 | 21211 | 21211 |
| 569+   |     4195 |    0 | 21211 |     0 |
| 570    |     4195 |    0 | 21211 |     0 |
| 570+   |     4214 |    1 | 26679 |     0 |
| 571    |     4214 |    1 | 26679 | 26679 |
| 571+   |    12840 |    0 | 26679 |     0 |
| 572    |    12840 |    0 | 26679 |     0 |
| 572+   |     5049 |    0 | 26679 |     0 |
| 573    |     5049 |    0 | 26679 |     0 |
| 573+   |    15583 |    1 | 25176 |     0 |
| 574    |    15583 |    1 | 25176 | 25176 |
| 574+   |    13551 |    1 |  4729 |     0 |
| 575    |    13551 |    1 |  4729 |  4729 |
| 575+   |    14791 |    0 |  4729 |     0 |
| 576    |    14791 |    0 |  4729 |     0 |
| 576+   |     4178 |    1 | 20139 |     0 |
| 577    |     4178 |    1 | 20139 | 20139 |
| 577+   |     1932 |    0 | 20139 |     0 |
| 578    |     1932 |    0 | 20139 |     0 |
| 578+   |    10666 |    0 | 20139 |     0 |
| 579    |    10666 |    0 | 20139 |     0 |
| 579+   |     2988 |    0 | 20139 |     0 |
| 580    |     2988 |    0 | 20139 |     0 |
| 580+   |     1525 |    1 | 30083 |     0 |
| 581    |     1525 |    1 | 30083 | 30083 |
| 581+   |     6298 |    1 |  3744 |     0 |
| 582    |     6298 |    1 |  3744 |  3744 |
| 582+   |     9341 |    1 | 10751 |     0 |
| 583    |     9341 |    1 | 10751 | 10751 |
| 583+   |     8568 |    1 |  6628 |     0 |
| 584    |     8568 |    1 |  6628 |  6628 |
| 584+   |     7812 |    0 |  6628 |     0 |
| 585    |     7812 |    0 |  6628 |     0 |
| 585+   |     9605 |    0 |  6628 |     0 |
| 586    |     9605 |    0 |  6628 |     0 |
| 586+   |    13850 |    0 |  6628 |     0 |
| 587    |    13850 |    0 |  6628 |     0 |
| 587+   |    12105 |    0 |  6628 |     0 |
| 588    |    12105 |    0 |  6628 |     0 |
| 588+   |     8035 |    1 |  1351 |     0 |
| 589    |     8035 |    1 |  1351 |  1351 |
| 589+   |     7657 |    0 |  1351 |     0 |
| 590    |     7657 |    0 |  1351 |     0 |
| 590+   |     6944 |    0 |  1351 |     0 |
| 591    |     6944 |    0 |  1351 |     0 |
| 591+   |    13669 |    1 | 23558 |     0 |
| 592    |    13669 |    1 | 23558 | 23558 |
| 592+   |     2938 |    1 | 31492 |     0 |
| 593    |     2938 |    1 | 31492 | 31492 |
| 593+   |    11634 |    0 | 31492 |     0 |
| 594    |    11634 |    0 | 31492 |     0 |
| 594+   |     2461 |    1 | 16700 |     0 |
| 595    |     2461 |    1 | 16700 | 16700 |
| 595+   |    10559 |    0 | 16700 |     0 |
| 596    |    10559 |    0 | 16700 |     0 |
| 596+   |     1835 |    1 |  1566 |     0 |
| 597    |     1835 |    1 |  1566 |  1566 |
| 597+   |    13834 |    1 |  7549 |     0 |
| 598    |    13834 |    1 |  7549 |  7549 |
| 598+   |     7238 |    0 |  7549 |     0 |
| 599    |     7238 |    0 |  7549 |     0 |
| 599+   |    14955 |    0 |  7549 |     0 |
| 600    |    14955 |    0 |  7549 |     0 |
| 600+   |      787 |    0 |  7549 |     0 |
| 601    |      787 |    0 |  7549 |     0 |
| 601+   |     8078 |    1 | 19150 |     0 |
| 602    |     8078 |    1 | 19150 | 19150 |
| 602+   |     3210 |    0 | 19150 |     0 |
| 603    |     3210 |    0 | 19150 |     0 |
| 603+   |     1071 |    0 | 19150 |     0 |
| 604    |     1071 |    0 | 19150 |     0 |
| 604+   |    13415 |    1 | 18499 |     0 |
| 605    |    13415 |    1 | 18499 | 18499 |
| 605+   |     5978 |    1 |  7081 |     0 |
| 606    |     5978 |    1 |  7081 |  7081 |
| 606+   |    15592 |    0 |  7081 |     0 |
| 607    |    15592 |    0 |  7081 |     0 |
| 607+   |     1321 |    1 | 32116 |     0 |
| 608    |     1321 |    1 | 32116 | 32116 |
| 608+   |     9226 |    0 | 32116 |     0 |
| 609    |     9226 |    0 | 32116 |     0 |
| 609+   |    11850 |    0 | 32116 |     0 |
| 610    |    11850 |    0 | 32116 |     0 |
| 610+   |    11988 |    0 | 32116 |     0 |
| 611    |    11988 |    0 | 32116 |     0 |
| 611+   |    16362 |    0 | 32116 |     0 |
| 612    |    16362 |    0 | 32116 |     0 |
| 612+   |    10798 |    1 |  5205 |     0 |
| 613    |    10798 |    1 |  5205 |  5205 |
| 613+   |    12095 |    1 | 26220 |     0 |
| 614    |    12095 |    1 | 26220 | 26220 |
| 614+   |     3375 |    0 | 26220 |     0 |
| 615    |     3375 |    0 | 26220 |     0 |
| 615+   |     7885 |    1 |  5549 |     0 |
| 616    |     7885 |    1 |  5549 |  5549 |
| 616+   |     5763 |    0 |  5549 |     0 |
| 617    |     5763 |    0 |  5549 |     0 |
| 617+   |     9539 |    1 | 25977 |     0 |
| 618    |     9539 |    1 | 25977 | 25977 |
| 618+   |    13141 |    1 | 31354 |     0 |
| 619    |    13141 |    1 | 31354 | 31354 |
| 619+   |    13354 |    0 | 31354 |     0 |
| 620    |    13354 |    0 | 31354 |     0 |
| 620+   |     2371 |    1 | 11591 |     0 |
| 621    |     2371 |    1 | 11591 | 11591 |
| 621+   |     4358 |    1 | 19087 |     0 |
| 622    |     4358 |    1 | 19087 | 19087 |
| 622+   |     7580 |    1 | 22760 |     0 |
| 623    |     7580 |    1 | 22760 | 22760 |
| 623+   |    13077 |    0 | 22760 |     0 |
| 624    |    13077 |    0 | 22760 |     0 |
| 624+   |    14253 |    1 | 15980 |     0 |
| 625    |    14253 |    1 | 15980 | 15980 |
| 625+   |     5451 |    0 | 15980 |     0 |
| 626    |     5451 |    0 | 15980 |     0 |
| 626+   |     1446 |    1 | 14756 |     0 |
| 627    |     1446 |    1 | 14756 | 14756 |
| 627+   |    12188 |    0 | 14756 |     0 |
| 628    |    12188 |    0 | 14756 |     0 |
| 628+   |    10079 |    1 |  8214 |     0 |
| 629    |    10079 |    1 |  8214 |  8214 |
| 629+   |     6823 |    0 |  8214 |     0 |
| 630    |     6823 |    0 |  8214 |     0 |
| 630+   |     5686 |    1 | 12201 |     0 |
| 631    |     5686 |    1 | 12201 | 12201 |
| 631+   |    10527 |    0 | 12201 |     0 |
| 632    |    10527 |    0 | 12201 |     0 |
| 632+   |    13034 |    0 | 12201 |     0 |
| 633    |    13034 |    0 | 12201 |     0 |
| 633+   |    11472 |    0 | 12201 |     0 |
| 634    |    11472 |    0 | 12201 |     0 |
| 634+   |     1665 |    1 | 10749 |     0 |
| 635    |     1665 |    1 | 10749 | 10749 |
| 635+   |    15295 |    1 |  5203 |     0 |
| 636    |    15295 |    1 |  5203 |  5203 |
| 636+   |     1933 |    1 | 24173 |     0 |
| 637    |     1933 |    1 | 24173 | 24173 |
| 637+   |     1765 |    0 | 24173 |     0 |
| 638    |     1765 |    0 | 24173 |     0 |
| 638+   |     1476 |    1 | 10737 |     0 |
| 639    |     1476 |    1 | 10737 | 10737 |
| 639+   |    14054 |    0 | 10737 |     0 |
| 640    |    14054 |    0 | 10737 |     0 |
| 640+   |     6979 |    1 | 31705 |     0 |
| 641    |     6979 |    1 | 31705 | 31705 |
| 641+   |    16026 |    0 | 31705 |     0 |
| 642    |    16026 |    0 | 31705 |     0 |
| 642+   |     3826 |    1 | 21000 |     0 |
| 643    |     3826 |    1 | 21000 | 21000 |
| 643+   |     6953 |    0 | 21000 |     0 |
| 644    |     6953 |    0 | 21000 |     0 |
| 644+   |      568 |    1 |  5031 |     0 |
| 645    |      568 |    1 |  5031 |  5031 |
| 645+   |     7529 |    0 |  5031 |     0 |
| 646    |     7529 |    0 |  5031 |     0 |
| 646+   |    15941 |    1 | 11869 |     0 |
| 647    |    15941 |    1 | 11869 | 11869 |
| 647+   |    10129 |    1 | 20418 |     0 |
| 648    |    10129 |    1 | 20418 | 20418 |
| 648+   |    12443 |    1 | 18418 |     0 |
| 649    |    12443 |    1 | 18418 | 18418 |
| 649+   |     8383 |    1 | 26783 |     0 |
| 650    |     8383 |    1 | 26783 | 26783 |
| 650+   |     1932 |    0 | 26783 |     0 |
| 651    |     1932 |    0 | 26783 |     0 |
| 651+   |    13427 |    1 | 25917 |     0 |
| 652    |    13427 |    1 | 25917 | 25917 |
| 652+   |     7669 |    1 | 18640 |     0 |
| 653    |     7669 |    1 | 18640 | 18640 |
| 653+   |    10058 |    1 |  8116 |     0 |
| 654    |    10058 |    1 |  8116 |  8116 |
| 654+   |     4359 |    0 |  8116 |     0 |
| 655    |     4359 |    0 |  8116 |     0 |
| 655+   |    15264 |    0 |  8116 |     0 |
| 656    |    15264 |    0 |  8116 |     0 |
| 656+   |    15011 |    1 | 29362 |     0 |
| 657    |    15011 |    1 | 29362 | 29362 |
| 657+   |     5712 |    0 | 29362 |     0 |
| 658    |     5712 |    0 | 29362 |     0 |
| 658+   |    11844 |    1 | 20030 |     0 |
| 659    |    11844 |    1 | 20030 | 20030 |
| 659+   |     8095 |    0 | 20030 |     0 |
| 660    |     8095 |    0 | 20030 |     0 |
| 660+   |      548 |    1 |  6537 |     0 |
| 661    |      548 |    1 |  6537 |  6537 |
| 661+   |     5910 |    0 |  6537 |     0 |
| 662    |     5910 |    0 |  6537 |     0 |
| 662+   |     7326 |    0 |  6537 | 11140 |
| 663    |     7326 |    0 |  6537 | 11140 |
| 663+   |    10378 |    1 |   259 |     0 |
| 664    |    10378 |    1 |   259 |   259 |
| 664+   |    16113 |    1 | 25486 |     0 |
| 665    |    16113 |    1 | 25486 | 25486 |
| 665+   |    15932 |    0 | 25486 |     0 |
| 666    |    15932 |    0 | 25486 |     0 |
| 666+   |     7329 |    1 |  6320 |     0 |
| 667    |     7329 |    1 |  6320 |  6320 |
| 667+   |    12253 |    1 |   163 |     0 |
| 668    |    12253 |    1 |   163 |   163 |
| 668+   |     2255 |    1 | 22591 |     0 |
| 669    |     2255 |    1 | 22591 | 22591 |
| 669+   |     8636 |    1 | 15527 |     0 |
| 670    |     8636 |    1 | 15527 | 15527 |
| 670+   |     8849 |    1 | 21745 |     0 |
| 671    |     8849 |    1 | 21745 | 21745 |
| 671+   |    14625 |    1 |  7941 |     0 |
| 672    |    14625 |    1 |  7941 |  7941 |
| 672+   |     7413 |    1 | 10655 |     0 |
| 673    |     7413 |    1 | 10655 | 10655 |
| 673+   |    16253 |    0 | 10655 |     0 |
| 674    |    16253 |    0 | 10655 |     0 |
| 674+   |     1507 |    1 | 18719 |     0 |
| 675    |     1507 |    1 | 18719 | 18719 |
| 675+   |     8927 |    0 | 18719 |     0 |
| 676    |     8927 |    0 | 18719 |     0 |
| 676+   |    12222 |    1 | 11411 |     0 |
| 677    |    12222 |    1 | 11411 | 11411 |
| 677+   |    11270 |    0 | 11411 |     0 |
| 678    |    11270 |    0 | 11411 |     0 |
| 678+   |    15694 |    0 | 11411 |     0 |
| 679    |    15694 |    0 | 11411 |     0 |
| 679+   |     1169 |    1 |  2059 |     0 |
| 680    |     1169 |    1 |  2059 |  2059 |
| 680+   |    12701 |    1 |  5221 |     0 |
| 681    |    12701 |    1 |  5221 |  5221 |
| 681+   |     7439 |    0 |  5221 |     0 |
| 682    |     7439 |    0 |  5221 |     0 |
| 682+   |    12582 |    1 |  8606 |     0 |
| 683    |    12582 |    1 |  8606 |  8606 |
| 683+   |     8212 |    1 |  9579 |     0 |
| 684    |     8212 |    1 |  9579 |  9579 |
| 684+   |     7413 |    0 |  9579 | 10655 |
| 685    |     7413 |    0 |  9579 | 10655 |
| 685+   |     1438 |    1 |  6993 |     0 |
| 686    |     1438 |    1 |  6993 |  6993 |
| 686+   |    12741 |    0 |  6993 |     0 |
| 687    |    12741 |    0 |  6993 |     0 |
| 687+   |    11496 |    0 |  6993 |     0 |
| 688    |    11496 |    0 |  6993 |     0 |
| 688+   |     5408 |    1 | 10129 |     0 |
| 689    |     5408 |    1 | 10129 | 10129 |
| 689+   |    14248 |    1 | 21885 |     0 |
| 690    |    14248 |    1 | 21885 | 21885 |
| 690+   |    15458 |    0 | 21885 |     0 |
| 691    |    15458 |    0 | 21885 |     0 |
| 691+   |     4833 |    0 | 21885 |     0 |
| 692    |     4833 |    0 | 21885 |     0 |
| 692+   |      900 |    1 | 10455 |     0 |
| 693    |      900 |    1 | 10455 | 10455 |
| 693+   |     8278 |    1 | 20099 |     0 |
| 694    |     8278 |    1 | 20099 | 20099 |
| 694+   |     1267 |    1 | 19889 |     0 |
| 695    |     1267 |    1 | 19889 | 19889 |
| 695+   |     6577 |    1 |  5487 |     0 |
| 696    |     6577 |    1 |  5487 |  5487 |
| 696+   |    16339 |    0 |  5487 |     0 |
| 697    |    16339 |    0 |  5487 |     0 |
| 697+   |     8524 |    1 | 25606 |     0 |
| 698    |     8524 |    1 | 25606 | 25606 |
| 698+   |    12329 |    1 | 23299 |     0 |
| 699    |    12329 |    1 | 23299 | 23299 |
| 699+   |     7910 |    0 | 23299 |     0 |
| 700    |     7910 |    0 | 23299 |     0 |
| 700+   |     7412 |    0 | 23299 |     0 |
| 701    |     7412 |    0 | 23299 |     0 |
| 701+   |     1540 |    1 | 13903 |     0 |
| 702    |     1540 |    1 | 13903 | 13903 |
| 702+   |    11807 |    1 |  1475 |     0 |
| 703    |    11807 |    1 |  1475 |  1475 |
| 703+   |     4924 |    1 | 13541 |     0 |
| 704    |     4924 |    1 | 13541 | 13541 |
| 704+   |     5350 |    0 | 13541 |     0 |
| 705    |     5350 |    0 | 13541 |     0 |
| 705+   |    14931 |    0 | 13541 |     0 |
| 706    |    14931 |    0 | 13541 |     0 |
| 706+   |     4615 |    0 | 13541 |     0 |
| 707    |     4615 |    0 | 13541 |     0 |
| 707+   |    10776 |    1 | 25331 |     0 |
| 708    |    10776 |    1 | 25331 | 25331 |
| 708+   |     6319 |    1 |  3337 |     0 |
| 709    |     6319 |    1 |  3337 |  3337 |
| 709+   |     5908 |    1 | 15281 |     0 |
| 710    |     5908 |    1 | 15281 | 15281 |
| 710+   |    12505 |    0 | 15281 |     0 |
| 711    |    12505 |    0 | 15281 |     0 |
| 711+   |     6481 |    1 |  1553 |     0 |
| 712    |     6481 |    1 |  1553 |  1553 |
| 712+   |     3669 |    0 |  1553 |     0 |
| 713    |     3669 |    0 |  1553 |     0 |
| 713+   |     9471 |    0 |  1553 |     0 |
| 714    |     9471 |    0 |  1553 |     0 |
| 714+   |     6089 |    0 |  1553 |     0 |
| 715    |     6089 |    0 |  1553 |     0 |
| 715+   |    10696 |    1 | 26562 |     0 |
| 716    |    10696 |    1 | 26562 | 26562 |
| 716+   |     5484 |    1 | 20682 |     0 |
| 717    |     5484 |    1 | 20682 | 20682 |
| 717+   |    10004 |    0 | 20682 |     0 |
| 718    |    10004 |    0 | 20682 |     0 |
| 718+   |     4243 |    1 | 21646 |     0 |
| 719    |     4243 |    1 | 21646 | 21646 |
| 719+   |       16 |    1 |  6982 |     0 |
| 720    |       16 |    1 |  6982 |  6982 |
| 720+   |     8992 |    0 |  6982 |     0 |
| 721    |     8992 |    0 |  6982 |     0 |
| 721+   |      488 |    0 |  6982 |     0 |
| 722    |      488 |    0 |  6982 |     0 |
| 722+   |    16117 |    0 |  6982 |     0 |
| 723    |    16117 |    0 |  6982 |     0 |
| 723+   |    10105 |    1 |   810 |     0 |
| 724    |    10105 |    1 |   810 |   810 |
| 724+   |     6496 |    1 | 30109 |     0 |
| 725    |     6496 |    1 | 30109 | 30109 |
| 725+   |    13056 |    1 | 11507 |     0 |
| 726    |    13056 |    1 | 11507 | 11507 |
| 726+   |    14127 |    0 | 11507 |     0 |
| 727    |    14127 |    0 | 11507 |     0 |
| 727+   |     2687 |    1 | 10893 |     0 |
| 728    |     2687 |    1 | 10893 | 10893 |
| 728+   |     3419 |    0 | 10893 |     0 |
| 729    |     3419 |    0 | 10893 |     0 |
| 729+   |    13383 |    1 | 19061 |     0 |
| 730    |    13383 |    1 | 19061 | 19061 |
| 730+   |     2662 |    1 | 17873 |     0 |
| 731    |     2662 |    1 | 17873 | 17873 |
| 731+   |    10696 |    0 | 17873 | 26562 |
| 732    |    10696 |    0 | 17873 | 26562 |
| 732+   |    14578 |    1 | 13883 |     0 |
| 733    |    14578 |    1 | 13883 | 13883 |
| 733+   |     4983 |    0 | 13883 |     0 |
| 734    |     4983 |    0 | 13883 |     0 |
| 734+   |     8736 |    1 | 22025 |     0 |
| 735    |     8736 |    1 | 22025 | 22025 |
| 735+   |    14722 |    1 |  9483 |     0 |
| 736    |    14722 |    1 |  9483 |  9483 |
| 736+   |    11757 |    1 | 30236 |     0 |
| 737    |    11757 |    1 | 30236 | 30236 |
| 737+   |     9952 |    1 |   263 |     0 |
| 738    |     9952 |    1 |   263 |   263 |
| 738+   |     7728 |    0 |   263 |     0 |
| 739    |     7728 |    0 |   263 |     0 |
| 739+   |     3042 |    1 | 13929 |     0 |
| 740    |     3042 |    1 | 13929 | 13929 |
| 740+   |    10247 |    0 | 13929 |     0 |
| 741    |    10247 |    0 | 13929 |     0 |
| 741+   |    10690 |    1 | 14316 |     0 |
| 742    |    10690 |    1 | 14316 | 14316 |
| 742+   |      249 |    0 | 14316 |     0 |
| 743    |      249 |    0 | 14316 |     0 |
| 743+   |     2308 |    0 | 14316 |     0 |
| 744    |     2308 |    0 | 14316 |     0 |
| 744+   |     7460 |    0 | 14316 |     0 |
| 745    |     7460 |    0 | 14316 |     0 |
| 745+   |    16025 |    0 | 14316 |     0 |
| 746    |    16025 |    0 | 14316 |     0 |
| 746+   |    11360 |    1 | 17481 |     0 |
| 747    |    11360 |    1 | 17481 | 17481 |
| 747+   |     7239 |    1 | 17687 |     0 |
| 748    |     7239 |    1 | 17687 | 17687 |
| 748+   |     1149 |    1 | 13746 |     0 |
| 749    |     1149 |    1 | 13746 | 13746 |
| 749+   |    15362 |    1 | 30944 |     0 |
| 750    |    15362 |    1 | 30944 | 30944 |
| 750+   |     9003 |    0 | 30944 |     0 |
| 751    |     9003 |    0 | 30944 |     0 |
| 751+   |     2546 |    0 | 30944 |     0 |
| 752    |     2546 |    0 | 30944 |     0 |
| 752+   |    13011 |    1 | 32511 |     0 |
| 753    |    13011 |    1 | 32511 | 32511 |
| 753+   |    14760 |    0 | 32511 |     0 |
| 754    |    14760 |    0 | 32511 |     0 |
| 754+   |    16198 |    1 |  5834 |     0 |
| 755    |    16198 |    1 |  5834 |  5834 |
| 755+   |    15805 |    0 |  5834 |     0 |
| 756    |    15805 |    0 |  5834 |     0 |
| 756+   |    12753 |    0 |  5834 |     0 |
| 757    |    12753 |    0 |  5834 |     0 |
| 757+   |     1634 |    1 |  5360 |     0 |
| 758    |     1634 |    1 |  5360 |  5360 |
| 758+   |    13811 |    0 |  5360 |     0 |
| 759    |    13811 |    0 |  5360 |     0 |
| 759+   |    12357 |    1 | 20875 |     0 |
| 760    |    12357 |    1 | 20875 | 20875 |
| 760+   |    11725 |    0 | 20875 |     0 |
| 761    |    11725 |    0 | 20875 |     0 |
| 761+   |     4119 |    0 | 20875 |     0 |
| 762    |     4119 |    0 | 20875 |     0 |
| 762+   |     5500 |    0 | 20875 |     0 |
| 763    |     5500 |    0 | 20875 |     0 |
| 763+   |     1885 |    0 | 20875 |     0 |
| 764    |     1885 |    0 | 20875 |     0 |
| 764+   |     5678 |    1 | 15899 |     0 |
| 765    |     5678 |    1 | 15899 | 15899 |
| 765+   |     4424 |    1 |  9571 |     0 |
| 766    |     4424 |    1 |  9571 |  9571 |
| 766+   |     8065 |    0 |  9571 |     0 |
| 767    |     8065 |    0 |  9571 |     0 |
| 767+   |      145 |    1 | 25744 |     0 |
| 768    |      145 |    1 | 25744 | 25744 |
| 768+   |     2924 |    0 | 25744 |     0 |
| 769    |     2924 |    0 | 25744 |     0 |
| 769+   |     1473 |    1 | 15906 |     0 |
| 770    |     1473 |    1 | 15906 | 15906 |
| 770+   |      158 |    1 |  7463 |     0 |
| 771    |      158 |    1 |  7463 |  7463 |
| 771+   |     7829 |    0 |  7463 |     0 |
| 772    |     7829 |    0 |  7463 |     0 |
| 772+   |    15729 |    0 |  7463 |     0 |
| 773    |    15729 |    0 |  7463 |     0 |
| 773+   |    13940 |    1 | 14066 |     0 |
| 774    |    13940 |    1 | 14066 | 14066 |
| 774+   |     5076 |    1 | 14996 |     0 |
| 775    |     5076 |    1 | 14996 | 14996 |
| 775+   |    10891 |    0 | 14996 |     0 |
| 776    |    10891 |    0 | 14996 |     0 |
| 776+   |    15724 |    0 | 14996 |     0 |
| 777    |    15724 |    0 | 14996 |     0 |
| 777+   |     3636 |    1 | 31165 |     0 |
| 778    |     3636 |    1 | 31165 | 31165 |
| 778+   |    11580 |    0 | 31165 |     0 |
| 779    |    11580 |    0 | 31165 |     0 |
| 779+   |     8434 |    0 | 31165 |     0 |
| 780    |     8434 |    0 | 31165 |     0 |
| 780+   |    10728 |    1 | 18524 |     0 |
| 781    |    10728 |    1 | 18524 | 18524 |
| 781+   |      320 |    1 |  6913 |     0 |
| 782    |      320 |    1 |  6913 |  6913 |
| 782+   |    10119 |    1 | 32103 |     0 |
| 783    |    10119 |    1 | 32103 | 32103 |
| 783+   |    16108 |    1 |  3150 |     0 |
| 784    |    16108 |    1 |  3150 |  3150 |
| 784+   |    12061 |    0 |  3150 |     0 |
| 785    |    12061 |    0 |  3150 |     0 |
| 785+   |    13528 |    0 |  3150 |     0 |
| 786    |    13528 |    0 |  3150 |     0 |
| 786+   |     9723 |    1 | 14268 |     0 |
| 787    |     9723 |    1 | 14268 | 14268 |
| 787+   |     2721 |    1 | 13046 |     0 |
| 788    |     2721 |    1 | 13046 | 13046 |
| 788+   |     2202 |    0 | 13046 |     0 |
| 789    |     2202 |    0 | 13046 |     0 |
| 789+   |     6885 |    1 | 32388 |     0 |
| 790    |     6885 |    1 | 32388 | 32388 |
| 790+   |    13360 |    1 |  1759 |     0 |
| 791    |    13360 |    1 |  1759 |  1759 |
| 791+   |     3635 |    1 |  9697 |     0 |
| 792    |     3635 |    1 |  9697 |  9697 |
| 792+   |     7729 |    1 | 27656 |     0 |
| 793    |     7729 |    1 | 27656 | 27656 |
| 793+   |     6152 |    1 |  8220 |     0 |
| 794    |     6152 |    1 |  8220 |  8220 |
| 794+   |     5664 |    0 |  8220 |     0 |
| 795    |     5664 |    0 |  8220 |     0 |
| 795+   |    12593 |    0 |  8220 |     0 |
| 796    |    12593 |    0 |  8220 |     0 |
| 796+   |    15363 |    0 |  8220 |     0 |
| 797    |    15363 |    0 |  8220 |     0 |
| 797+   |    13568 |    1 |  5999 |     0 |
| 798    |    13568 |    1 |  5999 |  5999 |
| 798+   |     1570 |    0 |  5999 |     0 |
| 799    |     1570 |    0 |  5999 |     0 |
| 799+   |     1894 |    1 | 27447 |     0 |
| 800    |     1894 |    1 | 27447 | 27447 |
| 800+   |     5655 |    0 | 27447 |     0 |
| 801    |     5655 |    0 | 27447 |     0 |
| 801+   |    10444 |    0 | 27447 |     0 |
| 802    |    10444 |    0 | 27447 |     0 |
| 802+   |     8698 |    0 | 27447 |     0 |
| 803    |     8698 |    0 | 27447 |     0 |
| 803+   |    13840 |    0 | 27447 |     0 |
| 804    |    13840 |    0 | 27447 |     0 |
| 804+   |     2045 |    1 |  4880 | 26819 |
| 805    |     2045 |    1 |  4880 |  4880 |
| 805+   |       93 |    1 | 19281 |     0 |
| 806    |       93 |    1 | 19281 | 19281 |
| 806+   |    14779 |    1 | 12316 |     0 |
| 807    |    14779 |    1 | 12316 | 12316 |
| 807+   |    14694 |    1 | 21363 |     0 |
| 808    |    14694 |    1 | 21363 | 21363 |
| 808+   |     9728 |    1 | 24835 |     0 |
| 809    |     9728 |    1 | 24835 | 24835 |
| 809+   |    11255 |    0 | 24835 |     0 |
| 810    |    11255 |    0 | 24835 |     0 |
| 810+   |     6813 |    1 |   573 |     0 |
| 811    |     6813 |    1 |   573 |   573 |
| 811+   |     4398 |    0 |   573 |     0 |
| 812    |     4398 |    0 |   573 |     0 |
| 812+   |    13675 |    0 |   573 |     0 |
| 813    |    13675 |    0 |   573 |     0 |
| 813+   |      775 |    1 | 26114 |     0 |
| 814    |      775 |    1 | 26114 | 26114 |
| 814+   |     8842 |    0 | 26114 |     0 |
| 815    |     8842 |    0 | 26114 |     0 |
| 815+   |      709 |    0 | 26114 |     0 |
| 816    |      709 |    0 | 26114 |     0 |
| 816+   |     5869 |    1 |  6117 |     0 |
| 817    |     5869 |    1 |  6117 |  6117 |
| 817+   |    11689 |    0 |  6117 |     0 |
| 818    |    11689 |    0 |  6117 |     0 |
| 818+   |     9610 |    1 | 25713 |     0 |
| 819    |     9610 |    1 | 25713 | 25713 |
| 819+   |      231 |    0 | 25713 |     0 |
| 820    |      231 |    0 | 25713 |     0 |
| 820+   |     5618 |    0 | 25713 |     0 |
| 821    |     5618 |    0 | 25713 |     0 |
| 821+   |     2195 |    1 | 26115 |     0 |
| 822    |     2195 |    1 | 26115 | 26115 |
| 822+   |     7633 |    1 | 31795 |     0 |
| 823    |     7633 |    1 | 31795 | 31795 |
| 823+   |     6515 |    1 |  9959 |     0 |
| 824    |     6515 |    1 |  9959 |  9959 |
| 824+   |    13628 |    0 |  9959 |     0 |
| 825    |    13628 |    0 |  9959 |     0 |
| 825+   |    13494 |    0 |  9959 |     0 |
| 826    |    13494 |    0 |  9959 |     0 |
| 826+   |     4186 |    1 | 13313 |     0 |
| 827    |     4186 |    1 | 13313 | 13313 |
| 827+   |     3284 |    1 | 13433 |     0 |
| 828    |     3284 |    1 | 13433 | 13433 |
| 828+   |     5616 |    1 |  2107 |     0 |
| 829    |     5616 |    1 |  2107 |  2107 |
| 829+   |     7996 |    1 |  8748 |     0 |
| 830    |     7996 |    1 |  8748 |  8748 |
| 830+   |    11313 |    1 | 31514 |     0 |
| 831    |    11313 |    1 | 31514 | 31514 |
| 831+   |    16242 |    1 | 20498 |     0 |
| 832    |    16242 |    1 | 20498 | 20498 |
| 832+   |      502 |    0 | 20498 |     0 |
| 833    |      502 |    0 | 20498 |     0 |
| 833+   |     5977 |    0 | 20498 |     0 |
| 834    |     5977 |    0 | 20498 |     0 |
| 834+   |     7978 |    0 | 20498 |     0 |
| 835    |     7978 |    0 | 20498 |     0 |
| 835+   |    10307 |    0 | 20498 |     0 |
| 836    |    10307 |    0 | 20498 |     0 |
| 836+   |     1207 |    1 | 29903 |     0 |
| 837    |     1207 |    1 | 29903 | 29903 |
| 837+   |    16278 |    0 | 29903 |     0 |
| 838    |    16278 |    0 | 29903 |     0 |
| 838+   |     3847 |    1 | 17148 |     0 |
| 839    |     3847 |    1 | 17148 | 17148 |
| 839+   |    12380 |    0 | 17148 |     0 |
| 840    |    12380 |    0 | 17148 |     0 |
| 840+   |    14740 |    1 | 29599 |     0 |
| 841    |    14740 |    1 | 29599 | 29599 |
| 841+   |    13221 |    0 | 29599 |     0 |
| 842    |    13221 |    0 | 29599 |     0 |
| 842+   |     7234 |    1 |   585 |     0 |
| 843    |     7234 |    1 |   585 |   585 |
| 843+   |     8208 |    0 |   585 |     0 |
| 844    |     8208 |    0 |   585 |     0 |
| 844+   |     3074 |    0 |   585 |     0 |
| 845    |     3074 |    0 |   585 |     0 |
| 845+   |    14377 |    0 |   585 |     0 |
| 846    |    14377 |    0 |   585 |     0 |
| 846+   |     6960 |    0 |   585 |     0 |
| 847    |     6960 |    0 |   585 |     0 |
| 847+   |     3136 |    1 |  3105 |     0 |
| 848    |     3136 |    1 |  3105 |  3105 |
| 848+   |    11018 |    1 | 31249 |     0 |
| 849    |    11018 |    1 | 31249 | 31249 |
| 849+   |    11164 |    0 | 31249 |     0 |
| 850    |    11164 |    0 | 31249 |     0 |
| 850+   |    11511 |    1 | 26612 |     0 |
| 851    |    11511 |    1 | 26612 | 26612 |
| 851+   |    10544 |    1 | 19236 |     0 |
| 852    |    10544 |    1 | 19236 | 19236 |
| 852+   |    14833 |    0 | 19236 |     0 |
| 853    |    14833 |    0 | 19236 |     0 |
| 853+   |    13583 |    1 |  6507 |     0 |
| 854    |    13583 |    1 |  6507 |  6507 |
| 854+   |    10762 |    0 |  6507 |     0 |
| 855    |    10762 |    0 |  6507 |     0 |
| 855+   |     6389 |    1 | 10817 |     0 |
| 856    |     6389 |    1 | 10817 | 10817 |
| 856+   |     8568 |    1 | 21842 |  6628 |
| 857    |     8568 |    1 | 21842 | 21842 |
| 857+   |     1894 |    0 | 21842 | 27447 |
| 858    |     1894 |    0 | 21842 | 27447 |
| 858+   |     5409 |    1 | 28244 |     0 |
| 859    |     5409 |    1 | 28244 | 28244 |
| 859+   |     2681 |    0 | 28244 |     0 |
| 860    |     2681 |    0 | 28244 |     0 |
| 860+   |    10839 |    1 | 14916 |     0 |
| 861    |    10839 |    1 | 14916 | 14916 |
| 861+   |    15558 |    1 | 15313 |     0 |
| 862    |    15558 |    1 | 15313 | 15313 |
| 862+   |    13335 |    0 | 15313 |     0 |
| 863    |    13335 |    0 | 15313 |     0 |
| 863+   |    10433 |    1 | 22906 |     0 |
| 864    |    10433 |    1 | 22906 | 22906 |
| 864+   |    11375 |    0 | 22906 |     0 |
| 865    |    11375 |    0 | 22906 |     0 |
| 865+   |    10573 |    1 | 26718 |     0 |
| 866    |    10573 |    1 | 26718 | 26718 |
| 866+   |    13424 |    1 | 21151 |     0 |
| 867    |    13424 |    1 | 21151 | 21151 |
| 867+   |     3570 |    0 | 21151 |     0 |
| 868    |     3570 |    0 | 21151 |     0 |
| 868+   |    14658 |    0 | 21151 |  5772 |
| 869    |    14658 |    0 | 21151 |  5772 |
| 869+   |     6174 |    0 | 21151 |     0 |
| 870    |     6174 |    0 | 21151 |     0 |
| 870+   |    13827 |    1 | 30449 |     0 |
| 871    |    13827 |    1 | 30449 | 30449 |
| 871+   |    14167 |    0 | 30449 |     0 |
| 872    |    14167 |    0 | 30449 |     0 |
| 872+   |     2117 |    0 | 30449 |     0 |
| 873    |     2117 |    0 | 30449 |     0 |
| 873+   |     9519 |    1 | 13896 |     0 |
| 874    |     9519 |    1 | 13896 | 13896 |
| 874+   |    11071 |    0 | 13896 |     0 |
| 875    |    11071 |    0 | 13896 |     0 |
| 875+   |     3452 |    1 | 18520 |     0 |
| 876    |     3452 |    1 | 18520 | 18520 |
| 876+   |      954 |    1 | 23931 |     0 |
| 877    |      954 |    1 | 23931 | 23931 |
| 877+   |     5132 |    1 | 21266 |     0 |
| 878    |     5132 |    1 | 21266 | 21266 |
| 878+   |    16332 |    0 | 21266 |     0 |
| 879    |    16332 |    0 | 21266 |     0 |
| 879+   |     2517 |    1 | 19608 |     0 |
| 880    |     2517 |    1 | 19608 | 19608 |
| 880+   |     4461 |    0 | 19608 |     0 |
| 881    |     4461 |    0 | 19608 |     0 |
| 881+   |      702 |    0 | 19608 |     0 |
| 882    |      702 |    0 | 19608 |     0 |
| 882+   |    12113 |    1 | 21077 |     0 |
| 883    |    12113 |    1 | 21077 | 21077 |
| 883+   |    14309 |    0 | 21077 |     0 |
| 884    |    14309 |    0 | 21077 |     0 |
| 884+   |    15845 |    0 | 21077 |     0 |
| 885    |    15845 |    0 | 21077 |     0 |
| 885+   |     1775 |    0 | 21077 |     0 |
| 886    |     1775 |    0 | 21077 |     0 |
| 886+   |     4195 |    0 | 21077 |     0 |
| 887    |     4195 |    0 | 21077 |     0 |
| 887+   |     7382 |    1 |  3731 |     0 |
| 888    |     7382 |    1 |  3731 |  3731 |
| 888+   |     3061 |    1 | 18226 |     0 |
| 889    |     3061 |    1 | 18226 | 18226 |
| 889+   |     6022 |    0 | 18226 |     0 |
| 890    |     6022 |    0 | 18226 |     0 |
| 890+   |     2965 |    0 | 18226 |     0 |
| 891    |     2965 |    0 | 18226 |     0 |
| 891+   |    13363 |    1 |   916 |     0 |
| 892    |    13363 |    1 |   916 |   916 |
| 892+   |    13265 |    1 | 11824 |     0 |
| 893    |    13265 |    1 | 11824 | 11824 |
| 893+   |       69 |    1 | 15706 |     0 |
| 894    |       69 |    1 | 15706 | 15706 |
| 894+   |     8193 |    1 | 16285 |     0 |
| 895    |     8193 |    1 | 16285 | 16285 |
| 895+   |    13702 |    0 | 16285 |     0 |
| 896    |    13702 |    0 | 16285 |     0 |
| 896+   |     9450 |    1 | 19180 |     0 |
| 897    |     9450 |    1 | 19180 | 19180 |
| 897+   |     8087 |    1 | 14900 |     0 |
| 898    |     8087 |    1 | 14900 | 14900 |
| 898+   |     8843 |    1 | 19480 |     0 |
| 899    |     8843 |    1 | 19480 | 19480 |
| 899+   |    12868 |    1 | 13410 |     0 |
| 900    |    12868 |    1 | 13410 | 13410 |
