|  time  | address  | load |  in   |  out  |
| 0+     |    14493 |    1 | 11857 |     0 |
| 1      |    14493 |    1 | 11857 | 11857 |
| 1+     |    26851 |    1 |  7253 |     0 |
| 2      |    26851 |    1 |  7253 |  7253 |
| 2+     |     3319 |    0 |  7253 |     0 |
| 3      |     3319 |    0 |  7253 |     0 |
| 3+     |     4697 |    1 | 13413 |     0 |
| 4      |     4697 |    1 | 13413 | 13413 |
| 4+     |     6320 |    0 | 13413 |     0 |
| 5      |     6320 |    0 | 13413 |     0 |
| 5+     |     6075 |    0 | 13413 |     0 |
| 6      |     6075 |    0 | 13413 |     0 |
| 6+     |    23923 |    0 | 13413 |     0 |
| 7      |    23923 |    0 | 13413 |     0 |
| 7+     |    26909 |    1 | 29992 |     0 |
| 8      |    26909 |    1 | 29992 | 29992 |
| 8+     |    30275 |    0 | 29992 |     0 |
| 9      |    30275 |    0 | 29992 |     0 |
| 9+     |     9923 |    1 | 25887 |     0 |
| 10     |     9923 |    1 | 25887 | 25887 |
| 10+    |     1622 |    1 | 19380 |     0 |
| 11     |     1622 |    1 | 19380 | 19380 |
| 11+    |     5846 |    1 | 17024 |     0 |
| 12     |     5846 |    1 | 17024 | 17024 |
| 12+    |    27779 |    1 | 12605 |     0 |
| 13     |    27779 |    1 | 12605 | 12605 |
| 13+    |     9074 |    0 | 12605 |     0 |
| 14     |     9074 |    0 | 12605 |     0 |
| 14+    |    11365 |    1 | 29129 |     0 |
| 15     |    11365 |    1 | 29129 | 29129 |
| 15+    |      843 |    0 | 29129 |     0 |
| 16     |      843 |    0 | 29129 |     0 |
| 16+    |    24726 |    1 | 21743 |     0 |
| 17     |    24726 |    1 | 21743 | 21743 |
| 17+    |    29270 |    0 | 21743 |     0 |
| 18     |    29270 |    0 | 21743 |     0 |
| 18+    |     2640 |    0 | 21743 |     0 |
| 19     |     2640 |    0 | 21743 |     0 |
| 19+    |    15930 |    1 | 26880 |     0 |
| 20     |    15930 |    1 | 26880 | 26880 |
| 20+    |    25186 |    0 | 26880 |     0 |
| 21     |    25186 |    0 | 26880 |     0 |
| 21+    |    29705 |    1 | 13597 |     0 |
| 22     |    29705 |    1 | 13597 | 13597 |
| 22+    |    25805 |    1 |  7492 |     0 |
| 23     |    25805 |    1 |  7492 |  7492 |
| 23+    |    10595 |    1 | 11623 |     0 |
| 24     |    10595 |    1 | 11623 | 11623 |
| 24+    |    13274 |    1 | 26666 |     0 |
| 25     |    13274 |    1 | 26666 | 26666 |
| 25+    |    20245 |    0 | 26666 |     0 |
| 26     |    20245 |    0 | 26666 |     0 |
| 26+    |    22166 |    1 | 13360 |     0 |
| 27     |    22166 |    1 | 13360 | 13360 |
| 27+    |    31545 |    0 | 13360 |     0 |
| 28     |    31545 |    0 | 13360 |     0 |
| 28+    |     1151 |    0 | 13360 |     0 |
| 29     |     1151 |    0 | 13360 |     0 |
| 29+    |    19138 |    1 | 12345 |     0 |
| 30     |    19138 |    1 | 12345 | 12345 |
| 30+    |    26169 |    1 | 23616 |     0 |
| 31     |    26169 |    1 | 23616 | 23616 |
| 31+    |    25809 |    1 |  3199 |     0 |
| 32     |    25809 |    1 |  3199 |  3199 |
| 32+    |    27300 |    1 |  4667 |     0 |
| 33     |    27300 |    1 |  4667 |  4667 |
| 33+    |    22381 |    1 |  7472 |     0 |
| 34     |    22381 |    1 |  7472 |  7472 |
| 34+    |      745 |    0 |  7472 |     0 |
| 35     |      745 |    0 |  7472 |     0 |
| 35+    |    22476 |    1 | 20068 |     0 |
| 36     |    22476 |    1 | 20068 | 20068 |
| 36+    |     6528 |    0 | 20068 |     0 |
| 37     |     6528 |    0 | 20068 |     0 |
| 37+    |    17340 |    0 | 20068 |     0 |
| 38     |    17340 |    0 | 20068 |     0 |
| 38+    |    13082 |    1 | 31741 |     0 |
| 39     |    13082 |    1 | 31741 | 31741 |
| 39+    |    18206 |    0 | 31741 |     0 |
| 40     |    18206 |    0 | 31741 |     0 |
| 40+    |     6370 |    0 | 31741 |     0 |
| 41     |     6370 |    0 | 31741 |     0 |
| 41+    |    14871 |    1 | 23944 |     0 |
| 42     |    14871 |    1 | 23944 | 23944 |
| 42+    |    24841 |    1 | 18720 |     0 |
| 43     |    24841 |    1 | 18720 | 18720 |
| 43+    |    21153 |    1 | 28718 |     0 |
| 44     |    21153 |    1 | 28718 | 28718 |
| 44+    |    12986 |    0 | 28718 |     0 |
| 45     |    12986 |    0 | 28718 |     0 |
| 45+    |    24714 |    0 | 28718 |     0 |
| 46     |    24714 |    0 | 28718 |     0 |
| 46+    |    13587 |    0 | 28718 |     0 |
| 47     |    13587 |    0 | 28718 |     0 |
| 47+    |    14134 |    1 |  7023 |     0 |
| 48     |    14134 |    1 |  7023 |  7023 |
| 48+    |     3922 |    1 |  2778 |     0 |
| 49     |     3922 |    1 |  2778 |  2778 |
| 49+    |     9708 |    0 |  2778 |     0 |
| 50     |     9708 |    0 |  2778 |     0 |
| 50+    |    12543 |    1 | 22586 |     0 |
| 51     |    12543 |    1 | 22586 | 22586 |
| 51+    |    15671 |    0 | 22586 |     0 |
| 52     |    15671 |    0 | 22586 |     0 |
| 52+    |    27206 |    1 | 15968 |     0 |
| 53     |    27206 |    1 | 15968 | 15968 |
| 53+    |     3364 |    0 | 15968 |     0 |
| 54     |     3364 |    0 | 15968 |     0 |
| 54+    |     7650 |    0 | 15968 |     0 |
| 55     |     7650 |    0 | 15968 |     0 |
| 55+    |     8403 |    0 | 15968 |     0 |
| 56     |     8403 |    0 | 15968 |     0 |
| 56+    |    15887 |    0 | 15968 |     0 |
| 57     |    15887 |    0 | 15968 |     0 |
| 57+    |    28643 |    0 | 15968 |     0 |
| 58     |    28643 |    0 | 15968 |     0 |
| 58+    |     7585 |    0 | 15968 |     0 |
| 59     |     7585 |    0 | 15968 |     0 |
| 59+    |     6325 |    0 | 15968 |     0 |
| 60     |     6325 |    0 | 15968 |     0 |
| 60+    |     7016 |    1 |  1318 |     0 |
| 61     |     7016 |    1 |  1318 |  1318 |
| 61+    |    26841 |    1 | 29809 |     0 |
| 62     |    26841 |    1 | 29809 | 29809 |
| 62+    |    23727 |    1 | 30887 |     0 |
| 63     |    23727 |    1 | 30887 | 30887 |
| 63+    |     9284 |    1 | 17159 |     0 |
| 64     |     9284 |    1 | 17159 | 17159 |
| 64+    |      664 |    1 | 32238 |     0 |
| 65     |      664 |    1 | 32238 | 32238 |
| 65+    |    24930 |    1 | 27093 |     0 |
| 66     |    24930 |    1 | 27093 | 27093 |
| 66+    |    19097 |    0 | 27093 |     0 |
| 67     |    19097 |    0 | 27093 |     0 |
| 67+    |    23353 |    0 | 27093 |     0 |
| 68     |    23353 |    0 | 27093 |     0 |
| 68+    |    31540 |    0 | 27093 |     0 |
| 69     |    31540 |    0 | 27093 |     0 |
| 69+    |    18542 |    1 | 28923 |     0 |
| 70     |    18542 |    1 | 28923 | 28923 |
| 70+    |     9340 |    0 | 28923 |     0 |
| 71     |     9340 |    0 | 28923 |     0 |
| 71+    |    27596 |    1 |  2419 |     0 |
| 72     |    27596 |    1 |  2419 |  2419 |
| 72+    |     9600 |    1 | 13539 |     0 |
| 73     |     9600 |    1 | 13539 | 13539 |
| 73+    |    32067 |    1 |  7794 |     0 |
| 74     |    32067 |    1 |  7794 |  7794 |
| 74+    |      751 |    1 | 13767 |     0 |
| 75     |      751 |    1 | 13767 | 13767 |
| 75+    |    15906 |    1 | 28280 |     0 |
| 76     |    15906 |    1 | 28280 | 28280 |
| 76+    |    14185 |    0 | 28280 |     0 |
| 77     |    14185 |    0 | 28280 |     0 |
| 77+    |     7321 |    0 | 28280 |     0 |
| 78     |     7321 |    0 | 28280 |     0 |
| 78+    |    25923 |    1 | 20424 |     0 |
| 79     |    25923 |    1 | 20424 | 20424 |
| 79+    |    17380 |    1 | 19193 |     0 |
| 80     |    17380 |    1 | 19193 | 19193 |
| 80+    |    23674 |    1 | 17603 |     0 |
| 81     |    23674 |    1 | 17603 | 17603 |
| 81+    |     2342 |    0 | 17603 |     0 |
| 82     |     2342 |    0 | 17603 |     0 |
| 82+    |    32528 |    0 | 17603 |     0 |
| 83     |    32528 |    0 | 17603 |     0 |
| 83+    |     2549 |    0 | 17603 |     0 |
| 84     |     2549 |    0 | 17603 |     0 |
| 84+    |    14263 |    0 | 17603 |     0 |
| 85     |    14263 |    0 | 17603 |     0 |
| 85+    |    13186 |    1 | 14514 |     0 |
| 86     |    13186 |    1 | 14514 | 14514 |
| 86+    |    11432 |    1 | 29402 |     0 |
| 87     |    11432 |    1 | 29402 | 29402 |
| 87+    |     8028 |    0 | 29402 |     0 |
| 88     |     8028 |    0 | 29402 |     0 |
| 88+    |     9158 |    1 | 18338 |     0 |
| 89     |     9158 |    1 | 18338 | 18338 |
| 89+    |    18990 |    0 | 18338 |     0 |
| 90     |    18990 |    0 | 18338 |     0 |
| 90+    |      483 |    1 | 20951 |     0 |
| 91     |      483 |    1 | 20951 | 20951 |
| 91+    |      524 |    0 | 20951 |     0 |
| 92     |      524 |    0 | 20951 |     0 |
| 92+    |    13977 |    0 | 20951 |     0 |
| 93     |    13977 |    0 | 20951 |     0 |
| 93+    |    28093 |    1 | 16935 |     0 |
| 94     |    28093 |    1 | 16935 | 16935 |
| 94+    |    16927 |    0 | 16935 |     0 |
| 95     |    16927 |    0 | 16935 |     0 |
| 95+    |    30102 |    0 | 16935 |     0 |
| 96     |    30102 |    0 | 16935 |     0 |
| 96+    |    23068 |    1 |  4938 |     0 |
| 97     |    23068 |    1 |  4938 |  4938 |
| 97+    |    23472 |    1 | 21114 |     0 |
| 98     |    23472 |    1 | 21114 | 21114 |
| 98+    |    29864 |    1 | 17870 |     0 |
| 99     |    29864 |    1 | 17870 | 17870 |
| 99+    |    23238 |    1 |  8198 |     0 |
| 100    |    23238 |    1 |  8198 |  8198 |
| 100+   |    29991 |    1 |  6440 |     0 |
| 101    |    29991 |    1 |  6440 |  6440 |
| 101+   |    13427 |    0 |  6440 |     0 |
| 102    |    13427 |    0 |  6440 |     0 |
| 102+   |    29980 |    1 | 23176 |     0 |
| 103    |    29980 |    1 | 23176 | 23176 |
| 103+   |     6368 |    0 | 23176 |     0 |
| 104    |     6368 |    0 | 23176 |     0 |
| 104+   |     6382 |    0 | 23176 |     0 |
| 105    |     6382 |    0 | 23176 |     0 |
| 105+   |    26246 |    1 | 29710 |     0 |
| 106    |    26246 |    1 | 29710 | 29710 |
| 106+   |    26990 |    1 | 22559 |     0 |
| 107    |    26990 |    1 | 22559 | 22559 |
| 107+   |     6857 |    1 | 31817 |     0 |
| 108    |     6857 |    1 | 31817 | 31817 |
| 108+   |     6047 |    0 | 31817 |     0 |
| 109    |     6047 |    0 | 31817 |     0 |
| 109+   |     2141 |    0 | 31817 |     0 |
| 110    |     2141 |    0 | 31817 |     0 |
| 110+   |    17610 |    0 | 31817 |     0 |
| 111    |    17610 |    0 | 31817 |     0 |
| 111+   |    30077 |    1 | 25678 |     0 |
| 112    |    30077 |    1 | 25678 | 25678 |
| 112+   |    21878 |    1 |  7311 |     0 |
| 113    |    21878 |    1 |  7311 |  7311 |
| 113+   |     6711 |    0 |  7311 |     0 |
| 114    |     6711 |    0 |  7311 |     0 |
| 114+   |     5244 |    1 | 26362 |     0 |
| 115    |     5244 |    1 | 26362 | 26362 |
| 115+   |    23155 |    1 |  8343 |     0 |
| 116    |    23155 |    1 |  8343 |  8343 |
| 116+   |    12655 |    1 | 30288 |     0 |
| 117    |    12655 |    1 | 30288 | 30288 |
| 117+   |      862 |    0 | 30288 |     0 |
| 118    |      862 |    0 | 30288 |     0 |
| 118+   |     9792 |    1 | 19649 |     0 |
| 119    |     9792 |    1 | 19649 | 19649 |
| 119+   |    19709 |    0 | 19649 |     0 |
| 120    |    19709 |    0 | 19649 |     0 |
| 120+   |    22963 |    0 | 19649 |     0 |
| 121    |    22963 |    0 | 19649 |     0 |
| 121+   |    14102 |    1 | 18042 |     0 |
| 122    |    14102 |    1 | 18042 | 18042 |
| 122+   |     5865 |    1 | 28284 |     0 |
| 123    |     5865 |    1 | 28284 | 28284 |
| 123+   |     9533 |    1 | 14926 |     0 |
| 124    |     9533 |    1 | 14926 | 14926 |
| 124+   |    22237 |    1 |  1734 |     0 |
| 125    |    22237 |    1 |  1734 |  1734 |
| 125+   |      214 |    0 |  1734 |     0 |
| 126    |      214 |    0 |  1734 |     0 |
| 126+   |     7544 |    1 | 19150 |     0 |
| 127    |     7544 |    1 | 19150 | 19150 |
| 127+   |       30 |    1 |   761 |     0 |
| 128    |       30 |    1 |   761 |   761 |
| 128+   |    27972 |    0 |   761 |     0 |
| 129    |    27972 |    0 |   761 |     0 |
| 129+   |      223 |    0 |   761 |     0 |
| 130    |      223 |    0 |   761 |     0 |
| 130+   |    16093 |    0 |   761 |     0 |
| 131    |    16093 |    0 |   761 |     0 |
| 131+   |     5195 |    0 |   761 |     0 |
| 132    |     5195 |    0 |   761 |     0 |
| 132+   |    17055 |    1 | 29994 |     0 |
| 133    |    17055 |    1 | 29994 | 29994 |
| 133+   |    10355 |    0 | 29994 |     0 |
| 134    |    10355 |    0 | 29994 |     0 |
| 134+   |    32381 |    0 | 29994 |     0 |
| 135    |    32381 |    0 | 29994 |     0 |
| 135+   |     4880 |    0 | 29994 |     0 |
| 136    |     4880 |    0 | 29994 |     0 |
| 136+   |    19331 |    0 | 29994 |     0 |
| 137    |    19331 |    0 | 29994 |     0 |
| 137+   |    31714 |    1 |  7238 |     0 |
| 138    |    31714 |    1 |  7238 |  7238 |
| 138+   |    21255 |    0 |  7238 |     0 |
| 139    |    21255 |    0 |  7238 |     0 |
| 139+   |     3308 |    1 | 13371 |     0 |
| 140    |     3308 |    1 | 13371 | 13371 |
| 140+   |    31467 |    1 | 16099 |     0 |
| 141    |    31467 |    1 | 16099 | 16099 |
| 141+   |     8551 |    1 |  4488 |     0 |
| 142    |     8551 |    1 |  4488 |  4488 |
| 142+   |    29492 |    1 | 22144 |     0 |
| 143    |    29492 |    1 | 22144 | 22144 |
| 143+   |     6012 |    1 | 32270 |     0 |
| 144    |     6012 |    1 | 32270 | 32270 |
| 144+   |    19619 |    0 | 32270 |     0 |
| 145    |    19619 |    0 | 32270 |     0 |
| 145+   |    16428 |    0 | 32270 |     0 |
| 146    |    16428 |    0 | 32270 |     0 |
| 146+   |    21074 |    1 |  9204 |     0 |
| 147    |    21074 |    1 |  9204 |  9204 |
| 147+   |    23199 |    0 |  9204 |     0 |
| 148    |    23199 |    0 |  9204 |     0 |
| 148+   |    30442 |    0 |  9204 |     0 |
| 149    |    30442 |    0 |  9204 |     0 |
| 149+   |    15027 |    1 | 24977 |     0 |
| 150    |    15027 |    1 | 24977 | 24977 |
| 150+   |    16524 |    1 |  2538 |     0 |
| 151    |    16524 |    1 |  2538 |  2538 |
| 151+   |    24295 |    1 | 16633 |     0 |
| 152    |    24295 |    1 | 16633 | 16633 |
| 152+   |      267 |    0 | 16633 |     0 |
| 153    |      267 |    0 | 16633 |     0 |
| 153+   |     3128 |    0 | 16633 |     0 |
| 154    |     3128 |    0 | 16633 |     0 |
| 154+   |    12007 |    1 | 29537 |     0 |
| 155    |    12007 |    1 | 29537 | 29537 |
| 155+   |    32317 |    1 | 18628 |     0 |
| 156    |    32317 |    1 | 18628 | 18628 |
| 156+   |     9569 |    1 | 18356 |     0 |
| 157    |     9569 |    1 | 18356 | 18356 |
| 157+   |    29161 |    1 | 28551 |     0 |
| 158    |    29161 |    1 | 28551 | 28551 |
| 158+   |    25661 |    1 | 10825 |     0 |
| 159    |    25661 |    1 | 10825 | 10825 |
| 159+   |     6627 |    1 | 11516 |     0 |
| 160    |     6627 |    1 | 11516 | 11516 |
| 160+   |    29207 |    0 | 11516 |     0 |
| 161    |    29207 |    0 | 11516 |     0 |
| 161+   |     6146 |    1 |  4343 |     0 |
| 162    |     6146 |    1 |  4343 |  4343 |
| 162+   |    32360 |    1 | 30525 |     0 |
| 163    |    32360 |    1 | 30525 | 30525 |
| 163+   |     1148 |    0 | 30525 |     0 |
| 164    |     1148 |    0 | 30525 |     0 |
| 164+   |    28041 |    0 | 30525 |     0 |
| 165    |    28041 |    0 | 30525 |     0 |
| 165+   |     4743 |    0 | 30525 |     0 |
| 166    |     4743 |    0 | 30525 |     0 |
| 166+   |    27912 |    1 |  6156 |     0 |
| 167    |    27912 |    1 |  6156 |  6156 |
| 167+   |    11205 |    1 | 23731 |     0 |
| 168    |    11205 |    1 | 23731 | 23731 |
| 168+   |     4350 |    1 | 18971 |     0 |
| 169    |     4350 |    1 | 18971 | 18971 |
| 169+   |     6396 |    0 | 18971 |     0 |
| 170    |     6396 |    0 | 18971 |     0 |
| 170+   |    10392 |    1 | 10257 |     0 |
| 171    |    10392 |    1 | 10257 | 10257 |
| 171+   |    10235 |    1 |  2528 |     0 |
| 172    |    10235 |    1 |  2528 |  2528 |
| 172+   |    24683 |    0 |  2528 |     0 |
| 173    |    24683 |    0 |  2528 |     0 |
| 173+   |    12864 |    1 | 13809 |     0 |
| 174    |    12864 |    1 | 13809 | 13809 |
| 174+   |    17611 |    0 | 13809 |     0 |
| 175    |    17611 |    0 | 13809 |     0 |
| 175+   |    13801 |    1 | 22728 |     0 |
| 176    |    13801 |    1 | 22728 | 22728 |
| 176+   |    11001 |    1 |  3341 |     0 |
| 177    |    11001 |    1 |  3341 |  3341 |
| 177+   |    29839 |    0 |  3341 |     0 |
| 178    |    29839 |    0 |  3341 |     0 |
| 178+   |     1011 |    0 |  3341 |     0 |
| 179    |     1011 |    0 |  3341 |     0 |
| 179+   |     2907 |    0 |  3341 |     0 |
| 180    |     2907 |    0 |  3341 |     0 |
| 180+   |     5843 |    0 |  3341 |     0 |
| 181    |     5843 |    0 |  3341 |     0 |
| 181+   |    22987 |    0 |  3341 |     0 |
| 182    |    22987 |    0 |  3341 |     0 |
| 182+   |    18390 |    1 | 27738 |     0 |
| 183    |    18390 |    1 | 27738 | 27738 |
| 183+   |    27310 |    0 | 27738 |     0 |
| 184    |    27310 |    0 | 27738 |     0 |
| 184+   |    12910 |    0 | 27738 |     0 |
| 185    |    12910 |    0 | 27738 |     0 |
| 185+   |    18109 |    1 | 25257 |     0 |
| 186    |    18109 |    1 | 25257 | 25257 |
| 186+   |    31236 |    1 | 13903 |     0 |
| 187    |    31236 |    1 | 13903 | 13903 |
| 187+   |    18858 |    0 | 13903 |     0 |
| 188    |    18858 |    0 | 13903 |     0 |
| 188+   |     2849 |    0 | 13903 |     0 |
| 189    |     2849 |    0 | 13903 |     0 |
| 189+   |    13746 |    0 | 13903 |     0 |
| 190    |    13746 |    0 | 13903 |     0 |
| 190+   |     9537 |    1 | 16924 |     0 |
| 191    |     9537 |    1 | 16924 | 16924 |
| 191+   |    18482 |    0 | 16924 |     0 |
| 192    |    18482 |    0 | 16924 |     0 |
| 192+   |    19317 |    1 | 11770 |     0 |
| 193    |    19317 |    1 | 11770 | 11770 |
| 193+   |    10115 |    1 | 12964 |     0 |
| 194    |    10115 |    1 | 12964 | 12964 |
| 194+   |     7143 |    1 |  3073 |     0 |
| 195    |     7143 |    1 |  3073 |  3073 |
| 195+   |    25411 |    1 |  2679 |     0 |
| 196    |    25411 |    1 |  2679 |  2679 |
| 196+   |    12673 |    1 |  6505 |     0 |
| 197    |    12673 |    1 |  6505 |  6505 |
| 197+   |    13206 |    0 |  6505 |     0 |
| 198    |    13206 |    0 |  6505 |     0 |
| 198+   |    15674 |    0 |  6505 |     0 |
| 199    |    15674 |    0 |  6505 |     0 |
| 199+   |     8847 |    0 |  6505 |     0 |
| 200    |     8847 |    0 |  6505 |     0 |
| 200+   |    18237 |    0 |  6505 |     0 |
| 201    |    18237 |    0 |  6505 |     0 |
| 201+   |    25262 |    1 | 14876 |     0 |
| 202    |    25262 |    1 | 14876 | 14876 |
| 202+   |     3198 |    1 |  5244 |     0 |
| 203    |     3198 |    1 |  5244 |  5244 |
| 203+   |    31447 |    1 |  9778 |     0 |
| 204    |    31447 |    1 |  9778 |  9778 |
| 204+   |    27421 |    0 |  9778 |     0 |
| 205    |    27421 |    0 |  9778 |     0 |
| 205+   |    17793 |    1 |  4453 |     0 |
| 206    |    17793 |    1 |  4453 |  4453 |
| 206+   |     7106 |    0 |  4453 |     0 |
| 207    |     7106 |    0 |  4453 |     0 |
| 207+   |    28567 |    0 |  4453 |     0 |
| 208    |    28567 |    0 |  4453 |     0 |
| 208+   |     2374 |    0 |  4453 |     0 |
| 209    |     2374 |    0 |  4453 |     0 |
| 209+   |    12680 |    0 |  4453 |     0 |
| 210    |    12680 |    0 |  4453 |     0 |
| 210+   |     2406 |    1 | 26218 |     0 |
| 211    |     2406 |    1 | 26218 | 26218 |
| 211+   |    30221 |    1 | 28079 |     0 |
| 212    |    30221 |    1 | 28079 | 28079 |
| 212+   |     6660 |    1 | 13065 |     0 |
| 213    |     6660 |    1 | 13065 | 13065 |
| 213+   |    21756 |    0 | 13065 |     0 |
| 214    |    21756 |    0 | 13065 |     0 |
| 214+   |    29712 |    1 | 25188 |     0 |
| 215    |    29712 |    1 | 25188 | 25188 |
| 215+   |      255 |    0 | 25188 |     0 |
| 216    |      255 |    0 | 25188 |     0 |
| 216+   |    20056 |    0 | 25188 |     0 |
| 217    |    20056 |    0 | 25188 |     0 |
| 217+   |    23217 |    0 | 25188 |     0 |
| 218    |    23217 |    0 | 25188 |     0 |
| 218+   |    16395 |    1 | 21590 |     0 |
| 219    |    16395 |    1 | 21590 | 21590 |
| 219+   |     4187 |    0 | 21590 |     0 |
| 220    |     4187 |    0 | 21590 |     0 |
| 220+   |    21370 |    1 | 13178 |     0 |
| 221    |    21370 |    1 | 13178 | 13178 |
| 221+   |      174 |    0 | 13178 |     0 |
| 222    |      174 |    0 | 13178 |     0 |
| 222+   |    19341 |    0 | 13178 |     0 |
| 223    |    19341 |    0 | 13178 |     0 |
| 223+   |    17902 |    0 | 13178 |     0 |
| 224    |    17902 |    0 | 13178 |     0 |
| 224+   |    29372 |    1 | 12710 |     0 |
| 225    |    29372 |    1 | 12710 | 12710 |
| 225+   |     7290 |    0 | 12710 |     0 |
| 226    |     7290 |    0 | 12710 |     0 |
| 226+   |     4888 |    0 | 12710 |     0 |
| 227    |     4888 |    0 | 12710 |     0 |
| 227+   |    14103 |    1 | 24556 |     0 |
| 228    |    14103 |    1 | 24556 | 24556 |
| 228+   |    29209 |    0 | 24556 |     0 |
| 229    |    29209 |    0 | 24556 |     0 |
| 229+   |     6207 |    1 | 11864 |     0 |
| 230    |     6207 |    1 | 11864 | 11864 |
| 230+   |    23239 |    0 | 11864 |     0 |
| 231    |    23239 |    0 | 11864 |     0 |
| 231+   |    29180 |    0 | 11864 |     0 |
| 232    |    29180 |    0 | 11864 |     0 |
| 232+   |    17085 |    0 | 11864 |     0 |
| 233    |    17085 |    0 | 11864 |     0 |
| 233+   |     7184 |    0 | 11864 |     0 |
| 234    |     7184 |    0 | 11864 |     0 |
| 234+   |     9962 |    1 | 21250 |     0 |
| 235    |     9962 |    1 | 21250 | 21250 |
| 235+   |    18922 |    1 | 11319 |     0 |
| 236    |    18922 |    1 | 11319 | 11319 |
| 236+   |      566 |    0 | 11319 |     0 |
| 237    |      566 |    0 | 11319 |     0 |
| 237+   |    17633 |    1 | 19237 |     0 |
| 238    |    17633 |    1 | 19237 | 19237 |
| 238+   |    24245 |    1 |    45 |     0 |
| 239    |    24245 |    1 |    45 |    45 |
| 239+   |     8895 |    0 |    45 |     0 |
| 240    |     8895 |    0 |    45 |     0 |
| 240+   |    12134 |    0 |    45 |     0 |
| 241    |    12134 |    0 |    45 |     0 |
| 241+   |     3986 |    1 | 15557 |     0 |
| 242    |     3986 |    1 | 15557 | 15557 |
| 242+   |    16902 |    1 |  8189 |     0 |
| 243    |    16902 |    1 |  8189 |  8189 |
| 243+   |    11687 |    0 |  8189 |     0 |
| 244    |    11687 |    0 |  8189 |     0 |
| 244+   |    18182 |    1 | 12703 |     0 |
| 245    |    18182 |    1 | 12703 | 12703 |
| 245+   |    32687 |    1 |  4243 |     0 |
| 246    |    32687 |    1 |  4243 |  4243 |
| 246+   |    19652 |    0 |  4243 |     0 |
| 247    |    19652 |    0 |  4243 |     0 |
| 247+   |    21179 |    0 |  4243 |     0 |
| 248    |    21179 |    0 |  4243 |     0 |
| 248+   |    14466 |    1 |  6877 |     0 |
| 249    |    14466 |    1 |  6877 |  6877 |
| 249+   |    11196 |    1 |  9993 |     0 |
| 250    |    11196 |    1 |  9993 |  9993 |
| 250+   |    15601 |    0 |  9993 |     0 |
| 251    |    15601 |    0 |  9993 |     0 |
| 251+   |     4965 |    0 |  9993 |     0 |
| 252    |     4965 |    0 |  9993 |     0 |
| 252+   |    27251 |    1 | 26977 |     0 |
| 253    |    27251 |    1 | 26977 | 26977 |
| 253+   |    12447 |    0 | 26977 |     0 |
| 254    |    12447 |    0 | 26977 |     0 |
| 254+   |       87 |    1 | 16904 |     0 |
| 255    |       87 |    1 | 16904 | 16904 |
| 255+   |    18005 |    1 | 14413 |     0 |
| 256    |    18005 |    1 | 14413 | 14413 |
| 256+   |     9869 |    1 | 28926 |     0 |
| 257    |     9869 |    1 | 28926 | 28926 |
| 257+   |      829 |    1 | 31411 |     0 |
| 258    |      829 |    1 | 31411 | 31411 |
| 258+   |    21427 |    1 | 24800 |     0 |
| 259    |    21427 |    1 | 24800 | 24800 |
| 259+   |     8082 |    1 |  1472 |     0 |
| 260    |     8082 |    1 |  1472 |  1472 |
| 260+   |     2709 |    1 |  5306 |     0 |
| 261    |     2709 |    1 |  5306 |  5306 |
| 261+   |     7926 |    1 | 29775 |     0 |
| 262    |     7926 |    1 | 29775 | 29775 |
| 262+   |    13863 |    0 | 29775 |     0 |
| 263    |    13863 |    0 | 29775 |     0 |
| 263+   |     5708 |    1 |  8628 |     0 |
| 264    |     5708 |    1 |  8628 |  8628 |
| 264+   |    25210 |    0 |  8628 |     0 |
| 265    |    25210 |    0 |  8628 |     0 |
| 265+   |    15508 |    1 | 32326 |     0 |
| 266    |    15508 |    1 | 32326 | 32326 |
| 266+   |     1704 |    0 | 32326 |     0 |
| 267    |     1704 |    0 | 32326 |     0 |
| 267+   |    25505 |    1 | 22319 |     0 |
| 268    |    25505 |    1 | 22319 | 22319 |
| 268+   |    20259 |    0 | 22319 |     0 |
| 269    |    20259 |    0 | 22319 |     0 |
| 269+   |    16258 |    0 | 22319 |     0 |
| 270    |    16258 |    0 | 22319 |     0 |
| 270+   |    20343 |    1 | 13529 |     0 |
| 271    |    20343 |    1 | 13529 | 13529 |
| 271+   |    20613 |    0 | 13529 |     0 |
| 272    |    20613 |    0 | 13529 |     0 |
| 272+   |     8670 |    0 | 13529 |     0 |
| 273    |     8670 |    0 | 13529 |     0 |
| 273+   |    23157 |    0 | 13529 |     0 |
| 274    |    23157 |    0 | 13529 |     0 |
| 274+   |    12360 |    0 | 13529 |     0 |
| 275    |    12360 |    0 | 13529 |     0 |
| 275+   |    29919 |    1 | 28195 |     0 |
| 276    |    29919 |    1 | 28195 | 28195 |
| 276+   |    18175 |    0 | 28195 |     0 |
| 277    |    18175 |    0 | 28195 |     0 |
| 277+   |    13928 |    1 |  3456 |     0 |
| 278    |    13928 |    1 |  3456 |  3456 |
| 278+   |    21658 |    0 |  3456 |     0 |
| 279    |    21658 |    0 |  3456 |     0 |
| 279+   |    21194 |    1 | 25093 |     0 |
| 280    |    21194 |    1 | 25093 | 25093 |
| 280+   |    25966 |    0 | 25093 |     0 |
| 281    |    25966 |    0 | 25093 |     0 |
| 281+   |    30831 |    0 | 25093 |     0 |
| 282    |    30831 |    0 | 25093 |     0 |
| 282+   |    15142 |    1 | 20389 |     0 |
| 283    |    15142 |    1 | 20389 | 20389 |
| 283+   |    13428 |    1 | 27275 |     0 |
| 284    |    13428 |    1 | 27275 | 27275 |
| 284+   |    26200 |    0 | 27275 |     0 |
| 285    |    26200 |    0 | 27275 |     0 |
| 285+   |    31787 |    0 | 27275 |     0 |
| 286    |    31787 |    0 | 27275 |     0 |
| 286+   |    31638 |    1 | 25635 |     0 |
| 287    |    31638 |    1 | 25635 | 25635 |
| 287+   |      570 |    1 | 17470 |     0 |
| 288    |      570 |    1 | 17470 | 17470 |
| 288+   |    28600 |    0 | 17470 |     0 |
| 289    |    28600 |    0 | 17470 |     0 |
| 289+   |     7924 |    1 | 28943 |     0 |
| 290    |     7924 |    1 | 28943 | 28943 |
| 290+   |    10205 |    0 | 28943 |     0 |
| 291    |    10205 |    0 | 28943 |     0 |
| 291+   |    11001 |    0 | 28943 |  3341 |
| 292    |    11001 |    0 | 28943 |  3341 |
| 292+   |     7029 |    0 | 28943 |     0 |
| 293    |     7029 |    0 | 28943 |     0 |
| 293+   |    22957 |    0 | 28943 |     0 |
| 294    |    22957 |    0 | 28943 |     0 |
| 294+   |     4408 |    0 | 28943 |     0 |
| 295    |     4408 |    0 | 28943 |     0 |
| 295+   |    19631 |    0 | 28943 |     0 |
| 296    |    19631 |    0 | 28943 |     0 |
| 296+   |    16700 |    0 | 28943 |     0 |
| 297    |    16700 |    0 | 28943 |     0 |
| 297+   |    13883 |    1 |  8391 |     0 |
| 298    |    13883 |    1 |  8391 |  8391 |
| 298+   |    22142 |    1 | 13892 |     0 |
| 299    |    22142 |    1 | 13892 | 13892 |
| 299+   |    13173 |    1 | 15859 |     0 |
| 300    |    13173 |    1 | 15859 | 15859 |
| 300+   |     6795 |    0 | 15859 |     0 |
| 301    |     6795 |    0 | 15859 |     0 |
| 301+   |    13735 |    1 | 20671 |     0 |
| 302    |    13735 |    1 | 20671 | 20671 |
| 302+   |    11198 |    0 | 20671 |     0 |
| 303    |    11198 |    0 | 20671 |     0 |
| 303+   |    27427 |    0 | 20671 |     0 |
| 304    |    27427 |    0 | 20671 |     0 |
| 304+   |    18841 |    0 | 20671 |     0 |
| 305    |    18841 |    0 | 20671 |     0 |
| 305+   |    15231 |    1 | 27127 |     0 |
| 306    |    15231 |    1 | 27127 | 27127 |
| 306+   |    20847 |    1 | 26718 |     0 |
| 307    |    20847 |    1 | 26718 | 26718 |
| 307+   |    24765 |    1 | 31532 |     0 |
| 308    |    24765 |    1 | 31532 | 31532 |
| 308+   |     8906 |    1 |  2337 |     0 |
| 309    |     8906 |    1 |  2337 |  2337 |
| 309+   |    29136 |    0 |  2337 |     0 |
| 310    |    29136 |    0 |  2337 |     0 |
| 310+   |    21645 |    1 | 31877 |     0 |
| 311    |    21645 |    1 | 31877 | 31877 |
| 311+   |    17205 |    1 |  7465 |     0 |
| 312    |    17205 |    1 |  7465 |  7465 |
| 312+   |    12714 |    0 |  7465 |     0 |
| 313    |    12714 |    0 |  7465 |     0 |
| 313+   |    27146 |    1 |  9516 |     0 |
| 314    |    27146 |    1 |  9516 |  9516 |
| 314+   |      889 |    0 |  9516 |     0 |
| 315    |      889 |    0 |  9516 |     0 |
| 315+   |    29673 |    1 |  3931 |     0 |
| 316    |    29673 |    1 |  3931 |  3931 |
| 316+   |    12584 |    1 | 24731 |     0 |
| 317    |    12584 |    1 | 24731 | 24731 |
| 317+   |    30829 |    0 | 24731 |     0 |
| 318    |    30829 |    0 | 24731 |     0 |
| 318+   |    32036 |    0 | 24731 |     0 |
| 319    |    32036 |    0 | 24731 |     0 |
| 319+   |      961 |    0 | 24731 |     0 |
| 320    |      961 |    0 | 24731 |     0 |
| 320+   |    18232 |    1 |  2293 |     0 |
| 321    |    18232 |    1 |  2293 |  2293 |
| 321+   |     1972 |    0 |  2293 |     0 |
| 322    |     1972 |    0 |  2293 |     0 |
| 322+   |    32074 |    0 |  2293 |     0 |
| 323    |    32074 |    0 |  2293 |     0 |
| 323+   |    23617 |    0 |  2293 |     0 |
| 324    |    23617 |    0 |  2293 |     0 |
| 324+   |    25758 |    1 |  8560 |     0 |
| 325    |    25758 |    1 |  8560 |  8560 |
| 325+   |     5502 |    0 |  8560 |     0 |
| 326    |     5502 |    0 |  8560 |     0 |
| 326+   |    19374 |    1 | 26953 |     0 |
| 327    |    19374 |    1 | 26953 | 26953 |
| 327+   |    20317 |    0 | 26953 |     0 |
| 328    |    20317 |    0 | 26953 |     0 |
| 328+   |     8910 |    1 |  4685 |     0 |
| 329    |     8910 |    1 |  4685 |  4685 |
| 329+   |     9442 |    1 | 25915 |     0 |
| 330    |     9442 |    1 | 25915 | 25915 |
| 330+   |    24658 |    1 |   292 |     0 |
| 331    |    24658 |    1 |   292 |   292 |
| 331+   |     9203 |    1 |  4098 |     0 |
| 332    |     9203 |    1 |  4098 |  4098 |
| 332+   |    27541 |    0 |  4098 |     0 |
| 333    |    27541 |    0 |  4098 |     0 |
| 333+   |    27715 |    1 |  3056 |     0 |
| 334    |    27715 |    1 |  3056 |  3056 |
| 334+   |     1915 |    0 |  3056 |     0 |
| 335    |     1915 |    0 |  3056 |     0 |
| 335+   |     6841 |    0 |  3056 |     0 |
| 336    |     6841 |    0 |  3056 |     0 |
| 336+   |     6448 |    1 | 25937 |     0 |
| 337    |     6448 |    1 | 25937 | 25937 |
| 337+   |    15007 |    1 |  4443 |     0 |
| 338    |    15007 |    1 |  4443 |  4443 |
| 338+   |    14579 |    0 |  4443 |     0 |
| 339    |    14579 |    0 |  4443 |     0 |
| 339+   |     7015 |    0 |  4443 |     0 |
| 340    |     7015 |    0 |  4443 |     0 |
| 340+   |     9905 |    0 |  4443 |     0 |
| 341    |     9905 |    0 |  4443 |     0 |
| 341+   |    28378 |    0 |  4443 |     0 |
| 342    |    28378 |    0 |  4443 |     0 |
| 342+   |    23784 |    0 |  4443 |     0 |
| 343    |    23784 |    0 |  4443 |     0 |
| 343+   |       58 |    0 |  4443 |     0 |
| 344    |       58 |    0 |  4443 |     0 |
| 344+   |    13350 |    0 |  4443 |     0 |
| 345    |    13350 |    0 |  4443 |     0 |
| 345+   |     2761 |    0 |  4443 |     0 |
| 346    |     2761 |    0 |  4443 |     0 |
| 346+   |    30383 |    0 |  4443 |     0 |
| 347    |    30383 |    0 |  4443 |     0 |
| 347+   |    32315 |    0 |  4443 |     0 |
| 348    |    32315 |    0 |  4443 |     0 |
| 348+   |    16561 |    1 |  2268 |     0 |
| 349    |    16561 |    1 |  2268 |  2268 |
| 349+   |    17124 |    1 | 23135 |     0 |
| 350    |    17124 |    1 | 23135 | 23135 |
| 350+   |    32055 |    0 | 23135 |     0 |
| 351    |    32055 |    0 | 23135 |     0 |
| 351+   |    22693 |    1 | 17101 |     0 |
| 352    |    22693 |    1 | 17101 | 17101 |
| 352+   |    23580 |    1 | 28044 |     0 |
| 353    |    23580 |    1 | 28044 | 28044 |
| 353+   |     8256 |    0 | 28044 |     0 |
| 354    |     8256 |    0 | 28044 |     0 |
| 354+   |    17005 |    0 | 28044 |     0 |
| 355    |    17005 |    0 | 28044 |     0 |
| 355+   |    10736 |    1 | 15000 |     0 |
| 356    |    10736 |    1 | 15000 | 15000 |
| 356+   |    31107 |    1 | 14380 |     0 |
| 357    |    31107 |    1 | 14380 | 14380 |
| 357+   |     4893 |    0 | 14380 |     0 |
| 358    |     4893 |    0 | 14380 |     0 |
| 358+   |    10581 |    1 | 17412 |     0 |
| 359    |    10581 |    1 | 17412 | 17412 |
| 359+   |     2585 |    1 |  9731 |     0 |
| 360    |     2585 |    1 |  9731 |  9731 |
| 360+   |    27919 |    0 |  9731 |     0 |
| 361    |    27919 |    0 |  9731 |     0 |
| 361+   |    19659 |    0 |  9731 |     0 |
| 362    |    19659 |    0 |  9731 |     0 |
| 362+   |     4559 |    0 |  9731 |     0 |
| 363    |     4559 |    0 |  9731 |     0 |
| 363+   |     9065 |    1 | 23470 |     0 |
| 364    |     9065 |    1 | 23470 | 23470 |
| 364+   |    30508 |    1 | 15896 |     0 |
| 365    |    30508 |    1 | 15896 | 15896 |
| 365+   |     4004 |    1 | 18933 |     0 |
| 366    |     4004 |    1 | 18933 | 18933 |
| 366+   |     9345 |    0 | 18933 |     0 |
| 367    |     9345 |    0 | 18933 |     0 |
| 367+   |    31824 |    1 | 11088 |     0 |
| 368    |    31824 |    1 | 11088 | 11088 |
| 368+   |      584 |    0 | 11088 |     0 |
| 369    |      584 |    0 | 11088 |     0 |
| 369+   |     4195 |    1 |  7163 |     0 |
| 370    |     4195 |    1 |  7163 |  7163 |
| 370+   |     6989 |    1 | 32324 |     0 |
| 371    |     6989 |    1 | 32324 | 32324 |
| 371+   |      189 |    1 | 32162 |     0 |
| 372    |      189 |    1 | 32162 | 32162 |
| 372+   |     4153 |    1 | 25623 |     0 |
| 373    |     4153 |    1 | 25623 | 25623 |
| 373+   |    15676 |    1 |  4545 |     0 |
| 374    |    15676 |    1 |  4545 |  4545 |
| 374+   |     3940 |    0 |  4545 |     0 |
| 375    |     3940 |    0 |  4545 |     0 |
| 375+   |     6019 |    1 | 16272 |     0 |
| 376    |     6019 |    1 | 16272 | 16272 |
| 376+   |     9470 |    0 | 16272 |     0 |
| 377    |     9470 |    0 | 16272 |     0 |
| 377+   |    31487 |    0 | 16272 |     0 |
| 378    |    31487 |    0 | 16272 |     0 |
| 378+   |    13182 |    0 | 16272 |     0 |
| 379    |    13182 |    0 | 16272 |     0 |
| 379+   |    10825 |    1 | 26268 |     0 |
| 380    |    10825 |    1 | 26268 | 26268 |
| 380+   |    14037 |    0 | 26268 |     0 |
| 381    |    14037 |    0 | 26268 |     0 |
| 381+   |    13628 |    1 | 31115 |     0 |
| 382    |    13628 |    1 | 31115 | 31115 |
| 382+   |    19874 |    0 | 31115 |     0 |
| 383    |    19874 |    0 | 31115 |     0 |
| 383+   |     1866 |    1 | 11589 |     0 |
| 384    |     1866 |    1 | 11589 | 11589 |
| 384+   |    20916 |    0 | 11589 |     0 |
| 385    |    20916 |    0 | 11589 |     0 |
| 385+   |    28586 |    1 | 14091 |     0 |
| 386    |    28586 |    1 | 14091 | 14091 |
| 386+   |    25782 |    0 | 14091 |     0 |
| 387    |    25782 |    0 | 14091 |     0 |
| 387+   |    21596 |    0 | 14091 |     0 |
| 388    |    21596 |    0 | 14091 |     0 |
| 388+   |     2722 |    0 | 14091 |     0 |
| 389    |     2722 |    0 | 14091 |     0 |
| 389+   |     4086 |    0 | 14091 |     0 |
| 390    |     4086 |    0 | 14091 |     0 |
| 390+   |     8406 |    0 | 14091 |     0 |
| 391    |     8406 |    0 | 14091 |     0 |
| 391+   |    25819 |    0 | 14091 |     0 |
| 392    |    25819 |    0 | 14091 |     0 |
| 392+   |    25219 |    0 | 14091 |     0 |
| 393    |    25219 |    0 | 14091 |     0 |
| 393+   |    25646 |    0 | 14091 |     0 |
| 394    |    25646 |    0 | 14091 |     0 |
| 394+   |    10346 |    1 | 25733 |     0 |
| 395    |    10346 |    1 | 25733 | 25733 |
| 395+   |     7979 |    1 | 22346 |     0 |
| 396    |     7979 |    1 | 22346 | 22346 |
| 396+   |    11731 |    1 | 32641 |     0 |
| 397    |    11731 |    1 | 32641 | 32641 |
| 397+   |    21634 |    0 | 32641 |     0 |
| 398    |    21634 |    0 | 32641 |     0 |
| 398+   |    30151 |    0 | 32641 |     0 |
| 399    |    30151 |    0 | 32641 |     0 |
| 399+   |    29641 |    1 | 29930 |     0 |
| 400    |    29641 |    1 | 29930 | 29930 |
| 400+   |    22143 |    0 | 29930 |     0 |
| 401    |    22143 |    0 | 29930 |     0 |
| 401+   |    17270 |    1 | 20372 |     0 |
| 402    |    17270 |    1 | 20372 | 20372 |
| 402+   |    18234 |    1 |   944 |     0 |
| 403    |    18234 |    1 |   944 |   944 |
| 403+   |    16990 |    0 |   944 |     0 |
| 404    |    16990 |    0 |   944 |     0 |
| 404+   |     8200 |    1 | 31445 |     0 |
| 405    |     8200 |    1 | 31445 | 31445 |
| 405+   |    24783 |    1 | 14055 |     0 |
| 406    |    24783 |    1 | 14055 | 14055 |
| 406+   |    17639 |    0 | 14055 |     0 |
| 407    |    17639 |    0 | 14055 |     0 |
| 407+   |    13361 |    0 | 14055 |     0 |
| 408    |    13361 |    0 | 14055 |     0 |
| 408+   |     5716 |    1 | 32622 |     0 |
| 409    |     5716 |    1 | 32622 | 32622 |
| 409+   |     9590 |    1 | 18416 |     0 |
| 410    |     9590 |    1 | 18416 | 18416 |
| 410+   |    12922 |    1 |  8734 |     0 |
| 411    |    12922 |    1 |  8734 |  8734 |
| 411+   |    32718 |    0 |  8734 |     0 |
| 412    |    32718 |    0 |  8734 |     0 |
| 412+   |     7089 |    0 |  8734 |     0 |
| 413    |     7089 |    0 |  8734 |     0 |
| 413+   |    13015 |    1 |  6497 |     0 |
| 414    |    13015 |    1 |  6497 |  6497 |
| 414+   |     2300 |    0 |  6497 |     0 |
| 415    |     2300 |    0 |  6497 |     0 |
| 415+   |     4319 |    1 | 18998 |     0 |
| 416    |     4319 |    1 | 18998 | 18998 |
| 416+   |     9249 |    0 | 18998 |     0 |
| 417    |     9249 |    0 | 18998 |     0 |
| 417+   |     1967 |    0 | 18998 |     0 |
| 418    |     1967 |    0 | 18998 |     0 |
| 418+   |     1316 |    0 | 18998 |     0 |
| 419    |     1316 |    0 | 18998 |     0 |
| 419+   |    23817 |    1 | 10420 |     0 |
| 420    |    23817 |    1 | 10420 | 10420 |
| 420+   |    16923 |    1 |  6454 |     0 |
| 421    |    16923 |    1 |  6454 |  6454 |
| 421+   |    14441 |    1 | 21470 |     0 |
| 422    |    14441 |    1 | 21470 | 21470 |
| 422+   |    31590 |    0 | 21470 |     0 |
| 423    |    31590 |    0 | 21470 |     0 |
| 423+   |    31969 |    0 | 21470 |     0 |
| 424    |    31969 |    0 | 21470 |     0 |
| 424+   |     8397 |    0 | 21470 |     0 |
| 425    |     8397 |    0 | 21470 |     0 |
| 425+   |     9050 |    1 | 25796 |     0 |
| 426    |     9050 |    1 | 25796 | 25796 |
| 426+   |    30541 |    0 | 25796 |     0 |
| 427    |    30541 |    0 | 25796 |     0 |
| 427+   |    31653 |    0 | 25796 |     0 |
| 428    |    31653 |    0 | 25796 |     0 |
| 428+   |     2225 |    0 | 25796 |     0 |
| 429    |     2225 |    0 | 25796 |     0 |
| 429+   |    32587 |    0 | 25796 |     0 |
| 430    |    32587 |    0 | 25796 |     0 |
| 430+   |    23976 |    1 | 21075 |     0 |
| 431    |    23976 |    1 | 21075 | 21075 |
| 431+   |    23793 |    1 |  8914 |     0 |
| 432    |    23793 |    1 |  8914 |  8914 |
| 432+   |    21199 |    1 | 11161 |     0 |
| 433    |    21199 |    1 | 11161 | 11161 |
| 433+   |    11357 |    1 |  3463 |     0 |
| 434    |    11357 |    1 |  3463 |  3463 |
| 434+   |    19152 |    0 |  3463 |     0 |
| 435    |    19152 |    0 |  3463 |     0 |
| 435+   |    12206 |    0 |  3463 |     0 |
| 436    |    12206 |    0 |  3463 |     0 |
| 436+   |    17951 |    1 | 10553 |     0 |
| 437    |    17951 |    1 | 10553 | 10553 |
| 437+   |    26915 |    0 | 10553 |     0 |
| 438    |    26915 |    0 | 10553 |     0 |
| 438+   |    17383 |    0 | 10553 |     0 |
| 439    |    17383 |    0 | 10553 |     0 |
| 439+   |    12760 |    0 | 10553 |     0 |
| 440    |    12760 |    0 | 10553 |     0 |
| 440+   |    18874 |    0 | 10553 |     0 |
| 441    |    18874 |    0 | 10553 |     0 |
| 441+   |     3806 |    1 | 14739 |     0 |
| 442    |     3806 |    1 | 14739 | 14739 |
| 442+   |    16073 |    1 |  2754 |     0 |
| 443    |    16073 |    1 |  2754 |  2754 |
| 443+   |    25966 |    1 |  7042 |     0 |
| 444    |    25966 |    1 |  7042 |  7042 |
| 444+   |     3197 |    0 |  7042 |     0 |
| 445    |     3197 |    0 |  7042 |     0 |
| 445+   |      897 |    0 |  7042 |     0 |
| 446    |      897 |    0 |  7042 |     0 |
| 446+   |    31975 |    1 | 15530 |     0 |
| 447    |    31975 |    1 | 15530 | 15530 |
| 447+   |    32153 |    0 | 15530 |     0 |
| 448    |    32153 |    0 | 15530 |     0 |
| 448+   |    29953 |    1 | 19812 |     0 |
| 449    |    29953 |    1 | 19812 | 19812 |
| 449+   |    27067 |    0 | 19812 |     0 |
| 450    |    27067 |    0 | 19812 |     0 |
| 450+   |    14354 |    0 | 19812 |     0 |
| 451    |    14354 |    0 | 19812 |     0 |
| 451+   |    19550 |    0 | 19812 |     0 |
| 452    |    19550 |    0 | 19812 |     0 |
| 452+   |    15871 |    0 | 19812 |     0 |
| 453    |    15871 |    0 | 19812 |     0 |
| 453+   |    13305 |    0 | 19812 |     0 |
| 454    |    13305 |    0 | 19812 |     0 |
| 454+   |    24693 |    1 | 27773 |     0 |
| 455    |    24693 |    1 | 27773 | 27773 |
| 455+   |    27186 |    0 | 27773 |     0 |
| 456    |    27186 |    0 | 27773 |     0 |
| 456+   |    28854 |    0 | 27773 |     0 |
| 457    |    28854 |    0 | 27773 |     0 |
| 457+   |    14626 |    1 | 21808 |     0 |
| 458    |    14626 |    1 | 21808 | 21808 |
| 458+   |     8197 |    1 | 12220 |     0 |
| 459    |     8197 |    1 | 12220 | 12220 |
| 459+   |    16966 |    1 |  7689 |     0 |
| 460    |    16966 |    1 |  7689 |  7689 |
| 460+   |     7636 |    0 |  7689 |     0 |
| 461    |     7636 |    0 |  7689 |     0 |
| 461+   |    30426 |    0 |  7689 |     0 |
| 462    |    30426 |    0 |  7689 |     0 |
| 462+   |     3962 |    0 |  7689 |     0 |
| 463    |     3962 |    0 |  7689 |     0 |
| 463+   |    10324 |    1 |  5025 |     0 |
| 464    |    10324 |    1 |  5025 |  5025 |
| 464+   |    12018 |    0 |  5025 |     0 |
| 465    |    12018 |    0 |  5025 |     0 |
| 465+   |    28422 |    0 |  5025 |     0 |
| 466    |    28422 |    0 |  5025 |     0 |
| 466+   |    22497 |    1 | 19750 |     0 |
| 467    |    22497 |    1 | 19750 | 19750 |
| 467+   |    17128 |    0 | 19750 |     0 |
| 468    |    17128 |    0 | 19750 |     0 |
| 468+   |    28391 |    1 | 12749 |     0 |
| 469    |    28391 |    1 | 12749 | 12749 |
| 469+   |     9986 |    1 | 20605 |     0 |
| 470    |     9986 |    1 | 20605 | 20605 |
| 470+   |    13890 |    1 | 18410 |     0 |
| 471    |    13890 |    1 | 18410 | 18410 |
| 471+   |     3389 |    1 | 30417 |     0 |
| 472    |     3389 |    1 | 30417 | 30417 |
| 472+   |    16408 |    1 | 28129 |     0 |
| 473    |    16408 |    1 | 28129 | 28129 |
| 473+   |    30253 |    0 | 28129 |     0 |
| 474    |    30253 |    0 | 28129 |     0 |
| 474+   |     9862 |    1 | 12069 |     0 |
| 475    |     9862 |    1 | 12069 | 12069 |
| 475+   |     2065 |    0 | 12069 |     0 |
| 476    |     2065 |    0 | 12069 |     0 |
| 476+   |    31708 |    1 |  7953 |     0 |
| 477    |    31708 |    1 |  7953 |  7953 |
| 477+   |    23578 |    1 | 23086 |     0 |
| 478    |    23578 |    1 | 23086 | 23086 |
| 478+   |    20616 |    1 | 11565 |     0 |
| 479    |    20616 |    1 | 11565 | 11565 |
| 479+   |    28811 |    1 | 24978 |     0 |
| 480    |    28811 |    1 | 24978 | 24978 |
| 480+   |    10580 |    0 | 24978 |     0 |
| 481    |    10580 |    0 | 24978 |     0 |
| 481+   |    28030 |    0 | 24978 |     0 |
| 482    |    28030 |    0 | 24978 |     0 |
| 482+   |    29043 |    1 | 24279 |     0 |
| 483    |    29043 |    1 | 24279 | 24279 |
| 483+   |    12787 |    1 | 27547 |     0 |
| 484    |    12787 |    1 | 27547 | 27547 |
| 484+   |    12376 |    1 | 27226 |     0 |
| 485    |    12376 |    1 | 27226 | 27226 |
| 485+   |     3348 |    1 |  2442 |     0 |
| 486    |     3348 |    1 |  2442 |  2442 |
| 486+   |    21873 |    0 |  2442 |     0 |
| 487    |    21873 |    0 |  2442 |     0 |
| 487+   |    11425 |    1 | 17818 |     0 |
| 488    |    11425 |    1 | 17818 | 17818 |
| 488+   |    30198 |    0 | 17818 |     0 |
| 489    |    30198 |    0 | 17818 |     0 |
| 489+   |    22007 |    0 | 17818 |     0 |
| 490    |    22007 |    0 | 17818 |     0 |
| 490+   |     6048 |    1 | 23620 |     0 |
| 491    |     6048 |    1 | 23620 | 23620 |
| 491+   |    22624 |    1 | 11615 |     0 |
| 492    |    22624 |    1 | 11615 | 11615 |
| 492+   |    14095 |    1 | 31959 |     0 |
| 493    |    14095 |    1 | 31959 | 31959 |
| 493+   |      810 |    1 | 28810 |     0 |
| 494    |      810 |    1 | 28810 | 28810 |
| 494+   |     2408 |    1 | 21213 |     0 |
| 495    |     2408 |    1 | 21213 | 21213 |
| 495+   |    14392 |    1 | 21587 |     0 |
| 496    |    14392 |    1 | 21587 | 21587 |
| 496+   |    18379 |    0 | 21587 |     0 |
| 497    |    18379 |    0 | 21587 |     0 |
| 497+   |    12844 |    0 | 21587 |     0 |
| 498    |    12844 |    0 | 21587 |     0 |
| 498+   |    31825 |    1 | 21931 |     0 |
| 499    |    31825 |    1 | 21931 | 21931 |
| 499+   |    19730 |    1 | 10977 |     0 |
| 500    |    19730 |    1 | 10977 | 10977 |
| 500+   |    21185 |    0 | 10977 |     0 |
| 501    |    21185 |    0 | 10977 |     0 |
| 501+   |    28310 |    1 | 24530 |     0 |
| 502    |    28310 |    1 | 24530 | 24530 |
| 502+   |    21220 |    1 |  3261 |     0 |
| 503    |    21220 |    1 |  3261 |  3261 |
| 503+   |    31400 |    1 | 17163 |     0 |
| 504    |    31400 |    1 | 17163 | 17163 |
| 504+   |    13125 |    1 |    72 |     0 |
| 505    |    13125 |    1 |    72 |    72 |
| 505+   |    11375 |    1 |  1399 |     0 |
| 506    |    11375 |    1 |  1399 |  1399 |
| 506+   |    28719 |    0 |  1399 |     0 |
| 507    |    28719 |    0 |  1399 |     0 |
| 507+   |    17053 |    0 |  1399 |     0 |
| 508    |    17053 |    0 |  1399 |     0 |
| 508+   |    13877 |    1 | 15351 |     0 |
| 509    |    13877 |    1 | 15351 | 15351 |
| 509+   |      133 |    1 | 15867 |     0 |
| 510    |      133 |    1 | 15867 | 15867 |
| 510+   |    12132 |    0 | 15867 |     0 |
| 511    |    12132 |    0 | 15867 |     0 |
| 511+   |     3040 |    1 | 15870 |     0 |
| 512    |     3040 |    1 | 15870 | 15870 |
| 512+   |    22158 |    1 | 14898 |     0 |
| 513    |    22158 |    1 | 14898 | 14898 |
| 513+   |    10780 |    1 | 23850 |     0 |
| 514    |    10780 |    1 | 23850 | 23850 |
| 514+   |     8927 |    1 | 18480 |     0 |
| 515    |     8927 |    1 | 18480 | 18480 |
| 515+   |    21638 |    1 | 28331 |     0 |
| 516    |    21638 |    1 | 28331 | 28331 |
| 516+   |    20929 |    0 | 28331 |     0 |
| 517    |    20929 |    0 | 28331 |     0 |
| 517+   |    31262 |    1 | 15987 |     0 |
| 518    |    31262 |    1 | 15987 | 15987 |
| 518+   |     2334 |    1 |   795 |     0 |
| 519    |     2334 |    1 |   795 |   795 |
| 519+   |    23949 |    1 | 24541 |     0 |
| 520    |    23949 |    1 | 24541 | 24541 |
| 520+   |     7244 |    1 |  3609 |     0 |
| 521    |     7244 |    1 |  3609 |  3609 |
| 521+   |    30183 |    0 |  3609 |     0 |
| 522    |    30183 |    0 |  3609 |     0 |
| 522+   |    24095 |    0 |  3609 |     0 |
| 523    |    24095 |    0 |  3609 |     0 |
| 523+   |     4619 |    1 | 18985 |     0 |
| 524    |     4619 |    1 | 18985 | 18985 |
| 524+   |     3769 |    1 |  4272 |     0 |
| 525    |     3769 |    1 |  4272 |  4272 |
| 525+   |     2750 |    1 | 20222 |     0 |
| 526    |     2750 |    1 | 20222 | 20222 |
| 526+   |    21146 |    0 | 20222 |     0 |
| 527    |    21146 |    0 | 20222 |     0 |
| 527+   |     8122 |    1 | 14215 |     0 |
| 528    |     8122 |    1 | 14215 | 14215 |
| 528+   |    28314 |    0 | 14215 |     0 |
| 529    |    28314 |    0 | 14215 |     0 |
| 529+   |    13689 |    0 | 14215 |     0 |
| 530    |    13689 |    0 | 14215 |     0 |
| 530+   |    27801 |    0 | 14215 |     0 |
| 531    |    27801 |    0 | 14215 |     0 |
| 531+   |     5450 |    1 | 18298 |     0 |
| 532    |     5450 |    1 | 18298 | 18298 |
| 532+   |     6077 |    1 |  6984 |     0 |
| 533    |     6077 |    1 |  6984 |  6984 |
| 533+   |     6975 |    0 |  6984 |     0 |
| 534    |     6975 |    0 |  6984 |     0 |
| 534+   |     1411 |    0 |  6984 |     0 |
| 535    |     1411 |    0 |  6984 |     0 |
| 535+   |    11591 |    1 |  6749 |     0 |
| 536    |    11591 |    1 |  6749 |  6749 |
| 536+   |     2111 |    0 |  6749 |     0 |
| 537    |     2111 |    0 |  6749 |     0 |
| 537+   |    32296 |    1 | 31305 |     0 |
| 538    |    32296 |    1 | 31305 | 31305 |
| 538+   |    22969 |    1 | 20602 |     0 |
| 539    |    22969 |    1 | 20602 | 20602 |
| 539+   |     6460 |    1 | 17369 |     0 |
| 540    |     6460 |    1 | 17369 | 17369 |
| 540+   |     3368 |    0 | 17369 |     0 |
| 541    |     3368 |    0 | 17369 |     0 |
| 541+   |     6923 |    1 | 19264 |     0 |
| 542    |     6923 |    1 | 19264 | 19264 |
| 542+   |    27745 |    1 | 18162 |     0 |
| 543    |    27745 |    1 | 18162 | 18162 |
| 543+   |    18080 |    1 | 14648 |     0 |
| 544    |    18080 |    1 | 14648 | 14648 |
| 544+   |    22320 |    0 | 14648 |     0 |
| 545    |    22320 |    0 | 14648 |     0 |
| 545+   |      520 |    0 | 14648 |     0 |
| 546    |      520 |    0 | 14648 |     0 |
| 546+   |    12291 |    0 | 14648 |     0 |
| 547    |    12291 |    0 | 14648 |     0 |
| 547+   |    29200 |    0 | 14648 |     0 |
| 548    |    29200 |    0 | 14648 |     0 |
| 548+   |    19746 |    0 | 14648 |     0 |
| 549    |    19746 |    0 | 14648 |     0 |
| 549+   |    25723 |    1 | 13865 |     0 |
| 550    |    25723 |    1 | 13865 | 13865 |
| 550+   |    17611 |    0 | 13865 |     0 |
| 551    |    17611 |    0 | 13865 |     0 |
| 551+   |    28797 |    0 | 13865 |     0 |
| 552    |    28797 |    0 | 13865 |     0 |
| 552+   |     8767 |    1 | 15114 |     0 |
| 553    |     8767 |    1 | 15114 | 15114 |
| 553+   |    11237 |    0 | 15114 |     0 |
| 554    |    11237 |    0 | 15114 |     0 |
| 554+   |     6135 |    1 |  8490 |     0 |
| 555    |     6135 |    1 |  8490 |  8490 |
| 555+   |     8545 |    1 | 17539 |     0 |
| 556    |     8545 |    1 | 17539 | 17539 |
| 556+   |    25335 |    1 | 17438 |     0 |
| 557    |    25335 |    1 | 17438 | 17438 |
| 557+   |    29481 |    1 |  9115 |     0 |
| 558    |    29481 |    1 |  9115 |  9115 |
| 558+   |    10774 |    0 |  9115 |     0 |
| 559    |    10774 |    0 |  9115 |     0 |
| 559+   |    22302 |    1 | 20399 |     0 |
| 560    |    22302 |    1 | 20399 | 20399 |
| 560+   |    25531 |    0 | 20399 |     0 |
| 561    |    25531 |    0 | 20399 |     0 |
| 561+   |    30736 |    0 | 20399 |     0 |
| 562    |    30736 |    0 | 20399 |     0 |
| 562+   |    19899 |    1 | 23494 |     0 |
| 563    |    19899 |    1 | 23494 | 23494 |
| 563+   |    23028 |    0 | 23494 |     0 |
| 564    |    23028 |    0 | 23494 |     0 |
| 564+   |     9342 |    1 | 14253 |     0 |
| 565    |     9342 |    1 | 14253 | 14253 |
| 565+   |    10587 |    0 | 14253 |     0 |
| 566    |    10587 |    0 | 14253 |     0 |
| 566+   |    22544 |    1 | 13661 |     0 |
| 567    |    22544 |    1 | 13661 | 13661 |
| 567+   |     7902 |    0 | 13661 |     0 |
| 568    |     7902 |    0 | 13661 |     0 |
| 568+   |    25848 |    0 | 13661 |     0 |
| 569    |    25848 |    0 | 13661 |     0 |
| 569+   |     2474 |    0 | 13661 |     0 |
| 570    |     2474 |    0 | 13661 |     0 |
| 570+   |     4910 |    1 | 21351 |     0 |
| 571    |     4910 |    1 | 21351 | 21351 |
| 571+   |      746 |    1 | 10612 |     0 |
| 572    |      746 |    1 | 10612 | 10612 |
| 572+   |    12114 |    1 | 13281 |     0 |
| 573    |    12114 |    1 | 13281 | 13281 |
| 573+   |     3812 |    1 |  9099 |     0 |
| 574    |     3812 |    1 |  9099 |  9099 |
| 574+   |     9427 |    0 |  9099 |     0 |
| 575    |     9427 |    0 |  9099 |     0 |
| 575+   |    27887 |    0 |  9099 |     0 |
| 576    |    27887 |    0 |  9099 |     0 |
| 576+   |     9085 |    0 |  9099 |     0 |
| 577    |     9085 |    0 |  9099 |     0 |
| 577+   |    13401 |    0 |  9099 |     0 |
| 578    |    13401 |    0 |  9099 |     0 |
| 578+   |    11653 |    0 |  9099 |     0 |
| 579    |    11653 |    0 |  9099 |     0 |
| 579+   |    14263 |    0 |  9099 |     0 |
| 580    |    14263 |    0 |  9099 |     0 |
| 580+   |    10031 |    0 |  9099 |     0 |
| 581    |    10031 |    0 |  9099 |     0 |
| 581+   |    23032 |    1 | 18860 |     0 |
| 582    |    23032 |    1 | 18860 | 18860 |
| 582+   |    25943 |    1 | 25513 |     0 |
| 583    |    25943 |    1 | 25513 | 25513 |
| 583+   |    11882 |    0 | 25513 |     0 |
| 584    |    11882 |    0 | 25513 |     0 |
| 584+   |    19022 |    1 | 12872 |     0 |
| 585    |    19022 |    1 | 12872 | 12872 |
| 585+   |      785 |    0 | 12872 |     0 |
| 586    |      785 |    0 | 12872 |     0 |
| 586+   |    27658 |    0 | 12872 |     0 |
| 587    |    27658 |    0 | 12872 |     0 |
| 587+   |     9547 |    0 | 12872 |     0 |
| 588    |     9547 |    0 | 12872 |     0 |
| 588+   |    14541 |    0 | 12872 |     0 |
| 589    |    14541 |    0 | 12872 |     0 |
| 589+   |    18496 |    1 | 26397 |     0 |
| 590    |    18496 |    1 | 26397 | 26397 |
| 590+   |    13510 |    1 |  1691 |     0 |
| 591    |    13510 |    1 |  1691 |  1691 |
| 591+   |    29567 |    0 |  1691 |     0 |
| 592    |    29567 |    0 |  1691 |     0 |
| 592+   |     6967 |    0 |  1691 |     0 |
| 593    |     6967 |    0 |  1691 |     0 |
| 593+   |    16246 |    1 | 15024 |     0 |
| 594    |    16246 |    1 | 15024 | 15024 |
| 594+   |     4325 |    0 | 15024 |     0 |
| 595    |     4325 |    0 | 15024 |     0 |
| 595+   |    28714 |    1 |  8514 |     0 |
| 596    |    28714 |    1 |  8514 |  8514 |
| 596+   |    21087 |    0 |  8514 |     0 |
| 597    |    21087 |    0 |  8514 |     0 |
| 597+   |    12865 |    0 |  8514 |     0 |
| 598    |    12865 |    0 |  8514 |     0 |
| 598+   |    17655 |    0 |  8514 |     0 |
| 599    |    17655 |    0 |  8514 |     0 |
| 599+   |     3384 |    0 |  8514 |     0 |
| 600    |     3384 |    0 |  8514 |     0 |
| 600+   |    27598 |    0 |  8514 |     0 |
| 601    |    27598 |    0 |  8514 |     0 |
| 601+   |    31125 |    1 | 30423 |     0 |
| 602    |    31125 |    1 | 30423 | 30423 |
| 602+   |    28594 |    0 | 30423 |     0 |
| 603    |    28594 |    0 | 30423 |     0 |
| 603+   |     1371 |    0 | 30423 |     0 |
| 604    |     1371 |    0 | 30423 |     0 |
| 604+   |     6845 |    0 | 30423 |     0 |
| 605    |     6845 |    0 | 30423 |     0 |
| 605+   |     5031 |    0 | 30423 |     0 |
| 606    |     5031 |    0 | 30423 |     0 |
| 606+   |    26216 |    1 |  6557 |     0 |
| 607    |    26216 |    1 |  6557 |  6557 |
| 607+   |    20372 |    1 | 21547 |     0 |
| 608    |    20372 |    1 | 21547 | 21547 |
| 608+   |    26149 |    0 | 21547 |     0 |
| 609    |    26149 |    0 | 21547 |     0 |
| 609+   |    15521 |    0 | 21547 |     0 |
| 610    |    15521 |    0 | 21547 |     0 |
| 610+   |    18765 |    0 | 21547 |     0 |
| 611    |    18765 |    0 | 21547 |     0 |
| 611+   |    19396 |    1 | 14644 |     0 |
| 612    |    19396 |    1 | 14644 | 14644 |
| 612+   |    21196 |    0 | 14644 |     0 |
| 613    |    21196 |    0 | 14644 |     0 |
| 613+   |    23236 |    0 | 14644 |     0 |
| 614    |    23236 |    0 | 14644 |     0 |
| 614+   |    19107 |    0 | 14644 |     0 |
| 615    |    19107 |    0 | 14644 |     0 |
| 615+   |     6277 |    0 | 14644 |     0 |
| 616    |     6277 |    0 | 14644 |     0 |
| 616+   |     8546 |    1 | 18796 |     0 |
| 617    |     8546 |    1 | 18796 | 18796 |
| 617+   |    11491 |    1 | 22647 |     0 |
| 618    |    11491 |    1 | 22647 | 22647 |
| 618+   |     7953 |    0 | 22647 |     0 |
| 619    |     7953 |    0 | 22647 |     0 |
| 619+   |    18657 |    1 | 21805 |     0 |
| 620    |    18657 |    1 | 21805 | 21805 |
| 620+   |    10376 |    1 | 28151 |     0 |
| 621    |    10376 |    1 | 28151 | 28151 |
| 621+   |     2069 |    0 | 28151 |     0 |
| 622    |     2069 |    0 | 28151 |     0 |
| 622+   |     4316 |    0 | 28151 |     0 |
| 623    |     4316 |    0 | 28151 |     0 |
| 623+   |    18061 |    1 | 21021 |     0 |
| 624    |    18061 |    1 | 21021 | 21021 |
| 624+   |     2734 |    0 | 21021 |     0 |
| 625    |     2734 |    0 | 21021 |     0 |
| 625+   |    23284 |    0 | 21021 |     0 |
| 626    |    23284 |    0 | 21021 |     0 |
| 626+   |    12702 |    0 | 21021 |     0 |
| 627    |    12702 |    0 | 21021 |     0 |
| 627+   |    28942 |    0 | 21021 |     0 |
| 628    |    28942 |    0 | 21021 |     0 |
| 628+   |    22300 |    0 | 21021 |     0 |
| 629    |    22300 |    0 | 21021 |     0 |
| 629+   |    12770 |    1 | 17487 |     0 |
| 630    |    12770 |    1 | 17487 | 17487 |
| 630+   |    12321 |    0 | 17487 |     0 |
| 631    |    12321 |    0 | 17487 |     0 |
| 631+   |    20058 |    0 | 17487 |     0 |
| 632    |    20058 |    0 | 17487 |     0 |
| 632+   |    18402 |    1 |  6670 |     0 |
| 633    |    18402 |    1 |  6670 |  6670 |
| 633+   |    19733 |    0 |  6670 |     0 |
| 634    |    19733 |    0 |  6670 |     0 |
| 634+   |    10616 |    1 |  3954 |     0 |
| 635    |    10616 |    1 |  3954 |  3954 |
| 635+   |    13622 |    1 | 22331 |     0 |
| 636    |    13622 |    1 | 22331 | 22331 |
| 636+   |     5201 |    0 | 22331 |     0 |
| 637    |     5201 |    0 | 22331 |     0 |
| 637+   |    16515 |    0 | 22331 |     0 |
| 638    |    16515 |    0 | 22331 |     0 |
| 638+   |     5325 |    0 | 22331 |     0 |
| 639    |     5325 |    0 | 22331 |     0 |
| 639+   |    14621 |    1 | 21551 |     0 |
| 640    |    14621 |    1 | 21551 | 21551 |
| 640+   |     2334 |    0 | 21551 |   795 |
| 641    |     2334 |    0 | 21551 |   795 |
| 641+   |    27734 |    1 |   908 |     0 |
| 642    |    27734 |    1 |   908 |   908 |
| 642+   |    29918 |    1 | 30772 |     0 |
| 643    |    29918 |    1 | 30772 | 30772 |
| 643+   |    17580 |    1 | 16849 |     0 |
| 644    |    17580 |    1 | 16849 | 16849 |
| 644+   |    21877 |    0 | 16849 |     0 |
| 645    |    21877 |    0 | 16849 |     0 |
| 645+   |     6364 |    0 | 16849 |     0 |
| 646    |     6364 |    0 | 16849 |     0 |
| 646+   |     3491 |    1 | 15129 |     0 |
| 647    |     3491 |    1 | 15129 | 15129 |
| 647+   |     3330 |    0 | 15129 |     0 |
| 648    |     3330 |    0 | 15129 |     0 |
| 648+   |    19440 |    1 | 18441 |     0 |
| 649    |    19440 |    1 | 18441 | 18441 |
| 649+   |    10620 |    0 | 18441 |     0 |
| 650    |    10620 |    0 | 18441 |     0 |
| 650+   |    10275 |    0 | 18441 |     0 |
| 651    |    10275 |    0 | 18441 |     0 |
| 651+   |    25444 |    0 | 18441 |     0 |
| 652    |    25444 |    0 | 18441 |     0 |
| 652+   |    27548 |    1 | 22048 |     0 |
| 653    |    27548 |    1 | 22048 | 22048 |
| 653+   |    30877 |    1 | 13186 |     0 |
| 654    |    30877 |    1 | 13186 | 13186 |
| 654+   |    15326 |    0 | 13186 |     0 |
| 655    |    15326 |    0 | 13186 |     0 |
| 655+   |    30851 |    0 | 13186 |     0 |
| 656    |    30851 |    0 | 13186 |     0 |
| 656+   |    23102 |    1 | 28235 |     0 |
| 657    |    23102 |    1 | 28235 | 28235 |
| 657+   |    26912 |    0 | 28235 |     0 |
| 658    |    26912 |    0 | 28235 |     0 |
| 658+   |     7119 |    0 | 28235 |     0 |
| 659    |     7119 |    0 | 28235 |     0 |
| 659+   |    18638 |    0 | 28235 |     0 |
| 660    |    18638 |    0 | 28235 |     0 |
| 660+   |    20100 |    0 | 28235 |     0 |
| 661    |    20100 |    0 | 28235 |     0 |
| 661+   |    20226 |    1 | 13053 |     0 |
| 662    |    20226 |    1 | 13053 | 13053 |
| 662+   |     2868 |    1 | 21244 |     0 |
| 663    |     2868 |    1 | 21244 | 21244 |
| 663+   |    18341 |    1 | 11264 |     0 |
| 664    |    18341 |    1 | 11264 | 11264 |
| 664+   |    30709 |    1 |  1123 |     0 |
| 665    |    30709 |    1 |  1123 |  1123 |
| 665+   |    24413 |    1 | 31082 |     0 |
| 666    |    24413 |    1 | 31082 | 31082 |
| 666+   |     8058 |    0 | 31082 |     0 |
| 667    |     8058 |    0 | 31082 |     0 |
| 667+   |    31545 |    1 | 31599 |     0 |
| 668    |    31545 |    1 | 31599 | 31599 |
| 668+   |     9657 |    0 | 31599 |     0 |
| 669    |     9657 |    0 | 31599 |     0 |
| 669+   |    31098 |    0 | 31599 |     0 |
| 670    |    31098 |    0 | 31599 |     0 |
| 670+   |     6025 |    0 | 31599 |     0 |
| 671    |     6025 |    0 | 31599 |     0 |
| 671+   |    10705 |    1 |  9464 |     0 |
| 672    |    10705 |    1 |  9464 |  9464 |
| 672+   |    25500 |    1 | 14521 |     0 |
| 673    |    25500 |    1 | 14521 | 14521 |
| 673+   |     5025 |    1 |  1293 |     0 |
| 674    |     5025 |    1 |  1293 |  1293 |
| 674+   |     4917 |    0 |  1293 |     0 |
| 675    |     4917 |    0 |  1293 |     0 |
| 675+   |    10437 |    1 | 13874 |     0 |
| 676    |    10437 |    1 | 13874 | 13874 |
| 676+   |     9177 |    0 | 13874 |     0 |
| 677    |     9177 |    0 | 13874 |     0 |
| 677+   |    31173 |    0 | 13874 |     0 |
| 678    |    31173 |    0 | 13874 |     0 |
| 678+   |    28863 |    0 | 13874 |     0 |
| 679    |    28863 |    0 | 13874 |     0 |
| 679+   |     1108 |    1 | 21857 |     0 |
| 680    |     1108 |    1 | 21857 | 21857 |
| 680+   |    30120 |    0 | 21857 |     0 |
| 681    |    30120 |    0 | 21857 |     0 |
| 681+   |    22590 |    1 | 21175 |     0 |
| 682    |    22590 |    1 | 21175 | 21175 |
| 682+   |    21926 |    1 |  7863 |     0 |
| 683    |    21926 |    1 |  7863 |  7863 |
| 683+   |    21713 |    1 | 21278 |     0 |
| 684    |    21713 |    1 | 21278 | 21278 |
| 684+   |    15909 |    0 | 21278 |     0 |
| 685    |    15909 |    0 | 21278 |     0 |
| 685+   |    19142 |    1 | 22425 |     0 |
| 686    |    19142 |    1 | 22425 | 22425 |
| 686+   |    29391 |    1 | 13728 |     0 |
| 687    |    29391 |    1 | 13728 | 13728 |
| 687+   |    27920 |    0 | 13728 |     0 |
| 688    |    27920 |    0 | 13728 |     0 |
| 688+   |    20003 |    1 | 17493 |     0 |
| 689    |    20003 |    1 | 17493 | 17493 |
| 689+   |    16740 |    1 |  8964 |     0 |
| 690    |    16740 |    1 |  8964 |  8964 |
| 690+   |    21301 |    1 | 23318 |     0 |
| 691    |    21301 |    1 | 23318 | 23318 |
| 691+   |    10369 |    0 | 23318 |     0 |
| 692    |    10369 |    0 | 23318 |     0 |
| 692+   |     6871 |    1 |  2336 |     0 |
| 693    |     6871 |    1 |  2336 |  2336 |
| 693+   |    22866 |    1 |  8704 |     0 |
| 694    |    22866 |    1 |  8704 |  8704 |
| 694+   |       68 |    0 |  8704 |     0 |
| 695    |       68 |    0 |  8704 |     0 |
| 695+   |     2314 |    0 |  8704 |     0 |
| 696    |     2314 |    0 |  8704 |     0 |
| 696+   |    24705 |    1 | 10038 |     0 |
| 697    |    24705 |    1 | 10038 | 10038 |
| 697+   |    24646 |    1 | 11102 |     0 |
| 698    |    24646 |    1 | 11102 | 11102 |
| 698+   |    23886 |    1 | 14183 |     0 |
| 699    |    23886 |    1 | 14183 | 14183 |
| 699+   |    21933 |    0 | 14183 |     0 |
| 700    |    21933 |    0 | 14183 |     0 |
| 700+   |    26749 |    0 | 14183 |     0 |
| 701    |    26749 |    0 | 14183 |     0 |
| 701+   |     7805 |    1 | 28370 |     0 |
| 702    |     7805 |    1 | 28370 | 28370 |
| 702+   |    12223 |    0 | 28370 |     0 |
| 703    |    12223 |    0 | 28370 |     0 |
| 703+   |    19204 |    0 | 28370 |     0 |
| 704    |    19204 |    0 | 28370 |     0 |
| 704+   |    25302 |    0 | 28370 |     0 |
| 705    |    25302 |    0 | 28370 |     0 |
| 705+   |    16380 |    0 | 28370 |     0 |
| 706    |    16380 |    0 | 28370 |     0 |
| 706+   |    24525 |    1 | 21719 |     0 |
| 707    |    24525 |    1 | 21719 | 21719 |
| 707+   |    32311 |    1 |  3427 |     0 |
| 708    |    32311 |    1 |  3427 |  3427 |
| 708+   |    21651 |    1 | 30245 |     0 |
| 709    |    21651 |    1 | 30245 | 30245 |
| 709+   |    13411 |    1 |  8892 |     0 |
| 710    |    13411 |    1 |  8892 |  8892 |
| 710+   |    11829 |    0 |  8892 |     0 |
| 711    |    11829 |    0 |  8892 |     0 |
| 711+   |     8288 |    1 |  4324 |     0 |
| 712    |     8288 |    1 |  4324 |  4324 |
| 712+   |    22809 |    0 |  4324 |     0 |
| 713    |    22809 |    0 |  4324 |     0 |
| 713+   |    32206 |    1 | 13282 |     0 |
| 714    |    32206 |    1 | 13282 | 13282 |
| 714+   |     1070 |    1 | 20225 |     0 |
| 715    |     1070 |    1 | 20225 | 20225 |
| 715+   |    18263 |    0 | 20225 |     0 |
| 716    |    18263 |    0 | 20225 |     0 |
| 716+   |    17418 |    1 | 24738 |     0 |
| 717    |    17418 |    1 | 24738 | 24738 |
| 717+   |    23512 |    0 | 24738 |     0 |
| 718    |    23512 |    0 | 24738 |     0 |
| 718+   |     7809 |    1 | 13946 |     0 |
| 719    |     7809 |    1 | 13946 | 13946 |
| 719+   |    10535 |    0 | 13946 |     0 |
| 720    |    10535 |    0 | 13946 |     0 |
| 720+   |    32303 |    1 |   262 |     0 |
| 721    |    32303 |    1 |   262 |   262 |
| 721+   |    23959 |    0 |   262 |     0 |
| 722    |    23959 |    0 |   262 |     0 |
| 722+   |     8624 |    0 |   262 |     0 |
| 723    |     8624 |    0 |   262 |     0 |
| 723+   |    23538 |    1 | 31221 |     0 |
| 724    |    23538 |    1 | 31221 | 31221 |
| 724+   |      454 |    0 | 31221 |     0 |
| 725    |      454 |    0 | 31221 |     0 |
| 725+   |    23433 |    1 | 15073 |     0 |
| 726    |    23433 |    1 | 15073 | 15073 |
| 726+   |      884 |    1 |  3611 |     0 |
| 727    |      884 |    1 |  3611 |  3611 |
| 727+   |    25529 |    0 |  3611 |     0 |
| 728    |    25529 |    0 |  3611 |     0 |
| 728+   |     4771 |    0 |  3611 |     0 |
| 729    |     4771 |    0 |  3611 |     0 |
| 729+   |    28166 |    1 |  7045 |     0 |
| 730    |    28166 |    1 |  7045 |  7045 |
| 730+   |    17238 |    1 |  6394 |     0 |
| 731    |    17238 |    1 |  6394 |  6394 |
| 731+   |    27884 |    0 |  6394 |     0 |
| 732    |    27884 |    0 |  6394 |     0 |
| 732+   |     2170 |    1 | 15659 |     0 |
| 733    |     2170 |    1 | 15659 | 15659 |
| 733+   |    22816 |    0 | 15659 |     0 |
| 734    |    22816 |    0 | 15659 |     0 |
| 734+   |    20090 |    1 | 10303 |     0 |
| 735    |    20090 |    1 | 10303 | 10303 |
| 735+   |      835 |    1 | 18937 |     0 |
| 736    |      835 |    1 | 18937 | 18937 |
| 736+   |    26123 |    0 | 18937 |     0 |
| 737    |    26123 |    0 | 18937 |     0 |
| 737+   |    10311 |    1 | 30320 |     0 |
| 738    |    10311 |    1 | 30320 | 30320 |
| 738+   |    17567 |    1 | 14672 |     0 |
| 739    |    17567 |    1 | 14672 | 14672 |
| 739+   |    13892 |    1 | 16003 |     0 |
| 740    |    13892 |    1 | 16003 | 16003 |
| 740+   |    19056 |    0 | 16003 |     0 |
| 741    |    19056 |    0 | 16003 |     0 |
| 741+   |      621 |    1 | 28164 |     0 |
| 742    |      621 |    1 | 28164 | 28164 |
| 742+   |      314 |    1 |  5775 |     0 |
| 743    |      314 |    1 |  5775 |  5775 |
| 743+   |     2919 |    0 |  5775 |     0 |
| 744    |     2919 |    0 |  5775 |     0 |
| 744+   |     6868 |    0 |  5775 |     0 |
| 745    |     6868 |    0 |  5775 |     0 |
| 745+   |     5335 |    0 |  5775 |     0 |
| 746    |     5335 |    0 |  5775 |     0 |
| 746+   |    20429 |    0 |  5775 |     0 |
| 747    |    20429 |    0 |  5775 |     0 |
| 747+   |    14336 |    1 |   699 |     0 |
| 748    |    14336 |    1 |   699 |   699 |
| 748+   |    20245 |    0 |   699 |     0 |
| 749    |    20245 |    0 |   699 |     0 |
| 749+   |     8732 |    0 |   699 |     0 |
| 750    |     8732 |    0 |   699 |     0 |
| 750+   |    12370 |    1 | 15079 |     0 |
| 751    |    12370 |    1 | 15079 | 15079 |
| 751+   |    17016 |    1 | 13114 |     0 |
| 752    |    17016 |    1 | 13114 | 13114 |
| 752+   |    26046 |    0 | 13114 |     0 |
| 753    |    26046 |    0 | 13114 |     0 |
| 753+   |    15763 |    1 | 11080 |     0 |
| 754    |    15763 |    1 | 11080 | 11080 |
| 754+   |    17103 |    1 |  2646 |     0 |
| 755    |    17103 |    1 |  2646 |  2646 |
| 755+   |     7345 |    0 |  2646 |     0 |
| 756    |     7345 |    0 |  2646 |     0 |
| 756+   |    27784 |    1 | 19282 |     0 |
| 757    |    27784 |    1 | 19282 | 19282 |
| 757+   |     4564 |    1 | 24246 |     0 |
| 758    |     4564 |    1 | 24246 | 24246 |
| 758+   |      888 |    0 | 24246 |     0 |
| 759    |      888 |    0 | 24246 |     0 |
| 759+   |     1371 |    1 | 27076 |     0 |
| 760    |     1371 |    1 | 27076 | 27076 |
| 760+   |    15143 |    0 | 27076 |     0 |
| 761    |    15143 |    0 | 27076 |     0 |
| 761+   |    16777 |    1 | 32153 |     0 |
| 762    |    16777 |    1 | 32153 | 32153 |
| 762+   |    27143 |    0 | 32153 |     0 |
| 763    |    27143 |    0 | 32153 |     0 |
| 763+   |     9477 |    0 | 32153 |     0 |
| 764    |     9477 |    0 | 32153 |     0 |
| 764+   |    10329 |    0 | 32153 |     0 |
| 765    |    10329 |    0 | 32153 |     0 |
| 765+   |    15467 |    0 | 32153 |     0 |
| 766    |    15467 |    0 | 32153 |     0 |
| 766+   |    15603 |    0 | 32153 |     0 |
| 767    |    15603 |    0 | 32153 |     0 |
| 767+   |    14263 |    1 | 13137 |     0 |
| 768    |    14263 |    1 | 13137 | 13137 |
| 768+   |    27257 |    0 | 13137 |     0 |
| 769    |    27257 |    0 | 13137 |     0 |
| 769+   |     1297 |    1 | 20733 |     0 |
| 770    |     1297 |    1 | 20733 | 20733 |
| 770+   |    31596 |    0 | 20733 |     0 |
| 771    |    31596 |    0 | 20733 |     0 |
| 771+   |    15014 |    1 | 19879 |     0 |
| 772    |    15014 |    1 | 19879 | 19879 |
| 772+   |     6398 |    0 | 19879 |     0 |
| 773    |     6398 |    0 | 19879 |     0 |
| 773+   |      671 |    1 | 25530 |     0 |
| 774    |      671 |    1 | 25530 | 25530 |
| 774+   |     8776 |    1 | 18146 |     0 |
| 775    |     8776 |    1 | 18146 | 18146 |
| 775+   |    18624 |    1 | 30724 |     0 |
| 776    |    18624 |    1 | 30724 | 30724 |
| 776+   |     4612 |    1 | 24358 |     0 |
| 777    |     4612 |    1 | 24358 | 24358 |
| 777+   |    14874 |    1 |  8918 |     0 |
| 778    |    14874 |    1 |  8918 |  8918 |
| 778+   |    22025 |    0 |  8918 |     0 |
| 779    |    22025 |    0 |  8918 |     0 |
| 779+   |    32209 |    1 | 11902 |     0 |
| 780    |    32209 |    1 | 11902 | 11902 |
| 780+   |     2378 |    0 | 11902 |     0 |
| 781    |     2378 |    0 | 11902 |     0 |
| 781+   |      186 |    1 |   936 |     0 |
| 782    |      186 |    1 |   936 |   936 |
| 782+   |    13202 |    0 |   936 |     0 |
| 783    |    13202 |    0 |   936 |     0 |
| 783+   |    10398 |    1 |  8793 |     0 |
| 784    |    10398 |    1 |  8793 |  8793 |
| 784+   |    32409 |    0 |  8793 |     0 |
| 785    |    32409 |    0 |  8793 |     0 |
| 785+   |     1810 |    1 |  1074 |     0 |
| 786    |     1810 |    1 |  1074 |  1074 |
| 786+   |    12680 |    0 |  1074 |     0 |
| 787    |    12680 |    0 |  1074 |     0 |
| 787+   |    21505 |    0 |  1074 |     0 |
| 788    |    21505 |    0 |  1074 |     0 |
| 788+   |     2699 |    1 | 21908 |     0 |
| 789    |     2699 |    1 | 21908 | 21908 |
| 789+   |     7611 |    0 | 21908 |     0 |
| 790    |     7611 |    0 | 21908 |     0 |
| 790+   |    27296 |    1 | 19866 |     0 |
| 791    |    27296 |    1 | 19866 | 19866 |
| 791+   |    22252 |    1 | 25271 |     0 |
| 792    |    22252 |    1 | 25271 | 25271 |
| 792+   |    25475 |    1 | 32097 |     0 |
| 793    |    25475 |    1 | 32097 | 32097 |
| 793+   |    29629 |    0 | 32097 |     0 |
| 794    |    29629 |    0 | 32097 |     0 |
| 794+   |     3788 |    1 |  2375 |     0 |
| 795    |     3788 |    1 |  2375 |  2375 |
| 795+   |    30555 |    0 |  2375 |     0 |
| 796    |    30555 |    0 |  2375 |     0 |
| 796+   |    13972 |    1 | 30667 |     0 |
| 797    |    13972 |    1 | 30667 | 30667 |
| 797+   |    17322 |    0 | 30667 |     0 |
| 798    |    17322 |    0 | 30667 |     0 |
| 798+   |    30487 |    0 | 30667 |     0 |
| 799    |    30487 |    0 | 30667 |     0 |
| 799+   |    18300 |    0 | 30667 |     0 |
| 800    |    18300 |    0 | 30667 |     0 |
| 800+   |    24385 |    0 | 30667 |     0 |
| 801    |    24385 |    0 | 30667 |     0 |
| 801+   |     5451 |    0 | 30667 |     0 |
| 802    |     5451 |    0 | 30667 |     0 |
| 802+   |    21663 |    1 |  6279 |     0 |
| 803    |    21663 |    1 |  6279 |  6279 |
| 803+   |    23158 |    0 |  6279 |     0 |
| 804    |    23158 |    0 |  6279 |     0 |
| 804+   |     6478 |    1 | 28539 |     0 |
| 805    |     6478 |    1 | 28539 | 28539 |
| 805+   |    10237 |    1 |  7259 |     0 |
| 806    |    10237 |    1 |  7259 |  7259 |
| 806+   |     4647 |    1 | 32301 |     0 |
| 807    |     4647 |    1 | 32301 | 32301 |
| 807+   |     9519 |    0 | 32301 |     0 |
| 808    |     9519 |    0 | 32301 |     0 |
| 808+   |    27828 |    1 |  9004 |     0 |
| 809    |    27828 |    1 |  9004 |  9004 |
| 809+   |    14608 |    0 |  9004 |     0 |
| 810    |    14608 |    0 |  9004 |     0 |
| 810+   |    19507 |    0 |  9004 |     0 |
| 811    |    19507 |    0 |  9004 |     0 |
| 811+   |    14816 |    0 |  9004 |     0 |
| 812    |    14816 |    0 |  9004 |     0 |
| 812+   |    17661 |    1 | 29812 |     0 |
| 813    |    17661 |    1 | 29812 | 29812 |
| 813+   |     7659 |    1 |  4220 |     0 |
| 814    |     7659 |    1 |  4220 |  4220 |
| 814+   |    15339 |    0 |  4220 |     0 |
| 815    |    15339 |    0 |  4220 |     0 |
| 815+   |    29770 |    0 |  4220 |     0 |
| 816    |    29770 |    0 |  4220 |     0 |
| 816+   |    30681 |    1 |  9237 |     0 |
| 817    |    30681 |    1 |  9237 |  9237 |
| 817+   |    23815 |    0 |  9237 |     0 |
| 818    |    23815 |    0 |  9237 |     0 |
| 818+   |    22830 |    1 |  7660 |     0 |
| 819    |    22830 |    1 |  7660 |  7660 |
| 819+   |    25215 |    0 |  7660 |     0 |
| 820    |    25215 |    0 |  7660 |     0 |
| 820+   |     1166 |    1 | 25268 |     0 |
| 821    |     1166 |    1 | 25268 | 25268 |
| 821+   |     1924 |    0 | 25268 |     0 |
| 822    |     1924 |    0 | 25268 |     0 |
| 822+   |    15439 |    1 | 32377 |     0 |
| 823    |    15439 |    1 | 32377 | 32377 |
| 823+   |    30866 |    1 | 20399 |     0 |
| 824    |    30866 |    1 | 20399 | 20399 |
| 824+   |    27406 |    1 |  7524 |     0 |
| 825    |    27406 |    1 |  7524 |  7524 |
| 825+   |    32331 |    0 |  7524 |     0 |
| 826    |    32331 |    0 |  7524 |     0 |
| 826+   |    28581 |    0 |  7524 |     0 |
| 827    |    28581 |    0 |  7524 |     0 |
| 827+   |    11396 |    0 |  7524 |     0 |
| 828    |    11396 |    0 |  7524 |     0 |
| 828+   |     9645 |    1 | 14000 |     0 |
| 829    |     9645 |    1 | 14000 | 14000 |
| 829+   |    15381 |    1 |   331 |     0 |
| 830    |    15381 |    1 |   331 |   331 |
| 830+   |     8890 |    1 |  8132 |     0 |
| 831    |     8890 |    1 |  8132 |  8132 |
| 831+   |     1299 |    1 | 20159 |     0 |
| 832    |     1299 |    1 | 20159 | 20159 |
| 832+   |      359 |    0 | 20159 |     0 |
| 833    |      359 |    0 | 20159 |     0 |
| 833+   |    19855 |    0 | 20159 |     0 |
| 834    |    19855 |    0 | 20159 |     0 |
| 834+   |    19415 |    0 | 20159 |     0 |
| 835    |    19415 |    0 | 20159 |     0 |
| 835+   |     6362 |    0 | 20159 |     0 |
| 836    |     6362 |    0 | 20159 |     0 |
| 836+   |     4381 |    1 | 24545 |     0 |
| 837    |     4381 |    1 | 24545 | 24545 |
| 837+   |    27850 |    1 |  3725 |     0 |
| 838    |    27850 |    1 |  3725 |  3725 |
| 838+   |     5241 |    1 | 20957 |     0 |
| 839    |     5241 |    1 | 20957 | 20957 |
| 839+   |      505 |    0 | 20957 |     0 |
| 840    |      505 |    0 | 20957 |     0 |
| 840+   |    17958 |    0 | 20957 |     0 |
| 841    |    17958 |    0 | 20957 |     0 |
| 841+   |    10941 |    1 | 26952 |     0 |
| 842    |    10941 |    1 | 26952 | 26952 |
| 842+   |     2139 |    0 | 26952 |     0 |
| 843    |     2139 |    0 | 26952 |     0 |
| 843+   |    16983 |    0 | 26952 |     0 |
| 844    |    16983 |    0 | 26952 |     0 |
| 844+   |    24501 |    0 | 26952 |     0 |
| 845    |    24501 |    0 | 26952 |     0 |
| 845+   |    19547 |    0 | 26952 |     0 |
| 846    |    19547 |    0 | 26952 |     0 |
| 846+   |    22564 |    0 | 26952 |     0 |
| 847    |    22564 |    0 | 26952 |     0 |
| 847+   |    26727 |    0 | 26952 |     0 |
| 848    |    26727 |    0 | 26952 |     0 |
| 848+   |    25557 |    1 | 29424 |     0 |
| 849    |    25557 |    1 | 29424 | 29424 |
| 849+   |    24131 |    0 | 29424 |     0 |
| 850    |    24131 |    0 | 29424 |     0 |
| 850+   |     7114 |    0 | 29424 |     0 |
| 851    |     7114 |    0 | 29424 |     0 |
| 851+   |     3202 |    1 | 27648 |     0 |
| 852    |     3202 |    1 | 27648 | 27648 |
| 852+   |    17877 |    1 | 28315 |     0 |
| 853    |    17877 |    1 | 28315 | 28315 |
| 853+   |    24010 |    0 | 28315 |     0 |
| 854    |    24010 |    0 | 28315 |     0 |
| 854+   |    26750 |    1 | 13624 |     0 |
| 855    |    26750 |    1 | 13624 | 13624 |
| 855+   |    13119 |    0 | 13624 |     0 |
| 856    |    13119 |    0 | 13624 |     0 |
| 856+   |     7796 |    0 | 13624 |     0 |
| 857    |     7796 |    0 | 13624 |     0 |
| 857+   |    11875 |    1 | 10660 |     0 |
| 858    |    11875 |    1 | 10660 | 10660 |
| 858+   |     2557 |    1 | 19994 |     0 |
| 859    |     2557 |    1 | 19994 | 19994 |
| 859+   |     2902 |    0 | 19994 |     0 |
| 860    |     2902 |    0 | 19994 |     0 |
| 860+   |     7486 |    0 | 19994 |     0 |
| 861    |     7486 |    0 | 19994 |     0 |
| 861+   |     7220 |    1 | 29550 |     0 |
| 862    |     7220 |    1 | 29550 | 29550 |
| 862+   |     5700 |    1 | 23167 |     0 |
| 863    |     5700 |    1 | 23167 | 23167 |
| 863+   |    20883 |    1 | 25888 |     0 |
| 864    |    20883 |    1 | 25888 | 25888 |
| 864+   |     1244 |    0 | 25888 |     0 |
| 865    |     1244 |    0 | 25888 |     0 |
| 865+   |     3489 |    0 | 25888 |     0 |
| 866    |     3489 |    0 | 25888 |     0 |
| 866+   |    26279 |    0 | 25888 |     0 |
| 867    |    26279 |    0 | 25888 |     0 |
| 867+   |     2666 |    1 | 30994 |     0 |
| 868    |     2666 |    1 | 30994 | 30994 |
| 868+   |    31764 |    0 | 30994 |     0 |
| 869    |    31764 |    0 | 30994 |     0 |
| 869+   |    22461 |    0 | 30994 |     0 |
| 870    |    22461 |    0 | 30994 |     0 |
| 870+   |    31839 |    1 | 18041 |     0 |
| 871    |    31839 |    1 | 18041 | 18041 |
| 871+   |      870 |    1 |  3382 |     0 |
| 872    |      870 |    1 |  3382 |  3382 |
| 872+   |    15470 |    1 |  1202 |     0 |
| 873    |    15470 |    1 |  1202 |  1202 |
| 873+   |    23634 |    1 | 11046 |     0 |
| 874    |    23634 |    1 | 11046 | 11046 |
| 874+   |     1928 |    0 | 11046 |     0 |
| 875    |     1928 |    0 | 11046 |     0 |
| 875+   |     3001 |    1 |  9983 |     0 |
| 876    |     3001 |    1 |  9983 |  9983 |
| 876+   |     4673 |    1 | 10259 |     0 |
| 877    |     4673 |    1 | 10259 | 10259 |
| 877+   |    25610 |    0 | 10259 |     0 |
| 878    |    25610 |    0 | 10259 |     0 |
| 878+   |    24747 |    1 | 11429 |     0 |
| 879    |    24747 |    1 | 11429 | 11429 |
| 879+   |    10707 |    1 | 25206 |     0 |
| 880    |    10707 |    1 | 25206 | 25206 |
| 880+   |    18364 |    1 | 19190 |     0 |
| 881    |    18364 |    1 | 19190 | 19190 |
| 881+   |    24694 |    0 | 19190 |     0 |
| 882    |    24694 |    0 | 19190 |     0 |
| 882+   |    30699 |    0 | 19190 |     0 |
| 883    |    30699 |    0 | 19190 |     0 |
| 883+   |     4466 |    1 | 12446 |     0 |
| 884    |     4466 |    1 | 12446 | 12446 |
| 884+   |     1158 |    0 | 12446 |     0 |
| 885    |     1158 |    0 | 12446 |     0 |
| 885+   |    25406 |    1 |  8153 |     0 |
| 886    |    25406 |    1 |  8153 |  8153 |
| 886+   |    23037 |    1 | 14567 |     0 |
| 887    |    23037 |    1 | 14567 | 14567 |
| 887+   |    22414 |    0 | 14567 |     0 |
| 888    |    22414 |    0 | 14567 |     0 |
| 888+   |    28574 |    1 |  6295 |     0 |
| 889    |    28574 |    1 |  6295 |  6295 |
| 889+   |    27650 |    1 |  6329 |     0 |
| 890    |    27650 |    1 |  6329 |  6329 |
| 890+   |    29449 |    1 | 19996 |     0 |
| 891    |    29449 |    1 | 19996 | 19996 |
| 891+   |    27397 |    1 |  2175 |     0 |
| 892    |    27397 |    1 |  2175 |  2175 |
| 892+   |     1227 |    1 | 23647 |     0 |
| 893    |     1227 |    1 | 23647 | 23647 |
| 893+   |    23024 |    0 | 23647 |     0 |
| 894    |    23024 |    0 | 23647 |     0 |
| 894+   |    21540 |    0 | 23647 |     0 |
| 895    |    21540 |    0 | 23647 |     0 |
| 895+   |     7398 |    1 | 14141 |     0 |
| 896    |     7398 |    1 | 14141 | 14141 |
| 896+   |    14307 |    1 | 32617 |     0 |
| 897    |    14307 |    1 | 32617 | 32617 |
| 897+   |    19001 |    0 | 32617 |     0 |
| 898    |    19001 |    0 | 32617 |     0 |
| 898+   |      858 |    0 | 32617 |     0 |
| 899    |      858 |    0 | 32617 |     0 |
| 899+   |    20984 |    1 |    62 |     0 |
| 900    |    20984 |    1 |    62 |    62 |
