|        a         |        b         | s |       out        |
| 0001100111111110 | 0010010011011111 | 0 | 0011111011011101 |
| 0010001110010001 | 0001100010100011 | 0 | 0011110000110100 |
| 0001011010100110 | 0000011001010010 | 1 | 0001000001010100 |
| 0010000011010010 | 0001000100000001 | 0 | 0011000111010011 |
| 0001101000100111 | 0000100001011000 | 0 | 0010001001111111 |
| 0001100000010001 | 0001100100110000 | 0 | 0011000101000001 |
| 0000101110110010 | 0001110100101110 | 1 | 1110111010000100 |
| 0001110000110101 | 0000100100000001 | 0 | 0010010100110110 |
| 0000100011111101 | 0000010011011000 | 0 | 0000110111010101 |
| 0001111001001110 | 0010001011111011 | 1 | 1111101101010011 |
| 0001110001011110 | 0001101110000011 | 0 | 0011011111100001 |
| 0000101010010011 | 0001101011101110 | 1 | 1110111110100101 |
| 0001101100110010 | 0000100000011011 | 1 | 0001001100010111 |
| 0001011110111010 | 0010001010001001 | 1 | 1111010100110001 |
| 0010001101000001 | 0000110001111110 | 0 | 0010111110111111 |
| 0000110100010111 | 0001000100101001 | 0 | 0001111001000000 |
| 0010010111010011 | 0001010111110110 | 0 | 0011101111001001 |
| 0001111101100111 | 0001110110101001 | 0 | 0011110100010000 |
| 0001011000011101 | 0001111100001110 | 0 | 0011010100101011 |
| 0001010110011000 | 0000101110001011 | 0 | 0010000100100011 |
| 0010001000000011 | 0001111010110000 | 0 | 0100000010110011 |
| 0001100111110110 | 0010011001001111 | 1 | 1111001110100111 |
| 0000111010010000 | 0000110100011001 | 0 | 0001101110101001 |
| 0001110000000000 | 0000111000000000 | 1 | 0000111000000000 |
| 0001010000111100 | 0001111101011111 | 0 | 0011001110011011 |
| 0010010000110000 | 0001110101011100 | 0 | 0100000110001100 |
| 0000110001110000 | 0010001011001111 | 0 | 0010111100111111 |
| 0001111011010100 | 0001111100011111 | 1 | 1111111110110101 |
| 0000101000010111 | 0010011001000010 | 1 | 1110001111010101 |
| 0001011100100001 | 0001010001001000 | 0 | 0010101101101001 |
| 0001100001110000 | 0001101111000010 | 1 | 1111110010101110 |
| 0001110001001101 | 0001110101000101 | 0 | 0011100110010010 |
| 0010011100000110 | 0001101000101011 | 0 | 0100000100110001 |
| 0000101010100011 | 0000101010110101 | 1 | 1111111111101110 |
| 0001111001011111 | 0000011101011001 | 1 | 0001011100000110 |
| 0001000111111011 | 0000100111101101 | 0 | 0001101111101000 |
| 0000010101011010 | 0000011111011011 | 0 | 0000110100110101 |
| 0001100011000011 | 0001111000001100 | 1 | 1111101010110111 |
| 0001110111111010 | 0000101000001000 | 1 | 0001001111110010 |
| 0001011000010100 | 0001101101011011 | 1 | 1111101010111001 |
| 0000111001101000 | 0000110000100011 | 0 | 0001101010001011 |
| 0001110111100101 | 0000100100011011 | 0 | 0010011100000000 |
| 0000010111101100 | 0001011101100100 | 1 | 1110111010001000 |
| 0001110110101100 | 0000011000101100 | 0 | 0010001111011000 |
| 0000100111100111 | 0000101001011110 | 1 | 1111111110001001 |
| 0000010001011111 | 0010011011010101 | 1 | 1101110110001010 |
| 0001001110110000 | 0001111110011001 | 0 | 0011001101001001 |
| 0001100011111010 | 0001100001000100 | 1 | 0000000010110110 |
| 0000010010010100 | 0000110011100000 | 0 | 0001000101110100 |
| 0000010110100111 | 0000101110000001 | 0 | 0001000100101000 |
| 0001000100110111 | 0001011111011011 | 0 | 0010100100010010 |
| 0000110101011100 | 0000011110000100 | 1 | 0000010111011000 |
| 0001101110110111 | 0010010111001110 | 0 | 0100000110000101 |
| 0001111101011001 | 0000101111000000 | 0 | 0010101100011001 |
| 0000111010010111 | 0001001010101011 | 1 | 1111101111101100 |
| 0000101010010011 | 0001111011101111 | 0 | 0010100110000010 |
| 0001111011001111 | 0000111110101001 | 1 | 0000111100100110 |
| 0000011001001101 | 0010001001000001 | 0 | 0010100010001110 |
| 0000100001100100 | 0001111011001100 | 1 | 1110100110011000 |
| 0000010100110101 | 0010011000101100 | 0 | 0010101101100001 |
| 0010001111001001 | 0000100110110001 | 1 | 0001101000011000 |
| 0010000010110010 | 0010000110100110 | 0 | 0100001001011000 |
| 0001010010100011 | 0001001101010000 | 0 | 0010011111110011 |
| 0001000111001000 | 0000011110010110 | 1 | 0000101000110010 |
| 0001010110001011 | 0001001100010100 | 0 | 0010100010011111 |
| 0010000000001101 | 0001001000001110 | 0 | 0011001000011011 |
| 0010001101010101 | 0000100000100101 | 1 | 0001101100110000 |
| 0001110001011010 | 0001011000010110 | 0 | 0011001001110000 |
| 0010000001100000 | 0001110001111101 | 1 | 0000001111100011 |
| 0000110000101010 | 0000110011001110 | 1 | 1111111101011100 |
| 0001010011101011 | 0000010010000111 | 0 | 0001100101110010 |
| 0001011010111101 | 0010001000011101 | 0 | 0011100011011010 |
| 0010001010100101 | 0001011000111001 | 0 | 0011100011011110 |
| 0010000111000011 | 0000010000101001 | 1 | 0001110110011010 |
| 0000011100101110 | 0000110100101111 | 0 | 0001010001011101 |
| 0001111101010010 | 0000010000010110 | 1 | 0001101100111100 |
| 0010010010010110 | 0000010011100111 | 1 | 0001111110101111 |
| 0001011100011110 | 0001011111010011 | 1 | 1111111101001011 |
| 0001110111100101 | 0010001100111011 | 0 | 0100000100100000 |
| 0001110001000110 | 0000111010011010 | 1 | 0000110110101100 |
| 0010011011100010 | 0001010001100010 | 0 | 0011101101000100 |
| 0000100100110010 | 0001010010001010 | 0 | 0001110110111100 |
| 0000010000010011 | 0001000011011011 | 0 | 0001010011101110 |
| 0000110100101101 | 0000111011011011 | 1 | 1111111001010010 |
| 0001111000001111 | 0001110100011101 | 0 | 0011101100101100 |
| 0010000101110000 | 0001101101011101 | 0 | 0011110011001101 |
| 0001110010100010 | 0010011010110111 | 0 | 0100001101011001 |
| 0010001111100100 | 0001011110001110 | 0 | 0011101101110010 |
| 0010011011101110 | 0001000111010011 | 1 | 0001010100011011 |
| 0001100100101110 | 0001010000111000 | 0 | 0010110101100110 |
| 0000011100000001 | 0000100000001010 | 0 | 0000111100001011 |
| 0001010000000000 | 0001010011001011 | 0 | 0010100011001011 |
| 0001110000010010 | 0001010001100001 | 1 | 0000011110110001 |
| 0000011100010010 | 0000111000001011 | 0 | 0001010100011101 |
| 0000010101110101 | 0000110001100000 | 1 | 1111100100010101 |
| 0000111111100110 | 0000111100010111 | 1 | 0000000011001111 |
| 0001001011001101 | 0001111100100100 | 1 | 1111001110101001 |
| 0000111010010000 | 0001011111010000 | 0 | 0010011001100000 |
| 0000100001010110 | 0001110000010010 | 0 | 0010010001101000 |
| 0000110101100000 | 0001111101011100 | 1 | 1110111000000100 |
| 0001010101001010 | 0000010000100011 | 0 | 0001100101101101 |
| 0000101010111000 | 0000010111010011 | 0 | 0001000010001011 |
| 0001011011011111 | 0000111011001111 | 1 | 0000100000010000 |
| 0001001011111010 | 0001001100010100 | 1 | 1111111111100110 |
| 0000101100110001 | 0000010000010100 | 0 | 0000111101000101 |
| 0001011000111110 | 0000011010011110 | 1 | 0000111110100000 |
| 0001101010110110 | 0001011101010010 | 1 | 0000001101100100 |
| 0000110000101101 | 0000111111111011 | 0 | 0001110000101000 |
| 0000100100001111 | 0000010100000010 | 0 | 0000111000010001 |
| 0010010010100100 | 0001110000111000 | 0 | 0100000011011100 |
| 0001000100000001 | 0001111100110100 | 1 | 1111000111001101 |
| 0000011010100110 | 0010011010101001 | 0 | 0010110101001111 |
| 0001011111111101 | 0000101010101001 | 0 | 0010001010100110 |
| 0001101000100101 | 0000011000010110 | 1 | 0001010000001111 |
| 0001010111111001 | 0000111101101001 | 0 | 0010010101100010 |
| 0000101110000100 | 0001010011100011 | 0 | 0010000001100111 |
| 0010011000001000 | 0000010010111001 | 1 | 0010000101001111 |
| 0001101000111111 | 0001010000001010 | 1 | 0000011000110101 |
| 0000101101110001 | 0000111100000001 | 0 | 0001101001110010 |
| 0001111010110000 | 0001100000001010 | 0 | 0011011010111010 |
| 0000110001111011 | 0000110010101011 | 0 | 0001100100100110 |
| 0001101101111110 | 0000101100011100 | 1 | 0001000001100010 |
| 0001101010011100 | 0001101010110011 | 1 | 1111111111101001 |
| 0000111101000010 | 0010010001011110 | 0 | 0011001110100000 |
| 0001100011000111 | 0000110000000001 | 1 | 0000110011000110 |
| 0000010111101000 | 0000110101101011 | 1 | 1111100001111101 |
| 0000100010110100 | 0010000101110111 | 0 | 0010101000101011 |
| 0000100010110111 | 0000011111100110 | 1 | 0000000011010001 |
| 0010000111011010 | 0010001001001010 | 0 | 0100010000100100 |
| 0001111011101110 | 0000011100001000 | 0 | 0010010111110110 |
| 0000011100111100 | 0001110001001110 | 1 | 1110101011101110 |
| 0001110010111001 | 0000100111111010 | 0 | 0010011010110011 |
| 0001111110101110 | 0001111101010011 | 0 | 0011111100000001 |
| 0001000111110101 | 0001100000111111 | 0 | 0010101000110100 |
| 0001111111111010 | 0001000010101101 | 1 | 0000111101001101 |
| 0000010000010000 | 0000100111110100 | 1 | 1111101000011100 |
| 0000110100011100 | 0001101100110000 | 0 | 0010100001001100 |
| 0000111111001001 | 0001111000010110 | 0 | 0010110111011111 |
| 0000110001010000 | 0010001110001010 | 0 | 0010111111011010 |
| 0000100101001100 | 0010010100010100 | 0 | 0010111001100000 |
| 0001101011010101 | 0010010100000011 | 1 | 1111010111010010 |
| 0001001001101000 | 0010010011000111 | 1 | 1110110110100001 |
| 0000011000000011 | 0001010110011000 | 1 | 1111000001101011 |
| 0000011110101000 | 0001000100001110 | 0 | 0001100010110110 |
| 0001100101101001 | 0001010011111000 | 1 | 0000010001110001 |
| 0000011011000010 | 0010001001100101 | 0 | 0010100100100111 |
| 0001010001101101 | 0010001001000100 | 1 | 1111001000101001 |
| 0000100010000001 | 0010001001110100 | 0 | 0010101011110101 |
| 0001110100000001 | 0001111100100100 | 0 | 0011110000100101 |
| 0001001100111100 | 0010010010110011 | 0 | 0011011111101111 |
| 0000110100000111 | 0000111011011000 | 1 | 1111111000101111 |
| 0001110101110010 | 0001000101110011 | 0 | 0010111011100101 |
| 0010010110100100 | 0000111101010111 | 0 | 0011010011111011 |
| 0000011010101110 | 0000110110011110 | 0 | 0001010001001100 |
| 0001110110011100 | 0001100101100001 | 1 | 0000010000111011 |
| 0000100100010011 | 0001001100010110 | 0 | 0001110000101001 |
| 0001100111111000 | 0010001101001100 | 0 | 0011110101000100 |
| 0001001101001010 | 0010000111101010 | 0 | 0011010100110100 |
| 0000110101010100 | 0010000011110010 | 0 | 0010111001000110 |
| 0001011111111101 | 0000100010011000 | 1 | 0000111101100101 |
| 0000111100111101 | 0001000110110101 | 0 | 0010000011110010 |
| 0010001110011101 | 0001110000000110 | 0 | 0011111110100011 |
| 0000110110011110 | 0001100111110110 | 0 | 0010011110010100 |
| 0010010011100011 | 0010000001010001 | 0 | 0100010100110100 |
| 0001111010010000 | 0001001110000010 | 0 | 0011001000010010 |
| 0010011010010100 | 0010000001000111 | 0 | 0100011011011011 |
| 0001101111110011 | 0001101010111000 | 0 | 0011011010101011 |
| 0010000100001000 | 0001101110111011 | 1 | 0000010101001101 |
| 0010001001101011 | 0010001011000010 | 1 | 1111111110101001 |
| 0001000001100101 | 0000110101110011 | 1 | 0000001011110010 |
| 0010010101101010 | 0000011111001010 | 0 | 0010110100110100 |
| 0000100010101110 | 0000101011100110 | 1 | 1111110111001000 |
| 0001101110111000 | 0000011001111101 | 1 | 0001010100111011 |
| 0001101110000100 | 0001110100001000 | 0 | 0011100010001100 |
| 0000110101100111 | 0000101100101001 | 0 | 0001100010010000 |
| 0001000000110000 | 0001011101101001 | 1 | 1111100011000111 |
| 0001110100101100 | 0000101011111011 | 0 | 0010100000100111 |
| 0000011111101101 | 0001000110101011 | 0 | 0001100110011000 |
| 0001101011100000 | 0010001111100110 | 0 | 0011111011000110 |
| 0000101111111100 | 0000110000111001 | 1 | 1111111111000011 |
| 0001000001000000 | 0000011000100100 | 0 | 0001011001100100 |
| 0000011001101110 | 0001110000110000 | 0 | 0010001010011110 |
| 0001100110011100 | 0001001001011101 | 1 | 0000011100111111 |
| 0001111101011000 | 0000111100111111 | 1 | 0001000000011001 |
| 0000110000000001 | 0010001101110111 | 0 | 0010111101111000 |
| 0001110110011011 | 0001000111101010 | 0 | 0010111110000101 |
| 0010010001101100 | 0001111101001111 | 0 | 0100001110111011 |
| 0000111111111011 | 0001010011001100 | 1 | 1111101100101111 |
| 0001100110011110 | 0000100111000001 | 1 | 0000111111011101 |
| 0001101011110101 | 0000110010110000 | 0 | 0010011110100101 |
| 0000111100100010 | 0000100100010100 | 0 | 0001100000110110 |
| 0001110111111001 | 0001000111101011 | 1 | 0000110000001110 |
| 0001001111011010 | 0001010111110001 | 0 | 0010100111001011 |
| 0001010001110110 | 0000110010010101 | 1 | 0000011111100001 |
| 0010010010000111 | 0001000111010110 | 1 | 0001001010110001 |
| 0000011001000011 | 0001100010100110 | 0 | 0001111011101001 |
| 0000011111100100 | 0000110010100110 | 0 | 0001010010001010 |
| 0001010011100010 | 0000111100011010 | 0 | 0010001111111100 |
| 0001001000010001 | 0000010101000010 | 0 | 0001011101010011 |
| 0010000101011110 | 0001000001010011 | 0 | 0011000110110001 |
| 0010010001101001 | 0000011100110110 | 0 | 0010101110011111 |
| 0000101001100000 | 0000010011111110 | 0 | 0000111101011110 |
| 0000110010010000 | 0000111100101000 | 1 | 1111110101101000 |
| 0001010101101011 | 0001010000110101 | 0 | 0010100110100000 |
| 0001001110111001 | 0001110100011110 | 1 | 1111011010011011 |
| 0010010001010111 | 0001110011111010 | 1 | 0000011101011101 |
| 0001100000010001 | 0010011000001010 | 1 | 1111001000000111 |
| 0001010111000011 | 0000101010000100 | 1 | 0000101100111111 |
| 0001101011001100 | 0010001101011100 | 1 | 1111011101110000 |
| 0000010110111010 | 0000110111010000 | 1 | 1111011111101010 |
| 0001101001001111 | 0000111011000100 | 1 | 0000101110001011 |
| 0000101111010110 | 0010010100101110 | 1 | 1110011010101000 |
| 0001101100100000 | 0010000111111000 | 0 | 0011110100011000 |
| 0001011100101100 | 0001011100101110 | 1 | 1111111111111110 |
| 0010000100100100 | 0010010000010000 | 1 | 1111110100010100 |
| 0001110110101100 | 0000101101011111 | 0 | 0010100100001011 |
| 0010010000001111 | 0010011000011000 | 0 | 0100101000100111 |
| 0001011100000110 | 0000110010111011 | 0 | 0010001111000001 |
| 0010011000001010 | 0000101010001010 | 1 | 0001101110000000 |
| 0000010000110011 | 0000110001001000 | 1 | 1111011111101011 |
| 0000101100101001 | 0000111101000011 | 1 | 1111101111100110 |
| 0000100010111110 | 0000111111101010 | 0 | 0001100010101000 |
| 0001010100101101 | 0001110101010011 | 1 | 1111011111011010 |
| 0001111000010011 | 0000110010000101 | 1 | 0001000110001110 |
| 0010011011010010 | 0001011011001101 | 0 | 0011110110011111 |
| 0000010101111110 | 0001011000011110 | 1 | 1110111101100000 |
| 0010001100000101 | 0000111111000101 | 1 | 0001001101000000 |
| 0001100101110011 | 0000100010011000 | 0 | 0010001000001011 |
| 0001110011000010 | 0001011110110101 | 0 | 0011010001110111 |
| 0000110011110011 | 0000100000000010 | 1 | 0000010011110001 |
| 0001011001110011 | 0010010100111100 | 1 | 1111000100110111 |
| 0001111100101001 | 0000010101101101 | 1 | 0001100110111100 |
| 0001100001110001 | 0000100101001100 | 1 | 0000111100100101 |
| 0000101110111110 | 0000010110100011 | 0 | 0001000101100001 |
| 0001010111110011 | 0010011011111100 | 0 | 0011110011101111 |
| 0001111010010001 | 0000011000001001 | 0 | 0010010010011010 |
| 0000110011001100 | 0000011011010111 | 0 | 0001001110100011 |
| 0000110001111101 | 0010010101101010 | 1 | 1110011100010011 |
| 0010011000011111 | 0000100111000010 | 1 | 0001110001011101 |
| 0001100100110111 | 0001111010010111 | 0 | 0011011111001110 |
| 0001010101000100 | 0000010000110110 | 1 | 0001000100001110 |
| 0001110101011110 | 0000010000000001 | 1 | 0001100101011101 |
| 0001001001111111 | 0000111011011100 | 1 | 0000001110100011 |
| 0001101000001111 | 0010000000111101 | 1 | 1111100111010010 |
| 0010011010000110 | 0001010000010111 | 1 | 0001001001101111 |
| 0001000000101111 | 0000011110100110 | 1 | 0000100010001001 |
| 0000110011010111 | 0000111011111010 | 1 | 1111110111011101 |
| 0000100010111000 | 0000111000000100 | 0 | 0001011010111100 |
| 0001011011110101 | 0010001111101111 | 0 | 0011101011100100 |
| 0010001101111000 | 0000110001010100 | 0 | 0010111111001100 |
| 0001000111001011 | 0001001111100000 | 0 | 0010010110101011 |
| 0010000000110101 | 0000110101111100 | 1 | 0001001010111001 |
| 0000011111111001 | 0001101110010011 | 1 | 1110110001100110 |
| 0000010100010011 | 0000100011010101 | 0 | 0000110111101000 |
| 0010010000110110 | 0001110001000000 | 0 | 0100000001110110 |
| 0000100011001101 | 0000011001110110 | 1 | 0000001001010111 |
| 0010000111000111 | 0010001010111110 | 1 | 1111111100001001 |
| 0010010000000100 | 0001001001001011 | 0 | 0011011001001111 |
| 0000111100010001 | 0001011100011101 | 0 | 0010011000101110 |
| 0010010100100111 | 0010010000101000 | 0 | 0100100101001111 |
| 0001011010111111 | 0000011001111110 | 0 | 0001110100111101 |
| 0000111110001000 | 0010010000100111 | 0 | 0011001110101111 |
| 0010000010000110 | 0000100101111100 | 1 | 0001011100001010 |
| 0000011100100010 | 0010001010010110 | 1 | 1110010010001100 |
| 0010001000011100 | 0010000000001011 | 0 | 0100001000100111 |
| 0001101110101111 | 0001010001001110 | 1 | 0000011101100001 |
| 0000110100010011 | 0001100010000011 | 0 | 0010010110010110 |
| 0010000101111010 | 0000010110110011 | 1 | 0001101111000111 |
| 0001000001000011 | 0001111111101100 | 1 | 1111000001010111 |
| 0010001000110110 | 0000111111111010 | 1 | 0001001000111100 |
| 0000110010000111 | 0001101111011001 | 0 | 0010100001100000 |
| 0001011011001110 | 0001011111001110 | 1 | 1111111100000000 |
| 0000010110011000 | 0010000010100010 | 1 | 1110010011110110 |
| 0000100111100010 | 0000111110100111 | 1 | 1111101000111011 |
| 0001000011101010 | 0000111000101010 | 0 | 0001111100010100 |
| 0000011100101010 | 0001110011010111 | 1 | 1110101001010011 |
| 0001010110010001 | 0010011100001010 | 1 | 1110111010000111 |
| 0001001010000101 | 0000110110100100 | 1 | 0000010011100001 |
| 0001110010011011 | 0010001000111111 | 0 | 0011111011011010 |
| 0010010000001101 | 0000110100110100 | 1 | 0001011011011001 |
| 0000110010101111 | 0000110100101010 | 1 | 1111111110000101 |
| 0001001001111110 | 0001110001100110 | 1 | 1111011000011000 |
| 0010011000001011 | 0001010010100010 | 1 | 0001000101101001 |
| 0010001001000011 | 0000111100010010 | 1 | 0001001100110001 |
| 0000110110110001 | 0000010010011110 | 0 | 0001001001001111 |
| 0001111000110110 | 0001000000101110 | 1 | 0000111000001000 |
| 0000111101001110 | 0001111101101001 | 0 | 0010111010110111 |
| 0001100001101101 | 0001110010010111 | 1 | 1111101111010110 |
| 0001100001110110 | 0000010110110111 | 1 | 0001001010111111 |
| 0000010100100111 | 0001101000010100 | 1 | 1110101100010011 |
| 0000100010111011 | 0010011010111010 | 0 | 0010111101110101 |
| 0001110010011110 | 0000010100010100 | 1 | 0001011110001010 |
| 0010011000011010 | 0000110111101000 | 0 | 0011010000000010 |
| 0001010110010011 | 0001110010000100 | 0 | 0011001000010111 |
| 0000010100001011 | 0001101110001001 | 0 | 0010000010010100 |
| 0001000110000011 | 0000011001000010 | 1 | 0000101101000001 |
| 0000100100010101 | 0001001011010010 | 0 | 0001101111100111 |
| 0001111111100010 | 0001000000000110 | 0 | 0010111111101000 |
| 0010010000110000 | 0001001111110011 | 0 | 0011100000100011 |
| 0001011011001011 | 0001011101111001 | 1 | 1111111101010010 |
| 0000101101010010 | 0000010001100110 | 1 | 0000011011101100 |
| 0000100100000100 | 0001010111001110 | 1 | 1111001100110110 |
| 0001011001101011 | 0010001100111101 | 0 | 0011100110101000 |
| 0001101111011100 | 0000111111111110 | 1 | 0000101111011110 |
| 0000111111000010 | 0010001110000001 | 0 | 0011001101000011 |
| 0000100011100000 | 0000111001010110 | 0 | 0001011100110110 |
| 0000110111111011 | 0000011000011010 | 1 | 0000011111100001 |
| 0001101011101101 | 0001101111001111 | 0 | 0011011010111100 |
| 0010001000000111 | 0001000010110001 | 0 | 0011001010111000 |
| 0001010000011001 | 0000111100000001 | 0 | 0010001100011010 |
| 0001111000110110 | 0001110011010110 | 1 | 0000000101100000 |
| 0001011100101101 | 0000010111000010 | 1 | 0001000101101011 |
| 0001000101100110 | 0001101001000100 | 0 | 0010101110101010 |
| 0001111100010001 | 0001111001000010 | 0 | 0011110101010011 |
| 0000101101110111 | 0000010100100010 | 1 | 0000011001010101 |
| 0000010111110101 | 0001010000100111 | 0 | 0001101000011100 |
| 0001100001010101 | 0001000101000110 | 1 | 0000011100001111 |
| 0001110101011110 | 0000010000111110 | 0 | 0010000110011100 |
| 0000101111010110 | 0010011011101110 | 1 | 1110010011101000 |
| 0001111010001011 | 0000111111100101 | 0 | 0010111001110000 |
| 0001110000100111 | 0000111100010110 | 0 | 0010101100111101 |
| 0010001100000000 | 0000111000100110 | 0 | 0011000100100110 |
| 0000111101000101 | 0000100000010010 | 0 | 0001011101010111 |
| 0010010000000110 | 0001001101000101 | 1 | 0001000011000001 |
| 0010000000100010 | 0001101101110001 | 1 | 0000010010110001 |
| 0001010101101010 | 0010000001110100 | 1 | 1111010011110110 |
| 0000100010000100 | 0010011001111101 | 0 | 0010111100000001 |
| 0000010001100101 | 0001010010001100 | 1 | 1110111111011001 |
| 0000100111100010 | 0001000011110100 | 1 | 1111100011101110 |
| 0001100111101011 | 0001000100111001 | 1 | 0000100010110010 |
| 0000101111100010 | 0000110110101000 | 1 | 1111111000111010 |
| 0000100110111001 | 0000010111101101 | 0 | 0000111110100110 |
| 0001110111111001 | 0001110011011000 | 0 | 0011101011010001 |
| 0000111010101101 | 0001100000010111 | 0 | 0010011011000100 |
| 0010010000000000 | 0001011000110110 | 0 | 0011101000110110 |
| 0010010000111010 | 0010011011110010 | 1 | 1111110101001000 |
| 0001100011110001 | 0001010001010110 | 0 | 0010110101000111 |
| 0010000011110001 | 0001101110010000 | 0 | 0011110010000001 |
| 0010011001100011 | 0001110010101110 | 0 | 0100001100010001 |
| 0010001000010000 | 0001100101011110 | 1 | 0000100010110010 |
| 0001010101000101 | 0000101011010011 | 0 | 0010000000011000 |
| 0001011111011011 | 0001000010011011 | 0 | 0010100001110110 |
| 0001101111111101 | 0010001010110100 | 0 | 0011111010110001 |
| 0001010101001100 | 0001100111101101 | 1 | 1111101101011111 |
| 0001101001001001 | 0001010101111111 | 0 | 0010111111001000 |
| 0000111001111110 | 0010000011101000 | 0 | 0010111101100110 |
| 0001101001100001 | 0000110111111100 | 1 | 0000110001100101 |
| 0001101100100011 | 0000011001110110 | 1 | 0001010010101101 |
| 0001110101101111 | 0001011101101011 | 0 | 0011010011011010 |
| 0001010010000101 | 0001001100010001 | 0 | 0010011110010110 |
| 0010011010001001 | 0000111101000101 | 0 | 0011010111001110 |
| 0000101110110000 | 0010001110011110 | 0 | 0010111101001110 |
| 0001110111010110 | 0001011100111000 | 1 | 0000011010011110 |
| 0001111111010000 | 0001111100011100 | 0 | 0011111011101100 |
| 0000101000111000 | 0010000011111111 | 0 | 0010101100110111 |
| 0001110111101110 | 0000100000101100 | 1 | 0001010111000010 |
| 0001000111000111 | 0000101001011000 | 1 | 0000011101101111 |
| 0001111001001000 | 0001111101111001 | 1 | 1111111011001111 |
| 0000110110100011 | 0010001010001010 | 0 | 0011000000101101 |
| 0001001101100101 | 0010010111000000 | 0 | 0011100100100101 |
| 0001110000000111 | 0000011001100100 | 1 | 0001010110100011 |
| 0001100100111110 | 0000010010111000 | 1 | 0001010010000110 |
| 0001101110010010 | 0001101011011100 | 0 | 0011011001101110 |
| 0001101111001011 | 0000110111001011 | 0 | 0010100110010110 |
| 0000111000010101 | 0001101001000100 | 1 | 1111001111010001 |
| 0010011011100110 | 0001010000000000 | 0 | 0011101011100110 |
| 0001110010101100 | 0000011001010110 | 1 | 0001011001010110 |
| 0001000010101001 | 0001011000101100 | 1 | 1111101001111101 |
| 0001011100100110 | 0010001000111010 | 1 | 1111010011101100 |
| 0010000100011001 | 0001111000101010 | 1 | 0000001011101111 |
| 0001101000001111 | 0010001001110100 | 1 | 1111011110011011 |
| 0010010111101110 | 0000011100110100 | 1 | 0001111010111010 |
| 0001001011100000 | 0010010111001100 | 1 | 1110110100010100 |
| 0001011111110011 | 0000111111011001 | 1 | 0000100000011010 |
| 0001010000011100 | 0000110001010100 | 1 | 0000011111001000 |
| 0001110010000000 | 0001011110001111 | 0 | 0011010000001111 |
| 0000100100000111 | 0001100001110111 | 0 | 0010000101111110 |
| 0001110111011111 | 0000010000100010 | 0 | 0010001000000001 |
| 0001001011101001 | 0000110011011011 | 0 | 0001111111000100 |
| 0001010010011000 | 0000111001001111 | 1 | 0000011001001001 |
| 0001001011000011 | 0001110011100101 | 1 | 1111010111011110 |
| 0000110000100100 | 0001001010111000 | 0 | 0001111011011100 |
| 0010011011011100 | 0010000110110110 | 1 | 0000010100100110 |
| 0000011101110011 | 0001101110110101 | 0 | 0010001100101000 |
| 0001101011001001 | 0000111010111001 | 1 | 0000110000010000 |
| 0010001101000111 | 0001011000101001 | 1 | 0000110100011110 |
| 0001001011111000 | 0001010000111001 | 1 | 1111111010111111 |
| 0001111001000111 | 0001010101100011 | 1 | 0000100011100100 |
| 0000110100100110 | 0001011011010011 | 0 | 0010001111111001 |
| 0000011001100011 | 0000100011100011 | 1 | 1111110110000000 |
| 0001111101100110 | 0010010100011100 | 0 | 0100010010000010 |
| 0001110101101111 | 0000010010111100 | 1 | 0001100010110011 |
| 0001100011000010 | 0010000000010000 | 1 | 1111100010110010 |
| 0001100100110010 | 0000010101010110 | 0 | 0001111010001000 |
| 0001100110110111 | 0000011110001000 | 0 | 0010000100111111 |
| 0001100010000111 | 0010011011011110 | 0 | 0011111101100101 |
| 0000110101100110 | 0000011011011001 | 0 | 0001010000111111 |
| 0000111110100101 | 0000101100110001 | 0 | 0001101011010110 |
| 0010010010010011 | 0000111010000011 | 0 | 0011001100010110 |
| 0000100111100001 | 0001100011101011 | 1 | 1111000011110110 |
| 0001001111000111 | 0000010110011101 | 1 | 0000111000101010 |
| 0001110110010110 | 0010000000100111 | 1 | 1111110101101111 |
| 0001100110011010 | 0000011111010010 | 1 | 0001000111001000 |
| 0000010110001001 | 0001100111010010 | 1 | 1110101110110111 |
| 0001010100011001 | 0000111110101101 | 0 | 0010010011000110 |
| 0001110000000001 | 0001000101101111 | 0 | 0010110101110000 |
| 0000010010011101 | 0010001101001111 | 1 | 1110000101001110 |
| 0010011000011110 | 0001110111011100 | 0 | 0100001111111010 |
| 0001111000001111 | 0001100010100111 | 0 | 0011011010110110 |
| 0001101011000010 | 0001010100010011 | 0 | 0010111111010101 |
| 0001001101010001 | 0001111011101101 | 1 | 1111010001100100 |
| 0001000110011001 | 0001111000000100 | 0 | 0010111110011101 |
| 0001101111010011 | 0001100001110011 | 0 | 0011010001000110 |
| 0000010000010110 | 0000111001011101 | 1 | 1111010110111001 |
| 0000111010001100 | 0001101100011110 | 0 | 0010100110101010 |
| 0010010010010000 | 0000100111001011 | 1 | 0001101011000101 |
| 0001001100001100 | 0000010111010100 | 0 | 0001100011100000 |
| 0000010000111000 | 0000010110100001 | 1 | 1111111010010111 |
| 0001011001000000 | 0001000110010100 | 1 | 0000010010101100 |
| 0000100011011000 | 0001100001100001 | 0 | 0010000100111001 |
| 0000010000000001 | 0010000111101111 | 1 | 1110001000010010 |
| 0000011111100111 | 0001000110001000 | 1 | 1111011001011111 |
| 0000111011000110 | 0001101000010110 | 0 | 0010100011011100 |
| 0001011100101001 | 0001001100100100 | 1 | 0000010000000101 |
| 0001101111011110 | 0000010011010010 | 0 | 0010000010110000 |
| 0001111001100100 | 0010000100000001 | 1 | 1111110101100011 |
| 0001101110111010 | 0001000001111000 | 0 | 0010110000110010 |
| 0001001010000001 | 0001011011100001 | 1 | 1111101110100000 |
| 0010010101011111 | 0010000000010011 | 1 | 0000010101001100 |
| 0001000100010010 | 0000011101000001 | 1 | 0000100111010001 |
| 0000111011100000 | 0001100100111110 | 0 | 0010100000011110 |
| 0010011011000010 | 0000100100110001 | 1 | 0001110110010001 |
| 0001011111100010 | 0000111011110001 | 0 | 0010011011010011 |
| 0001110010001000 | 0001011100110100 | 1 | 0000010101010100 |
| 0010001111011101 | 0000101011100111 | 0 | 0010111011000100 |
| 0001110110011011 | 0010001111111100 | 1 | 1111100110011111 |
| 0010011011000010 | 0010001001000100 | 1 | 0000010001111110 |
| 0001110011111000 | 0001000010010011 | 1 | 0000110001100101 |
| 0010000011000101 | 0001110100100010 | 1 | 0000001110100011 |
| 0010000001110001 | 0001010100010111 | 1 | 0000101101011010 |
| 0000101110000110 | 0001011110011100 | 0 | 0010001100100010 |
| 0000010010000100 | 0010000011010001 | 1 | 1110001110110011 |
| 0010011011010111 | 0000100101110011 | 0 | 0011000001001010 |
| 0010010101110100 | 0001001010010111 | 0 | 0011100000001011 |
| 0001010111000111 | 0010001010110001 | 0 | 0011100001111000 |
| 0001000000000101 | 0000110000000100 | 1 | 0000010000000001 |
| 0001010001101001 | 0010010110100100 | 0 | 0011101000001101 |
| 0001110001001111 | 0000011000101001 | 0 | 0010001001111000 |
| 0001100001001011 | 0000100001111101 | 1 | 0000111111001110 |
| 0000111111100011 | 0000011010011001 | 1 | 0000100101001010 |
| 0000010001100100 | 0001001010111111 | 1 | 1111000110100101 |
| 0000111011011000 | 0010010111011000 | 0 | 0011010010110000 |
| 0000011110010001 | 0001100100110101 | 0 | 0010000011000110 |
| 0001101011110111 | 0010010110111111 | 1 | 1111010100111000 |
| 0000111100010001 | 0001010010001001 | 0 | 0010001110011010 |
| 0001101100010001 | 0001001010100011 | 0 | 0010110110110100 |
| 0010001011000110 | 0010010100000101 | 0 | 0100011111001011 |
| 0001011110100000 | 0010010001000001 | 0 | 0011101111100001 |
| 0000011010111001 | 0000111010001111 | 0 | 0001010101001000 |
| 0001001110011010 | 0001101111001001 | 1 | 1111011111010001 |
| 0001110100001101 | 0001011011110110 | 0 | 0011010000000011 |
| 0001111101001100 | 0001111010110011 | 1 | 0000000010011001 |
| 0001100001011001 | 0010011001011100 | 1 | 1111000111111101 |
| 0000010110111000 | 0001011110011011 | 1 | 1110111000011101 |
| 0000010101010010 | 0001101011000111 | 0 | 0010000000011001 |
| 0000111111000110 | 0001010001000010 | 1 | 1111101110000100 |
| 0000101010111111 | 0001100010110000 | 1 | 1111001000001111 |
| 0010010001111110 | 0000111110111101 | 1 | 0001010011000001 |
| 0010000101011001 | 0010001000110100 | 0 | 0100001110001101 |
| 0000011111001100 | 0000011101100001 | 1 | 0000000001101011 |
| 0000111101011001 | 0010000011100001 | 0 | 0011000000111010 |
| 0001111011011111 | 0010001001000110 | 1 | 1111110010011001 |
| 0001110011101101 | 0000011001011000 | 0 | 0010001101000101 |
| 0001010010000000 | 0001100010010011 | 1 | 1111101111101101 |
| 0001111110100101 | 0010011011011110 | 1 | 1111100011000111 |
| 0001000110000000 | 0000010101100100 | 0 | 0001011011100100 |
| 0001101010011011 | 0010001111011000 | 1 | 1111011011000011 |
| 0000100101010110 | 0000011000011001 | 0 | 0000111101101111 |
| 0001110100111011 | 0010000011010110 | 1 | 1111110001100101 |
| 0000111011101011 | 0010010110011001 | 0 | 0011010010000100 |
| 0001000011000111 | 0001111111000100 | 1 | 1111000100000011 |
| 0000010000100100 | 0010001001111101 | 0 | 0010011010100001 |
| 0010010011010011 | 0010010110010101 | 0 | 0100101001101000 |
| 0000110001111100 | 0000011011111101 | 0 | 0001001101111001 |
| 0001100111010100 | 0000100111001111 | 1 | 0001000000000101 |
| 0000011111000101 | 0001101011010001 | 0 | 0010001010010110 |
| 0000111010010010 | 0001101110101100 | 1 | 1111001011100110 |
| 0001111100010110 | 0000100111010001 | 0 | 0010100011100111 |
| 0010001011011100 | 0000101010001110 | 1 | 0001100001001110 |
| 0001101110101110 | 0001110011000110 | 0 | 0011100001110100 |
| 0001010101110110 | 0000010010110110 | 1 | 0001000011000000 |
| 0000010111011001 | 0000100101100111 | 1 | 1111110001110010 |
| 0001000001010101 | 0001101010001111 | 0 | 0010101011100100 |
| 0001100110111111 | 0010000011011001 | 0 | 0011101010011000 |
| 0000100011011110 | 0000100000101011 | 1 | 0000000010110011 |
| 0001010111101111 | 0001011101001010 | 0 | 0010110100111001 |
| 0001001110111001 | 0001101000001000 | 0 | 0010110111000001 |
| 0000110110101011 | 0001001000011001 | 1 | 1111101110010010 |
| 0001101001110111 | 0001010010011101 | 1 | 0000010111011010 |
| 0001001001111010 | 0000010100001000 | 0 | 0001011110000010 |
| 0001111101111011 | 0000011000101001 | 0 | 0010010110100100 |
| 0010001011110100 | 0000010110011000 | 1 | 0001110101011100 |
| 0000101010110010 | 0001010111010100 | 1 | 1111010011011110 |
| 0000010111010100 | 0010010100101001 | 1 | 1110000010101011 |
| 0000111011000110 | 0001111110101001 | 0 | 0010111001101111 |
| 0001000101001110 | 0001111111100111 | 0 | 0011000100110101 |
| 0010010101000111 | 0001000011101000 | 0 | 0011011000101111 |
| 0000111000001010 | 0010000011111011 | 0 | 0010111100000101 |
| 0001011011000001 | 0000101010101101 | 0 | 0010000101101110 |
| 0001111110011101 | 0001101011011001 | 1 | 0000010011000100 |
| 0001100001111011 | 0000011010100101 | 1 | 0001000111010110 |
| 0010010110100101 | 0001000010011101 | 0 | 0011011001000010 |
| 0001110100001101 | 0000100010100000 | 0 | 0010010110101101 |
| 0010010111111100 | 0001101011101101 | 1 | 0000101100001111 |
| 0001011100111100 | 0000011000110110 | 1 | 0001000100000110 |
| 0001110111101000 | 0010000111010101 | 0 | 0011111110111101 |
| 0001111010011001 | 0010001010010010 | 0 | 0100000100101011 |
| 0001001011010011 | 0001101110100000 | 0 | 0010111001110011 |
| 0001111100000011 | 0001010000000111 | 1 | 0000101011111100 |
| 0000011101100000 | 0010010000101010 | 1 | 1110001100110110 |
| 0001100111110101 | 0001101010011011 | 1 | 1111111101011010 |
| 0010010001111010 | 0001110011010110 | 1 | 0000011110100100 |
| 0000111001010110 | 0001100000001111 | 0 | 0010011001100101 |
| 0010000100000111 | 0001101000110010 | 1 | 0000011011010101 |
| 0000101111000010 | 0001000001111001 | 0 | 0001110000111011 |
| 0001010100001100 | 0010010011111010 | 1 | 1111000000010010 |
| 0010001010010111 | 0000011111001101 | 1 | 0001101011001010 |
| 0000010100100101 | 0001110100110011 | 1 | 1110011111110010 |
| 0000101011101110 | 0000100101011011 | 1 | 0000000110010011 |
| 0001000001111110 | 0000100111001011 | 0 | 0001101001001001 |
| 0001010100111111 | 0000011001001100 | 1 | 0000111011110011 |
| 0000110110010001 | 0000101110011000 | 1 | 0000000111111001 |
| 0000010001010001 | 0001111001010110 | 1 | 1110010111111011 |
| 0001010011001010 | 0000100001000000 | 1 | 0000110010001010 |
| 0000100001011010 | 0000100101000100 | 0 | 0001000110011110 |
| 0001101001100111 | 0001110011000110 | 0 | 0011011100101101 |
| 0000100000100001 | 0010000110000011 | 0 | 0010100110100100 |
| 0001010111101001 | 0000101000100111 | 1 | 0000101111000010 |
| 0001101100000111 | 0001110001000001 | 1 | 1111111011000110 |
| 0001111000101110 | 0001101011011101 | 1 | 0000001101010001 |
| 0000101110111100 | 0001010011100111 | 1 | 1111011011010101 |
| 0000101000011110 | 0001000010100100 | 1 | 1111100101111010 |
| 0010000000101001 | 0000010000100101 | 0 | 0010010001001110 |
| 0001110011000111 | 0001101111011101 | 1 | 0000000011101010 |
| 0000010110100110 | 0001111100010000 | 0 | 0010010010110110 |
| 0001110111000000 | 0001101001100000 | 1 | 0000001101100000 |
| 0001100010001111 | 0000010000110101 | 0 | 0001110011000100 |
| 0001100000110010 | 0001111100101001 | 1 | 1111100100001001 |
| 0001001100111011 | 0001110111000001 | 1 | 1111010101111010 |
| 0001100110101110 | 0000010101000101 | 0 | 0001111011110011 |
| 0001111101000011 | 0001000010101110 | 1 | 0000111010010101 |
| 0000110101011101 | 0000101010011100 | 1 | 0000001011000001 |
| 0010010010001101 | 0001111010100010 | 0 | 0100001100101111 |
| 0000100001101110 | 0001100100000011 | 1 | 1110111101101011 |
| 0000010001100101 | 0001010010111001 | 0 | 0001100100011110 |
| 0001011010011010 | 0000110100011010 | 0 | 0010001110110100 |
| 0001010111100011 | 0000101110111100 | 1 | 0000101000100111 |
| 0001110001110000 | 0000100000010010 | 0 | 0010010010000010 |
| 0001110110100011 | 0010010000010010 | 0 | 0100000110110101 |
| 0001100110101001 | 0001001111011110 | 0 | 0010110110000111 |
| 0001000000010110 | 0010001010100011 | 0 | 0011001010111001 |
| 0001001111011100 | 0000101011010000 | 0 | 0001111010101100 |
| 0010000000100010 | 0010001100110100 | 1 | 1111110011101110 |
| 0000110111010110 | 0000111010101001 | 0 | 0001110001111111 |
| 0001011010000111 | 0001100101001111 | 0 | 0010111111010110 |
| 0000110110011011 | 0001100110000000 | 1 | 1111010000011011 |
| 0010001101011110 | 0000011010101111 | 1 | 0001110010101111 |
| 0000101101100100 | 0010010110101101 | 1 | 1110010110110111 |
| 0000010101001000 | 0010010000001010 | 0 | 0010100101010010 |
| 0001110111010001 | 0000111011110111 | 0 | 0010110011001000 |
| 0000110100100111 | 0001001001111010 | 0 | 0001111110100001 |
| 0001011110000011 | 0000111101110011 | 1 | 0000100000010000 |
| 0000101011110111 | 0001000001111010 | 1 | 1111101001111101 |
| 0000011100011110 | 0010010011001001 | 1 | 1110001001010101 |
| 0000110011110101 | 0000101110011111 | 1 | 0000000101010110 |
| 0000110011011000 | 0000101000010010 | 1 | 0000001011000110 |
| 0001101000111000 | 0001110000011011 | 1 | 1111111000011101 |
| 0010011001000100 | 0000010101011000 | 1 | 0010000011101100 |
| 0010001001000011 | 0000010110110100 | 1 | 0001110010001111 |
| 0000110011100111 | 0001010010100110 | 0 | 0010000110001101 |
| 0000010000111011 | 0001110010111111 | 0 | 0010000011111010 |
| 0000010100001000 | 0000010001000000 | 1 | 0000000011001000 |
| 0001011101101100 | 0001001001111100 | 0 | 0010100111101000 |
| 0001110010011100 | 0000010100001111 | 0 | 0010000110101011 |
| 0001011011000110 | 0001000000110000 | 0 | 0010011011110110 |
| 0000110011000000 | 0001000110000000 | 1 | 1111101101000000 |
| 0000101101010010 | 0000010110000100 | 1 | 0000010111001110 |
| 0000110111011100 | 0000010001000010 | 0 | 0001001000011110 |
| 0001000000101000 | 0001001100111001 | 0 | 0010001101100001 |
| 0001111110110111 | 0001000101101100 | 1 | 0000111001001011 |
| 0000011001101011 | 0000101111000110 | 0 | 0001001000110001 |
| 0001011010110100 | 0001011011101001 | 1 | 1111111111001011 |
| 0001111111101100 | 0000011001010011 | 1 | 0001100110011001 |
| 0000110111100101 | 0001110011000101 | 0 | 0010101010101010 |
| 0010011011110110 | 0001010111000100 | 0 | 0011110010111010 |
| 0001101011101000 | 0001001011111001 | 1 | 0000011111101111 |
| 0001101100010100 | 0000110011011111 | 0 | 0010011111110011 |
| 0000101100011000 | 0000100011001001 | 0 | 0001001111100001 |
| 0010000111001010 | 0001001001000110 | 1 | 0000111110000100 |
| 0000011011001010 | 0000110100011101 | 0 | 0001001111100111 |
| 0001101001111001 | 0001101110110001 | 0 | 0011011000101010 |
| 0000011000001101 | 0000110010111010 | 1 | 1111100101010011 |
| 0010001101110111 | 0000011011110010 | 0 | 0010101001101001 |
| 0000100010010011 | 0001110101110100 | 1 | 1110101100011111 |
| 0000111001110011 | 0000101000110111 | 1 | 0000010000111100 |
| 0000010001001101 | 0010001110110000 | 1 | 1110000010011101 |
| 0000100100111100 | 0001011110101110 | 0 | 0010000011101010 |
| 0001111111001001 | 0000100101110111 | 1 | 0001011001010010 |
| 0001110001000001 | 0010000001101111 | 0 | 0011110010110000 |
| 0000011010011110 | 0010010110100000 | 1 | 1110000011111110 |
| 0010000110100001 | 0000010001000110 | 1 | 0001110101011011 |
| 0000110001000110 | 0000110111111101 | 0 | 0001101001000011 |
| 0001101001100011 | 0001000000000101 | 1 | 0000101001011110 |
| 0000111101000110 | 0000100100111110 | 0 | 0001100010000100 |
| 0000111010101100 | 0000110110110001 | 0 | 0001110001011101 |
| 0001001000100011 | 0000101001001110 | 0 | 0001110001110001 |
| 0000110011100100 | 0001001100110001 | 0 | 0010000000010101 |
| 0010011010001001 | 0001110101110110 | 0 | 0100001111111111 |
| 0001100010001001 | 0001101011010111 | 1 | 1111110110110010 |
| 0010000100100010 | 0000101001000101 | 0 | 0010101101100111 |
| 0001001100111111 | 0000100111111111 | 1 | 0000100101000000 |
| 0001001011111111 | 0000101101000011 | 0 | 0001111001000010 |
| 0010011011001111 | 0000011001110111 | 1 | 0010000001011000 |
| 0000111001110111 | 0000011000101100 | 1 | 0000100001001011 |
| 0000011111010110 | 0001110101010010 | 0 | 0010010100101000 |
| 0000101001000111 | 0001010111001111 | 0 | 0010000000010110 |
| 0001110000111111 | 0000110110111101 | 1 | 0000111010000010 |
| 0000101000110111 | 0001100010100110 | 0 | 0010001011011101 |
| 0010000011111010 | 0010000000001000 | 1 | 0000000011110010 |
| 0001001001001110 | 0010001101111101 | 1 | 1110111011010001 |
| 0001110101011111 | 0000111110110011 | 1 | 0000110110101100 |
| 0010001000010110 | 0000010001101100 | 0 | 0010011010000010 |
| 0001110010000011 | 0001010001001111 | 0 | 0011000011010010 |
| 0001000101110000 | 0001111001111010 | 1 | 1111001011110110 |
| 0010011011000001 | 0010010010101010 | 1 | 0000001000010111 |
| 0001111010011100 | 0010000010000001 | 1 | 1111111000011011 |
| 0000011100001010 | 0001110101001110 | 1 | 1110100110111100 |
| 0000101011111111 | 0000100100100000 | 1 | 0000000111011111 |
| 0000101111110101 | 0000100100111101 | 0 | 0001010100110010 |
| 0001111010000001 | 0000110111001001 | 0 | 0010110001001010 |
| 0010010100110010 | 0001110001001111 | 1 | 0000100011100011 |
| 0001100101101101 | 0010001000101010 | 0 | 0011101110010111 |
| 0001010111111100 | 0001010000110100 | 1 | 0000000111001000 |
| 0001111010001000 | 0010001000001000 | 0 | 0100000010010000 |
| 0001011100000111 | 0000011100001111 | 0 | 0001111000010110 |
| 0000010100110001 | 0000111101110111 | 1 | 1111010110111010 |
| 0001011111100010 | 0000101000011011 | 0 | 0010000111111101 |
| 0001001101111010 | 0000111101000110 | 1 | 0000010000110100 |
| 0001000011100000 | 0010010100001011 | 0 | 0011010111101011 |
| 0000110010011110 | 0010010010111010 | 1 | 1110011111100100 |
| 0000100110010100 | 0001101011001011 | 0 | 0010010001011111 |
| 0001001110110101 | 0010001001000100 | 1 | 1111000101110001 |
| 0000110100111101 | 0001100001101100 | 1 | 1111010011010001 |
| 0000010111001001 | 0001000100011111 | 1 | 1111010010101010 |
| 0001011011000110 | 0010011001110000 | 1 | 1111000001010110 |
| 0000010111111101 | 0000110000110001 | 0 | 0001001000101110 |
| 0001101001011111 | 0001100110001011 | 1 | 0000000011010100 |
| 0001110000001001 | 0000100010110001 | 1 | 0001001101011000 |
| 0000010101111100 | 0001110011000000 | 0 | 0010001000111100 |
| 0000110100011011 | 0001101111011001 | 0 | 0010100011110100 |
| 0010000100001001 | 0001001110110001 | 1 | 0000110101011000 |
| 0000111011111001 | 0001111100001010 | 0 | 0010111000000011 |
| 0001101010000000 | 0001100010000111 | 0 | 0011001100000111 |
| 0001101001110000 | 0001110010011101 | 0 | 0011011100001101 |
| 0001011000011110 | 0001101001100100 | 0 | 0011000010000010 |
| 0000110100100010 | 0000111010100101 | 1 | 1111111001111101 |
| 0001000011100100 | 0001101011101010 | 0 | 0010101111001110 |
| 0001100001010011 | 0010000010000100 | 1 | 1111011111001111 |
| 0010010110011001 | 0001011110000110 | 0 | 0011110100011111 |
| 0000101100010100 | 0001001110110111 | 1 | 1111011101011101 |
| 0010011010100000 | 0001100100110101 | 1 | 0000110101101011 |
| 0001100000110111 | 0001110100001011 | 0 | 0011010101000010 |
| 0001110111011100 | 0001011111110011 | 0 | 0011010111001111 |
| 0001100110001100 | 0001110011101110 | 0 | 0011011001111010 |
| 0010011001010000 | 0010010011011010 | 1 | 0000000101110110 |
| 0000110011011101 | 0001100111111001 | 1 | 1111001011100100 |
| 0010010101011100 | 0010010001100000 | 1 | 0000000011111100 |
| 0010000101011100 | 0010000010101111 | 1 | 0000000010101101 |
| 0010001111100110 | 0001001011111101 | 1 | 0001000011101001 |
| 0001010001001011 | 0000111110110001 | 0 | 0010001111111100 |
| 0001011101110100 | 0010010010001100 | 1 | 1111001011101000 |
| 0001010001100001 | 0001011001101001 | 1 | 1111110111111000 |
| 0010011010101010 | 0001100010110100 | 1 | 0000110111110110 |
| 0001001101101001 | 0001100001110101 | 1 | 1111101011110100 |
| 0010000100101101 | 0001100011001100 | 1 | 0000100001100001 |
| 0000010001000010 | 0010001101111101 | 1 | 1110000011000101 |
| 0001101111000011 | 0010010011011101 | 1 | 1111011011100110 |
| 0000101000100100 | 0001010101001111 | 0 | 0001111101110011 |
| 0001110110101010 | 0001010110001000 | 1 | 0000100000100010 |
| 0010011000000101 | 0010000011000011 | 1 | 0000010101000010 |
| 0000111010001010 | 0000101111100111 | 1 | 0000001010100011 |
| 0001101110000110 | 0001000000001100 | 1 | 0000101101111010 |
| 0000011110110110 | 0010001110000110 | 0 | 0010101100111100 |
| 0001001111001001 | 0010000000001100 | 1 | 1111001110111101 |
| 0001110100011000 | 0010000010000100 | 1 | 1111110010010100 |
| 0001101110010101 | 0001111110101111 | 1 | 1111101111100110 |
| 0001000101000001 | 0001011011111011 | 1 | 1111101001000110 |
| 0001001100001100 | 0001010100111110 | 1 | 1111110111001110 |
| 0000100000001111 | 0000010110111110 | 0 | 0000110111001101 |
| 0010000110010101 | 0001101100001101 | 0 | 0011110010100010 |
| 0000100001010111 | 0010000010000000 | 0 | 0010100011010111 |
| 0001111000010011 | 0001010110111000 | 1 | 0000100001011011 |
| 0000100111110011 | 0010010101010100 | 0 | 0010111101000111 |
| 0000101100011000 | 0001100001101001 | 1 | 1111001010101111 |
| 0001010101110001 | 0001110001010000 | 0 | 0011000111000001 |
| 0010010011111110 | 0001001001111011 | 0 | 0011011101111001 |
| 0010001001000111 | 0010001110101110 | 0 | 0100010111110101 |
| 0001100101100010 | 0001010101111110 | 0 | 0010111011100000 |
| 0010010011000010 | 0010000101111011 | 1 | 0000001101000111 |
| 0000011011100000 | 0010011001101000 | 1 | 1110000001111000 |
| 0001100000000110 | 0001110100110000 | 0 | 0011010100110110 |
| 0000011111100001 | 0001010101101011 | 1 | 1111001001110110 |
| 0001000100010010 | 0001010010001010 | 0 | 0010010110011100 |
| 0001110110010001 | 0001000001100010 | 0 | 0010110111110011 |
| 0010010111110110 | 0000110011001101 | 1 | 0001100100101001 |
| 0001000111101101 | 0001001011010011 | 0 | 0010010011000000 |
| 0000011001110010 | 0001010100101010 | 0 | 0001101110011100 |
| 0000001111110101 | 0001100000111010 | 1 | 1110101110111011 |
| 0010011010101111 | 0000100101110010 | 1 | 0001110100111101 |
| 0001011011111000 | 0001110010101001 | 1 | 1111101001001111 |
| 0000111010111110 | 0001001111000011 | 0 | 0010001010000001 |
| 0001011000110111 | 0001010101000101 | 1 | 0000000011110010 |
| 0000111000111100 | 0000010001101011 | 1 | 0000100111010001 |
| 0000111101000100 | 0000110010000000 | 0 | 0001101111000100 |
| 0000010101011110 | 0010000111001100 | 1 | 1110001110010010 |
| 0001010010111001 | 0000100100000010 | 0 | 0001110110111011 |
| 0000110101000000 | 0001000010100000 | 1 | 1111110010100000 |
| 0010001001001100 | 0001101100001110 | 0 | 0011110101011010 |
| 0001001000110000 | 0010011011110000 | 1 | 1110101101000000 |
| 0001001001000111 | 0001111001010010 | 0 | 0011000010011001 |
| 0001110001111100 | 0010011001110101 | 1 | 1111011000000111 |
| 0001101000111010 | 0000101000111001 | 1 | 0001000000000001 |
| 0001010111101010 | 0001010110101111 | 0 | 0010101110011001 |
| 0001011000101110 | 0001011010111100 | 1 | 1111111101110010 |
| 0000100011110111 | 0001011110001000 | 0 | 0010000001111111 |
| 0000101000010110 | 0001101111111000 | 1 | 1110111000011110 |
| 0000111100000100 | 0001100001001100 | 1 | 1111011010111000 |
| 0001101101101001 | 0001111111111101 | 1 | 1111101101101100 |
| 0000110100110101 | 0000111000011010 | 1 | 1111111100011011 |
| 0001000000100001 | 0000110011010010 | 1 | 0000001101001111 |
| 0001101000000010 | 0001011111111101 | 0 | 0011000111111111 |
| 0001011001100110 | 0001101101111110 | 0 | 0011000111100100 |
| 0010000000100111 | 0001100000101110 | 1 | 0000011111111001 |
| 0000101000110010 | 0001110110001100 | 0 | 0010011110111110 |
| 0010000111110011 | 0010001100001100 | 1 | 1111111011100111 |
| 0000011010101110 | 0000100111110111 | 0 | 0001000010100101 |
| 0000101100010100 | 0000010111001001 | 0 | 0001000011011101 |
| 0001110010100111 | 0001111110110100 | 1 | 1111110011110011 |
| 0010010010001011 | 0001110101110111 | 1 | 0000011100010100 |
| 0010011001000111 | 0000100101101011 | 1 | 0001110011011100 |
| 0000101111110101 | 0010010001110101 | 1 | 1110011110000000 |
| 0000011101000011 | 0001100010100101 | 0 | 0001111111101000 |
| 0001111110011010 | 0000111101000010 | 1 | 0001000001011000 |
| 0000100000101100 | 0001111011111001 | 0 | 0010011100100101 |
| 0001101111100100 | 0001001011100000 | 1 | 0000100100000100 |
| 0010001011010111 | 0001001010111101 | 1 | 0001000000011010 |
| 0010001100111011 | 0001111101001110 | 0 | 0100001010001001 |
| 0000111010010110 | 0010001101100001 | 0 | 0011000111110111 |
| 0001011001111000 | 0000111010100100 | 0 | 0010010100011100 |
| 0000011000001001 | 0000110110110011 | 0 | 0001001110111100 |
| 0010000011001011 | 0000110101010011 | 1 | 0001001101111000 |
| 0001110101001000 | 0010001010100100 | 0 | 0011111111101100 |
| 0010001001000010 | 0000111101011101 | 0 | 0011000110011111 |
| 0001010110001100 | 0010011000000100 | 1 | 1110111110001000 |
| 0001011110101011 | 0000010010101111 | 0 | 0001110001011010 |
| 0001010110010001 | 0001101011000101 | 0 | 0011000001010110 |
| 0010000001110010 | 0001001100000000 | 0 | 0011001101110010 |
| 0001001010010101 | 0000111110100010 | 1 | 0000001011110011 |
| 0001110101001111 | 0000111000101011 | 1 | 0000111100100100 |
| 0001000011100000 | 0000110001000001 | 0 | 0001110100100001 |
| 0000010110110101 | 0001001011000110 | 1 | 1111001011101111 |
| 0001100000110011 | 0001011011111111 | 1 | 0000000100110100 |
| 0001100101101010 | 0010001111100000 | 0 | 0011110101001010 |
| 0001110110101100 | 0010011010110100 | 1 | 1111011011111000 |
| 0001011001011101 | 0000111111110010 | 1 | 0000011001101011 |
| 0001100010111000 | 0000100001111111 | 1 | 0001000000111001 |
| 0001101011011010 | 0001001001100100 | 1 | 0000100001110110 |
| 0000010010111101 | 0000101011011010 | 0 | 0000111110010111 |
| 0000011100010101 | 0001010111111011 | 1 | 1111000100011010 |
| 0001111010010111 | 0001001100001100 | 0 | 0011000110100011 |
| 0010010001100110 | 0001001000100010 | 0 | 0011011010001000 |
| 0000101011110010 | 0000110100010101 | 0 | 0001100000000111 |
| 0001101100100011 | 0001111100011101 | 1 | 1111110000000110 |
| 0001111001011010 | 0010001011010000 | 0 | 0100000100101010 |
| 0000101101101011 | 0001101100001110 | 1 | 1111000001011101 |
| 0010010010111001 | 0000011000011001 | 1 | 0001111010100000 |
| 0010001001111011 | 0000101010000011 | 1 | 0001011111111000 |
| 0001100001100101 | 0000101001000011 | 0 | 0010001010101000 |
| 0000100010001101 | 0000100100101001 | 0 | 0001000110110110 |
| 0001000101010101 | 0000111101000001 | 1 | 0000001000010100 |
| 0001011101111000 | 0000101101010110 | 1 | 0000110000100010 |
| 0000100101101010 | 0001000101000110 | 1 | 1111100000100100 |
| 0010001001110111 | 0001100111011111 | 0 | 0011110001010110 |
| 0001110001101011 | 0000010011100000 | 0 | 0010000101001011 |
| 0001000111000110 | 0001000001001110 | 1 | 0000000101111000 |
| 0000111110100001 | 0001011010110111 | 1 | 1111100011101010 |
| 0010001100011101 | 0000101010011010 | 0 | 0010110110110111 |
| 0010011000010011 | 0001000011010111 | 0 | 0011011011101010 |
| 0001001111011110 | 0001001001100111 | 1 | 0000000101110111 |
| 0001111000010010 | 0010000011000011 | 1 | 1111110101001111 |
| 0000110000011000 | 0000001111110001 | 0 | 0001000000001001 |
| 0000101100000111 | 0010010101011101 | 1 | 1110010110101010 |
| 0001111110010100 | 0000110101111100 | 1 | 0001001000011000 |
| 0010000110111011 | 0000101011111100 | 0 | 0010110010110111 |
| 0001011110101001 | 0001111100100000 | 1 | 1111100010001001 |
| 0000100100011111 | 0000010011111101 | 0 | 0000111000011100 |
| 0001011011111001 | 0001100110101100 | 1 | 1111110101001101 |
| 0001111010100101 | 0000011100010101 | 1 | 0001011110010000 |
| 0000010010101011 | 0010010001001010 | 1 | 1110000001100001 |
| 0001101111000000 | 0001001101011100 | 0 | 0010111100011100 |
| 0001110110101011 | 0000100111101111 | 1 | 0001001110111100 |
| 0000111111100111 | 0000011010011011 | 0 | 0001011010000010 |
| 0000011100000101 | 0001000100111111 | 0 | 0001100001000100 |
| 0001111111101110 | 0001110111101000 | 1 | 0000001000000110 |
| 0010001001011110 | 0010010001100111 | 1 | 1111110111110111 |
| 0001100110100100 | 0001100001100011 | 0 | 0011001000000111 |
| 0000101011000011 | 0000111111010000 | 0 | 0001101010010011 |
| 0000110001110011 | 0000111111010010 | 0 | 0001110001000101 |
| 0000101100010001 | 0001001100111110 | 0 | 0001111001001111 |
| 0001011101000111 | 0000010111101100 | 0 | 0001110100110011 |
| 0010001011000011 | 0010000000110111 | 0 | 0100001011111010 |
| 0000110101001000 | 0000110110000010 | 1 | 1111111111000110 |
| 0000011101110000 | 0000111011111110 | 0 | 0001011001101110 |
| 0001111000010010 | 0001000001010100 | 0 | 0010111001100110 |
| 0000011001011010 | 0001011000010000 | 1 | 1111000001001010 |
| 0000110000111010 | 0001101001010101 | 1 | 1111000111100101 |
| 0000100100000001 | 0001100101111100 | 0 | 0010001001111101 |
| 0000101101101110 | 0001111001010110 | 0 | 0010100111000100 |
| 0000100110111111 | 0000111101010110 | 0 | 0001100100010101 |
| 0001111000101001 | 0001001000100010 | 0 | 0011000001001011 |
| 0001101100000001 | 0000110101001110 | 0 | 0010100001001111 |
| 0001000010110111 | 0001010010100111 | 0 | 0010010101011110 |
| 0000110110001110 | 0001100101010011 | 1 | 1111010000111011 |
| 0001001100010101 | 0000110100000011 | 0 | 0010000000011000 |
| 0001100001101010 | 0001101111100000 | 1 | 1111110010001010 |
| 0000010000101000 | 0000110111011010 | 1 | 1111011001001110 |
| 0010000100001111 | 0000011000111011 | 0 | 0010011101001010 |
| 0000100111001110 | 0000010101001001 | 0 | 0000111100010111 |
| 0010011010110111 | 0000011000000100 | 0 | 0010110010111011 |
| 0000111100011001 | 0010010111010101 | 1 | 1110100101000100 |
| 0001101010100010 | 0001101111100100 | 1 | 1111111010111110 |
| 0001111100100010 | 0000111101001101 | 1 | 0000111111010101 |
| 0000100111110111 | 0010000111100100 | 1 | 1110100000010011 |
| 0001011000111001 | 0001101101101001 | 1 | 1111101011010000 |
| 0001010001001111 | 0001110000010101 | 1 | 1111100000111010 |
| 0000111001100100 | 0000101110101110 | 0 | 0001101000010010 |
| 0010000101100111 | 0001111000101000 | 0 | 0011111110001111 |
| 0010010101010110 | 0001110010011111 | 0 | 0100000111110101 |
| 0010000000101000 | 0010001111101010 | 1 | 1111110000111110 |
| 0000011010011101 | 0001100001000001 | 0 | 0001111011011110 |
| 0000101011101011 | 0010010001100111 | 0 | 0010111101010010 |
| 0000110111100100 | 0010010000001010 | 1 | 1110100111011010 |
| 0000011111000000 | 0001110000011000 | 1 | 1110101110101000 |
| 0001111100010010 | 0000110000100011 | 0 | 0010101100110101 |
| 0000110111011000 | 0000100010001001 | 0 | 0001011001100001 |
| 0001001010110101 | 0000010101111101 | 0 | 0001100000110010 |
| 0001110011010000 | 0001001000101011 | 1 | 0000101010100101 |
| 0010000001011110 | 0001110110010000 | 1 | 0000001011001110 |
| 0001011001111110 | 0001000001011101 | 0 | 0010011011011011 |
| 0001000101111100 | 0001001001101100 | 1 | 1111111100010000 |
| 0010010101100100 | 0000011011010001 | 1 | 0001111010010011 |
| 0000111101001110 | 0010001001011100 | 1 | 1110110011110010 |
| 0001011011010011 | 0001011110011111 | 0 | 0010111001110010 |
| 0001001110111111 | 0001100101110110 | 0 | 0010110100110101 |
| 0001001100110101 | 0001000000010111 | 1 | 0000001100011110 |
| 0000111100011110 | 0000110111100011 | 0 | 0001110100000001 |
| 0000011111111000 | 0010001010101110 | 0 | 0010101010100110 |
| 0001110110100110 | 0001011000000001 | 1 | 0000011110100101 |
| 0000011000010000 | 0001110011110001 | 0 | 0010001100000001 |
| 0000100001001100 | 0000110111100010 | 0 | 0001011000101110 |
| 0001010100000101 | 0001010111100000 | 0 | 0010101011100101 |
| 0001101111011111 | 0000101101111001 | 0 | 0010011101011000 |
| 0001011000001110 | 0000111010100100 | 1 | 0000011101101010 |
| 0000101000011110 | 0001101000101110 | 1 | 1110111111110000 |
| 0001110001101010 | 0001010011110001 | 0 | 0011000101011011 |
| 0001010100010001 | 0000010001010001 | 1 | 0001000011000000 |
| 0000110000011100 | 0010010011110111 | 1 | 1110011100100101 |
| 0001010110110011 | 0001111100010010 | 1 | 1111011010100001 |
| 0001111101010110 | 0010001000110101 | 0 | 0100000110001011 |
| 0010010100010111 | 0000011001100110 | 0 | 0010101101111101 |
| 0001111010110011 | 0000111111011011 | 1 | 0000111011011000 |
| 0000110110010110 | 0001010101111001 | 0 | 0010001100001111 |
| 0000011001110010 | 0001001110000110 | 0 | 0001100111111000 |
| 0001100001000010 | 0001001011010010 | 0 | 0010101100010100 |
| 0000011110110110 | 0000010000101000 | 0 | 0000101111011110 |
| 0001001101011011 | 0000011101111101 | 1 | 0000101111011110 |
| 0001010101010001 | 0001111010100001 | 0 | 0011001111110010 |
| 0000100010100001 | 0000001111111111 | 0 | 0000110010100000 |
| 0001101101100110 | 0010010011011000 | 0 | 0100000000111110 |
| 0000011011010010 | 0000101001011001 | 0 | 0001000100101011 |
| 0001010101011110 | 0001101000100001 | 1 | 1111101100111101 |
| 0001110011010110 | 0000101101001110 | 0 | 0010100000100100 |
| 0000111100111100 | 0001000011000000 | 1 | 1111111001111100 |
| 0001000001000110 | 0010011100001111 | 1 | 1110100100110111 |
| 0001011100100001 | 0000011100010111 | 1 | 0001000000001010 |
| 0001011100010101 | 0001010101111101 | 1 | 0000000110011000 |
| 0001100001011110 | 0000101001010011 | 0 | 0010001010110001 |
| 0001101100110101 | 0001110100011010 | 0 | 0011100001001111 |
| 0000011010001111 | 0000101101100010 | 1 | 1111101100101101 |
| 0001100000111010 | 0000011110111100 | 0 | 0001111111110110 |
| 0010000001001101 | 0000010001101100 | 0 | 0010010010111001 |
| 0000101110101111 | 0010001111011110 | 0 | 0010111110001101 |
| 0000110000101000 | 0000110011001011 | 0 | 0001100011110011 |
| 0001000001100000 | 0001010111110100 | 0 | 0010011001010100 |
| 0001110111100011 | 0000001111110011 | 0 | 0010000111010110 |
| 0001010111011000 | 0010010011111110 | 0 | 0011101011010110 |
| 0001000100101001 | 0001100110111101 | 1 | 1111011101101100 |
| 0001101110110101 | 0000011001100010 | 0 | 0010001000010111 |
| 0010000110111001 | 0010000001101101 | 0 | 0100001000100110 |
| 0000111001110010 | 0001010101011111 | 0 | 0010001111010001 |
| 0000010000001110 | 0000110010011000 | 1 | 1111011101110110 |
| 0010001001000111 | 0001010011111101 | 1 | 0000110101001010 |
| 0000111011001011 | 0000011001000111 | 1 | 0000100010000100 |
| 0001100101000010 | 0010000000111101 | 0 | 0011100101111111 |
| 0001011100110001 | 0001111001011111 | 1 | 1111100011010010 |
| 0010011001101101 | 0001101100000100 | 1 | 0000101101101001 |
| 0000110111110010 | 0000011101000001 | 1 | 0000011010110001 |
| 0000100110101100 | 0010011010100000 | 0 | 0011000001001100 |
| 0000111110100011 | 0000010011110110 | 0 | 0001010010011001 |
| 0001100100101000 | 0001100110000000 | 1 | 1111111110101000 |
| 0010000010011110 | 0010001011101110 | 1 | 1111110110110000 |
| 0001011110000001 | 0001000101011100 | 0 | 0010100011011101 |
| 0010010011111101 | 0001110101100010 | 1 | 0000011110011011 |
| 0000100111100011 | 0000101011100101 | 1 | 1111111011111110 |
| 0001000011010111 | 0000010101100111 | 1 | 0000101101110000 |
| 0010000011110000 | 0001111111101011 | 1 | 0000000100000101 |
| 0010011010110110 | 0010001001010101 | 0 | 0100100100001011 |
| 0000110001100000 | 0001111011010111 | 0 | 0010101100110111 |
| 0000101011011111 | 0000011010101011 | 1 | 0000010000110100 |
| 0010000110101010 | 0010010101010100 | 0 | 0100011011111110 |
| 0000010101101011 | 0001000110000111 | 1 | 1111001111100100 |
| 0010001011100011 | 0010011000010100 | 1 | 1111110011001111 |
| 0001101010010100 | 0001111011101011 | 1 | 1111101110101001 |
| 0001000010010111 | 0001001001010000 | 0 | 0010001011100111 |
| 0000100011011100 | 0001001010111100 | 0 | 0001101110011000 |
| 0001100110001110 | 0001000000010111 | 1 | 0000100101110111 |
| 0001100001111000 | 0010000011010010 | 0 | 0011100101001010 |
| 0000101000111000 | 0000111110011100 | 0 | 0001100111010100 |
| 0000110010001000 | 0010010100101110 | 1 | 1110011101011010 |
| 0001011101111001 | 0000100010001011 | 1 | 0000111011101110 |
| 0001011010100110 | 0001101110110110 | 1 | 1111101011110000 |
| 0000010100101011 | 0010000001110011 | 1 | 1110010010111000 |
| 0001110010010100 | 0000110101100111 | 0 | 0010100111111011 |
| 0000101011111000 | 0001100010100001 | 0 | 0010001110011001 |
| 0010010110010100 | 0001001001010011 | 1 | 0001001101000001 |
| 0010011010001101 | 0001110001011011 | 0 | 0100001011101000 |
| 0001110001101000 | 0001010101110001 | 1 | 0000011011110111 |
| 0010001001111111 | 0000100000101111 | 0 | 0010101010101110 |
| 0001010100000110 | 0001001100000011 | 0 | 0010100000001001 |
| 0000010001101010 | 0000011110100001 | 0 | 0000110000001011 |
| 0000011000101100 | 0000010001000000 | 1 | 0000000111101100 |
| 0010000001010111 | 0001100011111101 | 0 | 0011100101010100 |
| 0000010000100110 | 0001101101100110 | 1 | 1110100011000000 |
| 0010010110100011 | 0001110000001110 | 1 | 0000100110010101 |
| 0001111100001010 | 0000110111011011 | 1 | 0001000100101111 |
| 0001011001010101 | 0000011011111110 | 0 | 0001110101010011 |
| 0000100110111111 | 0000011101010011 | 0 | 0001000100010010 |
| 0010000011100010 | 0001100100011110 | 1 | 0000011111000100 |
| 0010000000010011 | 0001101101110100 | 0 | 0011101110000111 |
| 0001001011101011 | 0001001101000011 | 1 | 1111111110101000 |
| 0010000010011000 | 0000111111101001 | 1 | 0001000010101111 |
| 0001100111010010 | 0001100011100011 | 0 | 0011001010110101 |
| 0000100000100000 | 0001010001100101 | 0 | 0001110010000101 |
| 0001101001000111 | 0001010011100000 | 0 | 0010111100100111 |
| 0001110111010000 | 0000101111010000 | 1 | 0001001000000000 |
| 0000110001101110 | 0000111000100011 | 0 | 0001101010010001 |
| 0001001010000101 | 0010010010111000 | 0 | 0011011100111101 |
| 0000110010110010 | 0000110111101110 | 0 | 0001101010100000 |
| 0001110110011100 | 0001101101100011 | 1 | 0000001000111001 |
| 0001101110111010 | 0001110111110101 | 1 | 1111110111000101 |
| 0001000111111111 | 0000010000011010 | 1 | 0000110111100101 |
| 0001011001001001 | 0000110101010100 | 1 | 0000100011110101 |
| 0001000010001010 | 0000111001001010 | 1 | 0000001001000000 |
| 0010010001000000 | 0000110111011101 | 0 | 0011001000011101 |
| 0000001111101100 | 0001001010111100 | 0 | 0001011010101000 |
| 0001000110110111 | 0000010011100110 | 0 | 0001011010011101 |
| 0001101011001010 | 0000011010101111 | 0 | 0010000101111001 |
| 0001011111111110 | 0010010110010110 | 1 | 1111001001101000 |
| 0010011010000010 | 0001100011010110 | 0 | 0011111101011000 |
| 0010000011110101 | 0010010000010001 | 0 | 0100010100000110 |
| 0001010010010110 | 0000101011001110 | 0 | 0001111101100100 |
| 0000110100000111 | 0010001000001001 | 0 | 0010111100010000 |
| 0001111001001000 | 0000100101110101 | 1 | 0001010011010011 |
| 0001111000110000 | 0000100011110010 | 0 | 0010011100100010 |
| 0001001010100010 | 0000101101010111 | 0 | 0001110111111001 |
| 0010001100110101 | 0001111010000000 | 1 | 0000010010110101 |
| 0001010111100100 | 0000110100111101 | 0 | 0010001100100001 |
| 0000010111100100 | 0001110100110111 | 1 | 1110100010101101 |
| 0001011001111001 | 0000011101000001 | 0 | 0001110110111010 |
| 0010010111000100 | 0001000100010110 | 1 | 0001010010101110 |
| 0010011010011000 | 0001001110101011 | 1 | 0001001011101101 |
| 0000100101100101 | 0001011011010110 | 0 | 0010000000111011 |
| 0010010011010101 | 0010000110111111 | 1 | 0000001100010110 |
| 0001000001011010 | 0001010011000001 | 1 | 1111101110011001 |
| 0010010000001101 | 0010010000100010 | 1 | 1111111111101011 |
| 0001011101010010 | 0000011010111000 | 1 | 0001000010011010 |
| 0010011000010000 | 0001110110100001 | 0 | 0100001110110001 |
| 0010001010101101 | 0001001011000011 | 0 | 0011010101110000 |
| 0001000100100010 | 0001000011110100 | 0 | 0010001000010110 |
| 0000110011001010 | 0000100100100000 | 0 | 0001010111101010 |
