| time |ARegister|DRegister| RAM16K[0]  | RAM16K[1]  | RAM16K[2]  | RAM16K[3]  | RAM16K[4]  | RAM16K[5]  | RAM16K[16] | RAM16K[17] | RAM16K[18] | RAM16K[19] | RAM16K[20] | RAM16K[21] | RAM16K[22] |
| 0    |       0 |       0 |          0 |          0 |          0 |          0 |          0 |          0 |          0 |          0 |          0 |          0 |          0 |          0 |          0 |
| 1    |      10 |       0 |          0 |          0 |          0 |          0 |          0 |          0 |          0 |          0 |          0 |          0 |          0 |          0 |          0 |
| 2    |      10 |      10 |          0 |          0 |          0 |          0 |          0 |          0 |          0 |          0 |          0 |          0 |          0 |          0 |          0 |
| 3    |       0 |      10 |          0 |          0 |          0 |          0 |          0 |          0 |          0 |          0 |          0 |          0 |          0 |          0 |          0 |
| 4    |       0 |      10 |         10 |          0 |          0 |          0 |          0 |          0 |          0 |          0 |          0 |          0 |          0 |          0 |          0 |
| 5    |      20 |      10 |         10 |          0 |          0 |          0 |          0 |          0 |          0 |          0 |          0 |          0 |          0 |          0 |          0 |
| 6    |      20 |      20 |         10 |          0 |          0 |          0 |          0 |          0 |          0 |          0 |          0 |          0 |          0 |          0 |          0 |
| 7    |       1 |      20 |         10 |          0 |          0 |          0 |          0 |          0 |          0 |          0 |          0 |          0 |          0 |          0 |          0 |
| 8    |       1 |      20 |         10 |         20 |          0 |          0 |          0 |          0 |          0 |          0 |          0 |          0 |          0 |          0 |          0 |
| 9    |       0 |      20 |         10 |         20 |          0 |          0 |          0 |          0 |          0 |          0 |          0 |          0 |          0 |          0 |          0 |
| 10   |       0 |      10 |         10 |         20 |          0 |          0 |          0 |          0 |          0 |          0 |          0 |          0 |          0 |          0 |          0 |
| 11   |       1 |      10 |         10 |         20 |          0 |          0 |          0 |          0 |          0 |          0 |          0 |          0 |          0 |          0 |          0 |
| 12   |       1 |      30 |         10 |         20 |          0 |          0 |          0 |          0 |          0 |          0 |          0 |          0 |          0 |          0 |          0 |
| 13   |       2 |      30 |         10 |         20 |          0 |          0 |          0 |          0 |          0 |          0 |          0 |          0 |          0 |          0 |          0 |
| 14   |       2 |      30 |         10 |         20 |         30 |          0 |          0 |          0 |          0 |          0 |          0 |          0 |          0 |          0 |          0 |
| 15   |       0 |      30 |         10 |         20 |         30 |          0 |          0 |          0 |          0 |          0 |          0 |          0 |          0 |          0 |          0 |
| 16   |       0 |      10 |         10 |         20 |         30 |          0 |          0 |          0 |          0 |          0 |          0 |          0 |          0 |          0 |          0 |
| 17   |       1 |      10 |         10 |         20 |         30 |          0 |          0 |          0 |          0 |          0 |          0 |          0 |          0 |          0 |          0 |
| 18   |       1 |     -10 |         10 |         20 |         30 |          0 |          0 |          0 |          0 |          0 |          0 |          0 |          0 |          0 |          0 |
| 19   |       3 |     -10 |         10 |         20 |         30 |          0 |          0 |          0 |          0 |          0 |          0 |          0 |          0 |          0 |          0 |
| 20   |       3 |     -10 |         10 |         20 |         30 |        -10 |          0 |          0 |          0 |          0 |          0 |          0 |          0 |          0 |          0 |
| 21   |       0 |     -10 |         10 |         20 |         30 |        -10 |          0 |          0 |          0 |          0 |          0 |          0 |          0 |          0 |          0 |
| 22   |       0 |      10 |         10 |         20 |         30 |        -10 |          0 |          0 |          0 |          0 |          0 |          0 |          0 |          0 |          0 |
| 23   |       1 |      10 |         10 |         20 |         30 |        -10 |          0 |          0 |          0 |          0 |          0 |          0 |          0 |          0 |          0 |
| 24   |       1 |       0 |         10 |         20 |         30 |        -10 |          0 |          0 |          0 |          0 |          0 |          0 |          0 |          0 |          0 |
| 25   |       4 |       0 |         10 |         20 |         30 |        -10 |          0 |          0 |          0 |          0 |          0 |          0 |          0 |          0 |          0 |
| 26   |       4 |       0 |         10 |         20 |         30 |        -10 |          0 |          0 |          0 |          0 |          0 |          0 |          0 |          0 |          0 |
| 27   |       0 |       0 |         10 |         20 |         30 |        -10 |          0 |          0 |          0 |          0 |          0 |          0 |          0 |          0 |          0 |
| 28   |       0 |      10 |         10 |         20 |         30 |        -10 |          0 |          0 |          0 |          0 |          0 |          0 |          0 |          0 |          0 |
| 29   |       1 |      10 |         10 |         20 |         30 |        -10 |          0 |          0 |          0 |          0 |          0 |          0 |          0 |          0 |          0 |
| 30   |       1 |      30 |         10 |         20 |         30 |        -10 |          0 |          0 |          0 |          0 |          0 |          0 |          0 |          0 |          0 |
| 31   |       5 |      30 |         10 |         20 |         30 |        -10 |          0 |          0 |          0 |          0 |          0 |          0 |          0 |          0 |          0 |
| 32   |       5 |      30 |         10 |         20 |         30 |        -10 |          0 |         30 |          0 |          0 |          0 |          0 |          0 |          0 |          0 |
| 33   |      32 |      30 |         10 |         20 |         30 |        -10 |          0 |         30 |          0 |          0 |          0 |          0 |          0 |          0 |          0 |
| 34   |      32 |      30 |         10 |         20 |         30 |        -10 |          0 |         30 |          0 |          0 |          0 |          0 |          0 |          0 |          0 |
| 35   |      32 |      30 |         10 |         20 |         30 |        -10 |          0 |         30 |          0 |          0 |          0 |          0 |          0 |          0 |          0 |
| 36   |      32 |      30 |         10 |         20 |         30 |        -10 |          0 |         30 |          0 |          0 |          0 |          0 |          0 |          0 |          0 |
| 37   |      32 |      30 |         10 |         20 |         30 |        -10 |          0 |         30 |          0 |          0 |          0 |          0 |          0 |          0 |          0 |
| 38   |      32 |      30 |         10 |         20 |         30 |        -10 |          0 |         30 |          0 |          0 |          0 |          0 |          0 |          0 |          0 |
| 39   |      32 |      30 |         10 |         20 |         30 |        -10 |          0 |         30 |          0 |          0 |          0 |          0 |          0 |          0 |          0 |
| 40   |      32 |      30 |         10 |         20 |         30 |        -10 |          0 |         30 |          0 |          0 |          0 |          0 |          0 |          0 |          0 |
| 41   |      32 |      30 |         10 |         20 |         30 |        -10 |          0 |         30 |          0 |          0 |          0 |          0 |          0 |          0 |          0 |
| 42   |      32 |      30 |         10 |         20 |         30 |        -10 |          0 |         30 |          0 |          0 |          0 |          0 |          0 |          0 |          0 |
| 43   |      32 |      30 |         10 |         20 |         30 |        -10 |          0 |         30 |          0 |          0 |          0 |          0 |          0 |          0 |          0 |
| 44   |      32 |      30 |         10 |         20 |         30 |        -10 |          0 |         30 |          0 |          0 |          0 |          0 |          0 |          0 |          0 |
| 45   |      32 |      30 |         10 |         20 |         30 |        -10 |          0 |         30 |          0 |          0 |          0 |          0 |          0 |          0 |          0 |
| 46   |      32 |      30 |         10 |         20 |         30 |        -10 |          0 |         30 |          0 |          0 |          0 |          0 |          0 |          0 |          0 |
| 47   |      32 |      30 |         10 |         20 |         30 |        -10 |          0 |         30 |          0 |          0 |          0 |          0 |          0 |          0 |          0 |
| 48   |      32 |      30 |         10 |         20 |         30 |        -10 |          0 |         30 |          0 |          0 |          0 |          0 |          0 |          0 |          0 |
| 49   |      32 |      30 |         10 |         20 |         30 |        -10 |          0 |         30 |          0 |          0 |          0 |          0 |          0 |          0 |          0 |
| 50   |      32 |      30 |         10 |         20 |         30 |        -10 |          0 |         30 |          0 |          0 |          0 |          0 |          0 |          0 |          0 |
| 51   |      32 |      30 |         10 |         20 |         30 |        -10 |          0 |         30 |          0 |          0 |          0 |          0 |          0 |          0 |          0 |
| 52   |      32 |      30 |         10 |         20 |         30 |        -10 |          0 |         30 |          0 |          0 |          0 |          0 |          0 |          0 |          0 |
| 53   |      32 |      30 |         10 |         20 |         30 |        -10 |          0 |         30 |          0 |          0 |          0 |          0 |          0 |          0 |          0 |
| 54   |      32 |      30 |         10 |         20 |         30 |        -10 |          0 |         30 |          0 |          0 |          0 |          0 |          0 |          0 |          0 |
| 55   |      32 |      30 |         10 |         20 |         30 |        -10 |          0 |         30 |          0 |          0 |          0 |          0 |          0 |          0 |          0 |
| 56   |      32 |      30 |         10 |         20 |         30 |        -10 |          0 |         30 |          0 |          0 |          0 |          0 |          0 |          0 |          0 |
| 57   |      32 |      30 |         10 |         20 |         30 |        -10 |          0 |         30 |          0 |          0 |          0 |          0 |          0 |          0 |          0 |
