| time |ARegister|DRegister| RAM16K[0]  | RAM16K[1]  | RAM16K[2]  | RAM16K[3]  | RAM16K[4]  | RAM16K[5]  | RAM16K[16] | RAM16K[17] | RAM16K[18] | RAM16K[19] | RAM16K[20] | RAM16K[21] | RAM16K[22] | RAM16K[23] | RAM16K[24] | RAM16K[25] | RAM16K[26] |
| 0    |       0 |       0 |          0 |          0 |          0 |          0 |          0 |          0 |          0 |          0 |          0 |          0 |          0 |          0 |          0 |          0 |          0 |          0 |          0 |
| 1    |      10 |       0 |          0 |          0 |          0 |          0 |          0 |          0 |          0 |          0 |          0 |          0 |          0 |          0 |          0 |          0 |          0 |          0 |          0 |
| 2    |      10 |      10 |          0 |          0 |          0 |          0 |          0 |          0 |          0 |          0 |          0 |          0 |          0 |          0 |          0 |          0 |          0 |          0 |          0 |
| 3    |      16 |      10 |          0 |          0 |          0 |          0 |          0 |          0 |          0 |          0 |          0 |          0 |          0 |          0 |          0 |          0 |          0 |          0 |          0 |
| 4    |      16 |      10 |          0 |          0 |          0 |          0 |          0 |          0 |         10 |          0 |          0 |          0 |          0 |          0 |          0 |          0 |          0 |          0 |          0 |
| 5    |      17 |      10 |          0 |          0 |          0 |          0 |          0 |          0 |         10 |          0 |          0 |          0 |          0 |          0 |          0 |          0 |          0 |          0 |          0 |
| 6    |      17 |      10 |          0 |          0 |          0 |          0 |          0 |          0 |         10 |          0 |          0 |          0 |          0 |          0 |          0 |          0 |          0 |          0 |          0 |
| 7    |      18 |      10 |          0 |          0 |          0 |          0 |          0 |          0 |         10 |          0 |          0 |          0 |          0 |          0 |          0 |          0 |          0 |          0 |          0 |
| 8    |      18 |      10 |          0 |          0 |          0 |          0 |          0 |          0 |         10 |          0 |          0 |          0 |          0 |          0 |          0 |          0 |          0 |          0 |          0 |
| 9    |       0 |      10 |          0 |          0 |          0 |          0 |          0 |          0 |         10 |          0 |          0 |          0 |          0 |          0 |          0 |          0 |          0 |          0 |          0 |
| 10   |       0 |       0 |          0 |          0 |          0 |          0 |          0 |          0 |         10 |          0 |          0 |          0 |          0 |          0 |          0 |          0 |          0 |          0 |          0 |
| 11   |      19 |       0 |          0 |          0 |          0 |          0 |          0 |          0 |         10 |          0 |          0 |          0 |          0 |          0 |          0 |          0 |          0 |          0 |          0 |
| 12   |      19 |       0 |          0 |          0 |          0 |          0 |          0 |          0 |         10 |          0 |          0 |          0 |          0 |          0 |          0 |          0 |          0 |          0 |          0 |
| 13   |      20 |       0 |          0 |          0 |          0 |          0 |          0 |          0 |         10 |          0 |          0 |          0 |          0 |          0 |          0 |          0 |          0 |          0 |          0 |
| 14   |      20 |       0 |          0 |          0 |          0 |          0 |          0 |          0 |         10 |          0 |          0 |          0 |          0 |          0 |          0 |          0 |          0 |          0 |          0 |
| 15   |      19 |       0 |          0 |          0 |          0 |          0 |          0 |          0 |         10 |          0 |          0 |          0 |          0 |          0 |          0 |          0 |          0 |          0 |          0 |
| 16   |      19 |       0 |          0 |          0 |          0 |          0 |          0 |          0 |         10 |          0 |          0 |          0 |          0 |          0 |          0 |          0 |          0 |          0 |          0 |
| 17   |      20 |       0 |          0 |          0 |          0 |          0 |          0 |          0 |         10 |          0 |          0 |          0 |          0 |          0 |          0 |          0 |          0 |          0 |          0 |
| 18   |      20 |       0 |          0 |          0 |          0 |          0 |          0 |          0 |         10 |          0 |          0 |          0 |          0 |          0 |          0 |          0 |          0 |          0 |          0 |
| 19   |      20 |       0 |          0 |          0 |          0 |          0 |          0 |          0 |         10 |          0 |          0 |          0 |          0 |          0 |          0 |          0 |          0 |          0 |          0 |
| 20   |      19 |       0 |          0 |          0 |          0 |          0 |          0 |          0 |         10 |          0 |          0 |          0 |          0 |          0 |          0 |          0 |          0 |          0 |          0 |
| 21   |      19 |       0 |          0 |          0 |          0 |          0 |          0 |          0 |         10 |          0 |          0 |          1 |          0 |          0 |          0 |          0 |          0 |          0 |          0 |
| 22   |      16 |       0 |          0 |          0 |          0 |          0 |          0 |          0 |         10 |          0 |          0 |          1 |          0 |          0 |          0 |          0 |          0 |          0 |          0 |
| 23   |      16 |      10 |          0 |          0 |          0 |          0 |          0 |          0 |         10 |          0 |          0 |          1 |          0 |          0 |          0 |          0 |          0 |          0 |          0 |
| 24   |      19 |      10 |          0 |          0 |          0 |          0 |          0 |          0 |         10 |          0 |          0 |          1 |          0 |          0 |          0 |          0 |          0 |          0 |          0 |
| 25   |      19 |       9 |          0 |          0 |          0 |          0 |          0 |          0 |         10 |          0 |          0 |          1 |          0 |          0 |          0 |          0 |          0 |          0 |          0 |
| 26   |      14 |       9 |          0 |          0 |          0 |          0 |          0 |          0 |         10 |          0 |          0 |          1 |          0 |          0 |          0 |          0 |          0 |          0 |          0 |
| 27   |      14 |       9 |          0 |          0 |          0 |          0 |          0 |          0 |         10 |          0 |          0 |          1 |          0 |          0 |          0 |          0 |          0 |          0 |          0 |
| 28   |      19 |       9 |          0 |          0 |          0 |          0 |          0 |          0 |         10 |          0 |          0 |          1 |          0 |          0 |          0 |          0 |          0 |          0 |          0 |
| 29   |      19 |       1 |          0 |          0 |          0 |          0 |          0 |          0 |         10 |          0 |          0 |          1 |          0 |          0 |          0 |          0 |          0 |          0 |          0 |
| 30   |      20 |       1 |          0 |          0 |          0 |          0 |          0 |          0 |         10 |          0 |          0 |          1 |          0 |          0 |          0 |          0 |          0 |          0 |          0 |
| 31   |      21 |       1 |          0 |          0 |          0 |          0 |          0 |          0 |         10 |          0 |          0 |          1 |          0 |          0 |          0 |          0 |          0 |          0 |          0 |
| 32   |      21 |       1 |          0 |          0 |          0 |          0 |          0 |          0 |         10 |          0 |          0 |          1 |          0 |          1 |          0 |          0 |          0 |          0 |          0 |
| 33   |      19 |       1 |          0 |          0 |          0 |          0 |          0 |          0 |         10 |          0 |          0 |          1 |          0 |          1 |          0 |          0 |          0 |          0 |          0 |
| 34   |      19 |       1 |          0 |          0 |          0 |          0 |          0 |          0 |         10 |          0 |          0 |          2 |          0 |          1 |          0 |          0 |          0 |          0 |          0 |
| 35   |      16 |       1 |          0 |          0 |          0 |          0 |          0 |          0 |         10 |          0 |          0 |          2 |          0 |          1 |          0 |          0 |          0 |          0 |          0 |
| 36   |      16 |      10 |          0 |          0 |          0 |          0 |          0 |          0 |         10 |          0 |          0 |          2 |          0 |          1 |          0 |          0 |          0 |          0 |          0 |
| 37   |      19 |      10 |          0 |          0 |          0 |          0 |          0 |          0 |         10 |          0 |          0 |          2 |          0 |          1 |          0 |          0 |          0 |          0 |          0 |
| 38   |      19 |       8 |          0 |          0 |          0 |          0 |          0 |          0 |         10 |          0 |          0 |          2 |          0 |          1 |          0 |          0 |          0 |          0 |          0 |
| 39   |      14 |       8 |          0 |          0 |          0 |          0 |          0 |          0 |         10 |          0 |          0 |          2 |          0 |          1 |          0 |          0 |          0 |          0 |          0 |
| 40   |      14 |       8 |          0 |          0 |          0 |          0 |          0 |          0 |         10 |          0 |          0 |          2 |          0 |          1 |          0 |          0 |          0 |          0 |          0 |
| 41   |      19 |       8 |          0 |          0 |          0 |          0 |          0 |          0 |         10 |          0 |          0 |          2 |          0 |          1 |          0 |          0 |          0 |          0 |          0 |
| 42   |      19 |       2 |          0 |          0 |          0 |          0 |          0 |          0 |         10 |          0 |          0 |          2 |          0 |          1 |          0 |          0 |          0 |          0 |          0 |
| 43   |      20 |       2 |          0 |          0 |          0 |          0 |          0 |          0 |         10 |          0 |          0 |          2 |          0 |          1 |          0 |          0 |          0 |          0 |          0 |
| 44   |      22 |       2 |          0 |          0 |          0 |          0 |          0 |          0 |         10 |          0 |          0 |          2 |          0 |          1 |          0 |          0 |          0 |          0 |          0 |
| 45   |      22 |       2 |          0 |          0 |          0 |          0 |          0 |          0 |         10 |          0 |          0 |          2 |          0 |          1 |          2 |          0 |          0 |          0 |          0 |
| 46   |      19 |       2 |          0 |          0 |          0 |          0 |          0 |          0 |         10 |          0 |          0 |          2 |          0 |          1 |          2 |          0 |          0 |          0 |          0 |
| 47   |      19 |       2 |          0 |          0 |          0 |          0 |          0 |          0 |         10 |          0 |          0 |          3 |          0 |          1 |          2 |          0 |          0 |          0 |          0 |
| 48   |      16 |       2 |          0 |          0 |          0 |          0 |          0 |          0 |         10 |          0 |          0 |          3 |          0 |          1 |          2 |          0 |          0 |          0 |          0 |
| 49   |      16 |      10 |          0 |          0 |          0 |          0 |          0 |          0 |         10 |          0 |          0 |          3 |          0 |          1 |          2 |          0 |          0 |          0 |          0 |
| 50   |      19 |      10 |          0 |          0 |          0 |          0 |          0 |          0 |         10 |          0 |          0 |          3 |          0 |          1 |          2 |          0 |          0 |          0 |          0 |
| 51   |      19 |       7 |          0 |          0 |          0 |          0 |          0 |          0 |         10 |          0 |          0 |          3 |          0 |          1 |          2 |          0 |          0 |          0 |          0 |
| 52   |      14 |       7 |          0 |          0 |          0 |          0 |          0 |          0 |         10 |          0 |          0 |          3 |          0 |          1 |          2 |          0 |          0 |          0 |          0 |
| 53   |      14 |       7 |          0 |          0 |          0 |          0 |          0 |          0 |         10 |          0 |          0 |          3 |          0 |          1 |          2 |          0 |          0 |          0 |          0 |
| 54   |      19 |       7 |          0 |          0 |          0 |          0 |          0 |          0 |         10 |          0 |          0 |          3 |          0 |          1 |          2 |          0 |          0 |          0 |          0 |
| 55   |      19 |       3 |          0 |          0 |          0 |          0 |          0 |          0 |         10 |          0 |          0 |          3 |          0 |          1 |          2 |          0 |          0 |          0 |          0 |
| 56   |      20 |       3 |          0 |          0 |          0 |          0 |          0 |          0 |         10 |          0 |          0 |          3 |          0 |          1 |          2 |          0 |          0 |          0 |          0 |
| 57   |      23 |       3 |          0 |          0 |          0 |          0 |          0 |          0 |         10 |          0 |          0 |          3 |          0 |          1 |          2 |          0 |          0 |          0 |          0 |
| 58   |      23 |       3 |          0 |          0 |          0 |          0 |          0 |          0 |         10 |          0 |          0 |          3 |          0 |          1 |          2 |          3 |          0 |          0 |          0 |
| 59   |      19 |       3 |          0 |          0 |          0 |          0 |          0 |          0 |         10 |          0 |          0 |          3 |          0 |          1 |          2 |          3 |          0 |          0 |          0 |
| 60   |      19 |       3 |          0 |          0 |          0 |          0 |          0 |          0 |         10 |          0 |          0 |          4 |          0 |          1 |          2 |          3 |          0 |          0 |          0 |
| 61   |      16 |       3 |          0 |          0 |          0 |          0 |          0 |          0 |         10 |          0 |          0 |          4 |          0 |          1 |          2 |          3 |          0 |          0 |          0 |
| 62   |      16 |      10 |          0 |          0 |          0 |          0 |          0 |          0 |         10 |          0 |          0 |          4 |          0 |          1 |          2 |          3 |          0 |          0 |          0 |
| 63   |      19 |      10 |          0 |          0 |          0 |          0 |          0 |          0 |         10 |          0 |          0 |          4 |          0 |          1 |          2 |          3 |          0 |          0 |          0 |
| 64   |      19 |       6 |          0 |          0 |          0 |          0 |          0 |          0 |         10 |          0 |          0 |          4 |          0 |          1 |          2 |          3 |          0 |          0 |          0 |
| 65   |      14 |       6 |          0 |          0 |          0 |          0 |          0 |          0 |         10 |          0 |          0 |          4 |          0 |          1 |          2 |          3 |          0 |          0 |          0 |
| 66   |      14 |       6 |          0 |          0 |          0 |          0 |          0 |          0 |         10 |          0 |          0 |          4 |          0 |          1 |          2 |          3 |          0 |          0 |          0 |
| 67   |      19 |       6 |          0 |          0 |          0 |          0 |          0 |          0 |         10 |          0 |          0 |          4 |          0 |          1 |          2 |          3 |          0 |          0 |          0 |
| 68   |      19 |       4 |          0 |          0 |          0 |          0 |          0 |          0 |         10 |          0 |          0 |          4 |          0 |          1 |          2 |          3 |          0 |          0 |          0 |
| 69   |      20 |       4 |          0 |          0 |          0 |          0 |          0 |          0 |         10 |          0 |          0 |          4 |          0 |          1 |          2 |          3 |          0 |          0 |          0 |
| 70   |      24 |       4 |          0 |          0 |          0 |          0 |          0 |          0 |         10 |          0 |          0 |          4 |          0 |          1 |          2 |          3 |          0 |          0 |          0 |
| 71   |      24 |       4 |          0 |          0 |          0 |          0 |          0 |          0 |         10 |          0 |          0 |          4 |          0 |          1 |          2 |          3 |          4 |          0 |          0 |
| 72   |      19 |       4 |          0 |          0 |          0 |          0 |          0 |          0 |         10 |          0 |          0 |          4 |          0 |          1 |          2 |          3 |          4 |          0 |          0 |
| 73   |      19 |       4 |          0 |          0 |          0 |          0 |          0 |          0 |         10 |          0 |          0 |          5 |          0 |          1 |          2 |          3 |          4 |          0 |          0 |
| 74   |      16 |       4 |          0 |          0 |          0 |          0 |          0 |          0 |         10 |          0 |          0 |          5 |          0 |          1 |          2 |          3 |          4 |          0 |          0 |
| 75   |      16 |      10 |          0 |          0 |          0 |          0 |          0 |          0 |         10 |          0 |          0 |          5 |          0 |          1 |          2 |          3 |          4 |          0 |          0 |
| 76   |      19 |      10 |          0 |          0 |          0 |          0 |          0 |          0 |         10 |          0 |          0 |          5 |          0 |          1 |          2 |          3 |          4 |          0 |          0 |
| 77   |      19 |       5 |          0 |          0 |          0 |          0 |          0 |          0 |         10 |          0 |          0 |          5 |          0 |          1 |          2 |          3 |          4 |          0 |          0 |
| 78   |      14 |       5 |          0 |          0 |          0 |          0 |          0 |          0 |         10 |          0 |          0 |          5 |          0 |          1 |          2 |          3 |          4 |          0 |          0 |
| 79   |      14 |       5 |          0 |          0 |          0 |          0 |          0 |          0 |         10 |          0 |          0 |          5 |          0 |          1 |          2 |          3 |          4 |          0 |          0 |
| 80   |      19 |       5 |          0 |          0 |          0 |          0 |          0 |          0 |         10 |          0 |          0 |          5 |          0 |          1 |          2 |          3 |          4 |          0 |          0 |
| 81   |      19 |       5 |          0 |          0 |          0 |          0 |          0 |          0 |         10 |          0 |          0 |          5 |          0 |          1 |          2 |          3 |          4 |          0 |          0 |
| 82   |      20 |       5 |          0 |          0 |          0 |          0 |          0 |          0 |         10 |          0 |          0 |          5 |          0 |          1 |          2 |          3 |          4 |          0 |          0 |
| 83   |      25 |       5 |          0 |          0 |          0 |          0 |          0 |          0 |         10 |          0 |          0 |          5 |          0 |          1 |          2 |          3 |          4 |          0 |          0 |
| 84   |      25 |       5 |          0 |          0 |          0 |          0 |          0 |          0 |         10 |          0 |          0 |          5 |          0 |          1 |          2 |          3 |          4 |          5 |          0 |
| 85   |      19 |       5 |          0 |          0 |          0 |          0 |          0 |          0 |         10 |          0 |          0 |          5 |          0 |          1 |          2 |          3 |          4 |          5 |          0 |
| 86   |      19 |       5 |          0 |          0 |          0 |          0 |          0 |          0 |         10 |          0 |          0 |          6 |          0 |          1 |          2 |          3 |          4 |          5 |          0 |
| 87   |      16 |       5 |          0 |          0 |          0 |          0 |          0 |          0 |         10 |          0 |          0 |          6 |          0 |          1 |          2 |          3 |          4 |          5 |          0 |
| 88   |      16 |      10 |          0 |          0 |          0 |          0 |          0 |          0 |         10 |          0 |          0 |          6 |          0 |          1 |          2 |          3 |          4 |          5 |          0 |
| 89   |      19 |      10 |          0 |          0 |          0 |          0 |          0 |          0 |         10 |          0 |          0 |          6 |          0 |          1 |          2 |          3 |          4 |          5 |          0 |
| 90   |      19 |       4 |          0 |          0 |          0 |          0 |          0 |          0 |         10 |          0 |          0 |          6 |          0 |          1 |          2 |          3 |          4 |          5 |          0 |
| 91   |      14 |       4 |          0 |          0 |          0 |          0 |          0 |          0 |         10 |          0 |          0 |          6 |          0 |          1 |          2 |          3 |          4 |          5 |          0 |
| 92   |      14 |       4 |          0 |          0 |          0 |          0 |          0 |          0 |         10 |          0 |          0 |          6 |          0 |          1 |          2 |          3 |          4 |          5 |          0 |
| 93   |      19 |       4 |          0 |          0 |          0 |          0 |          0 |          0 |         10 |          0 |          0 |          6 |          0 |          1 |          2 |          3 |          4 |          5 |          0 |
| 94   |      19 |       6 |          0 |          0 |          0 |          0 |          0 |          0 |         10 |          0 |          0 |          6 |          0 |          1 |          2 |          3 |          4 |          5 |          0 |
| 95   |      20 |       6 |          0 |          0 |          0 |          0 |          0 |          0 |         10 |          0 |          0 |          6 |          0 |          1 |          2 |          3 |          4 |          5 |          0 |
| 96   |      26 |       6 |          0 |          0 |          0 |          0 |          0 |          0 |         10 |          0 |          0 |          6 |          0 |          1 |          2 |          3 |          4 |          5 |          0 |
| 97   |      26 |       6 |          0 |          0 |          0 |          0 |          0 |          0 |         10 |          0 |          0 |          6 |          0 |          1 |          2 |          3 |          4 |          5 |          6 |
| 98   |      19 |       6 |          0 |          0 |          0 |          0 |          0 |          0 |         10 |          0 |          0 |          6 |          0 |          1 |          2 |          3 |          4 |          5 |          6 |
| 99   |      19 |       6 |          0 |          0 |          0 |          0 |          0 |          0 |         10 |          0 |          0 |          7 |          0 |          1 |          2 |          3 |          4 |          5 |          6 |
| 100  |      16 |       6 |          0 |          0 |          0 |          0 |          0 |          0 |         10 |          0 |          0 |          7 |          0 |          1 |          2 |          3 |          4 |          5 |          6 |
| 101  |      16 |      10 |          0 |          0 |          0 |          0 |          0 |          0 |         10 |          0 |          0 |          7 |          0 |          1 |          2 |          3 |          4 |          5 |          6 |
| 102  |      19 |      10 |          0 |          0 |          0 |          0 |          0 |          0 |         10 |          0 |          0 |          7 |          0 |          1 |          2 |          3 |          4 |          5 |          6 |
| 103  |      19 |       3 |          0 |          0 |          0 |          0 |          0 |          0 |         10 |          0 |          0 |          7 |          0 |          1 |          2 |          3 |          4 |          5 |          6 |
| 104  |      14 |       3 |          0 |          0 |          0 |          0 |          0 |          0 |         10 |          0 |          0 |          7 |          0 |          1 |          2 |          3 |          4 |          5 |          6 |
| 105  |      14 |       3 |          0 |          0 |          0 |          0 |          0 |          0 |         10 |          0 |          0 |          7 |          0 |          1 |          2 |          3 |          4 |          5 |          6 |
| 106  |      19 |       3 |          0 |          0 |          0 |          0 |          0 |          0 |         10 |          0 |          0 |          7 |          0 |          1 |          2 |          3 |          4 |          5 |          6 |
| 107  |      19 |       7 |          0 |          0 |          0 |          0 |          0 |          0 |         10 |          0 |          0 |          7 |          0 |          1 |          2 |          3 |          4 |          5 |          6 |
| 108  |      20 |       7 |          0 |          0 |          0 |          0 |          0 |          0 |         10 |          0 |          0 |          7 |          0 |          1 |          2 |          3 |          4 |          5 |          6 |
| 109  |      27 |       7 |          0 |          0 |          0 |          0 |          0 |          0 |         10 |          0 |          0 |          7 |          0 |          1 |          2 |          3 |          4 |          5 |          6 |
| 110  |      27 |       7 |          0 |          0 |          0 |          0 |          0 |          0 |         10 |          0 |          0 |          7 |          0 |          1 |          2 |          3 |          4 |          5 |          6 |
| 111  |      19 |       7 |          0 |          0 |          0 |          0 |          0 |          0 |         10 |          0 |          0 |          7 |          0 |          1 |          2 |          3 |          4 |          5 |          6 |
| 112  |      19 |       7 |          0 |          0 |          0 |          0 |          0 |          0 |         10 |          0 |          0 |          8 |          0 |          1 |          2 |          3 |          4 |          5 |          6 |
| 113  |      16 |       7 |          0 |          0 |          0 |          0 |          0 |          0 |         10 |          0 |          0 |          8 |          0 |          1 |          2 |          3 |          4 |          5 |          6 |
| 114  |      16 |      10 |          0 |          0 |          0 |          0 |          0 |          0 |         10 |          0 |          0 |          8 |          0 |          1 |          2 |          3 |          4 |          5 |          6 |
| 115  |      19 |      10 |          0 |          0 |          0 |          0 |          0 |          0 |         10 |          0 |          0 |          8 |          0 |          1 |          2 |          3 |          4 |          5 |          6 |
| 116  |      19 |       2 |          0 |          0 |          0 |          0 |          0 |          0 |         10 |          0 |          0 |          8 |          0 |          1 |          2 |          3 |          4 |          5 |          6 |
| 117  |      14 |       2 |          0 |          0 |          0 |          0 |          0 |          0 |         10 |          0 |          0 |          8 |          0 |          1 |          2 |          3 |          4 |          5 |          6 |
| 118  |      14 |       2 |          0 |          0 |          0 |          0 |          0 |          0 |         10 |          0 |          0 |          8 |          0 |          1 |          2 |          3 |          4 |          5 |          6 |
| 119  |      19 |       2 |          0 |          0 |          0 |          0 |          0 |          0 |         10 |          0 |          0 |          8 |          0 |          1 |          2 |          3 |          4 |          5 |          6 |
| 120  |      19 |       8 |          0 |          0 |          0 |          0 |          0 |          0 |         10 |          0 |          0 |          8 |          0 |          1 |          2 |          3 |          4 |          5 |          6 |
| 121  |      20 |       8 |          0 |          0 |          0 |          0 |          0 |          0 |         10 |          0 |          0 |          8 |          0 |          1 |          2 |          3 |          4 |          5 |          6 |
| 122  |      28 |       8 |          0 |          0 |          0 |          0 |          0 |          0 |         10 |          0 |          0 |          8 |          0 |          1 |          2 |          3 |          4 |          5 |          6 |
| 123  |      28 |       8 |          0 |          0 |          0 |          0 |          0 |          0 |         10 |          0 |          0 |          8 |          0 |          1 |          2 |          3 |          4 |          5 |          6 |
| 124  |      19 |       8 |          0 |          0 |          0 |          0 |          0 |          0 |         10 |          0 |          0 |          8 |          0 |          1 |          2 |          3 |          4 |          5 |          6 |
| 125  |      19 |       8 |          0 |          0 |          0 |          0 |          0 |          0 |         10 |          0 |          0 |          9 |          0 |          1 |          2 |          3 |          4 |          5 |          6 |
| 126  |      16 |       8 |          0 |          0 |          0 |          0 |          0 |          0 |         10 |          0 |          0 |          9 |          0 |          1 |          2 |          3 |          4 |          5 |          6 |
| 127  |      16 |      10 |          0 |          0 |          0 |          0 |          0 |          0 |         10 |          0 |          0 |          9 |          0 |          1 |          2 |          3 |          4 |          5 |          6 |
| 128  |      19 |      10 |          0 |          0 |          0 |          0 |          0 |          0 |         10 |          0 |          0 |          9 |          0 |          1 |          2 |          3 |          4 |          5 |          6 |
| 129  |      19 |       1 |          0 |          0 |          0 |          0 |          0 |          0 |         10 |          0 |          0 |          9 |          0 |          1 |          2 |          3 |          4 |          5 |          6 |
| 130  |      14 |       1 |          0 |          0 |          0 |          0 |          0 |          0 |         10 |          0 |          0 |          9 |          0 |          1 |          2 |          3 |          4 |          5 |          6 |
| 131  |      14 |       1 |          0 |          0 |          0 |          0 |          0 |          0 |         10 |          0 |          0 |          9 |          0 |          1 |          2 |          3 |          4 |          5 |          6 |
| 132  |      19 |       1 |          0 |          0 |          0 |          0 |          0 |          0 |         10 |          0 |          0 |          9 |          0 |          1 |          2 |          3 |          4 |          5 |          6 |
| 133  |      19 |       9 |          0 |          0 |          0 |          0 |          0 |          0 |         10 |          0 |          0 |          9 |          0 |          1 |          2 |          3 |          4 |          5 |          6 |
| 134  |      20 |       9 |          0 |          0 |          0 |          0 |          0 |          0 |         10 |          0 |          0 |          9 |          0 |          1 |          2 |          3 |          4 |          5 |          6 |
| 135  |      29 |       9 |          0 |          0 |          0 |          0 |          0 |          0 |         10 |          0 |          0 |          9 |          0 |          1 |          2 |          3 |          4 |          5 |          6 |
| 136  |      29 |       9 |          0 |          0 |          0 |          0 |          0 |          0 |         10 |          0 |          0 |          9 |          0 |          1 |          2 |          3 |          4 |          5 |          6 |
| 137  |      19 |       9 |          0 |          0 |          0 |          0 |          0 |          0 |         10 |          0 |          0 |          9 |          0 |          1 |          2 |          3 |          4 |          5 |          6 |
| 138  |      19 |       9 |          0 |          0 |          0 |          0 |          0 |          0 |         10 |          0 |          0 |         10 |          0 |          1 |          2 |          3 |          4 |          5 |          6 |
| 139  |      16 |       9 |          0 |          0 |          0 |          0 |          0 |          0 |         10 |          0 |          0 |         10 |          0 |          1 |          2 |          3 |          4 |          5 |          6 |
| 140  |      16 |      10 |          0 |          0 |          0 |          0 |          0 |          0 |         10 |          0 |          0 |         10 |          0 |          1 |          2 |          3 |          4 |          5 |          6 |
| 141  |      19 |      10 |          0 |          0 |          0 |          0 |          0 |          0 |         10 |          0 |          0 |         10 |          0 |          1 |          2 |          3 |          4 |          5 |          6 |
| 142  |      19 |       0 |          0 |          0 |          0 |          0 |          0 |          0 |         10 |          0 |          0 |         10 |          0 |          1 |          2 |          3 |          4 |          5 |          6 |
| 143  |      14 |       0 |          0 |          0 |          0 |          0 |          0 |          0 |         10 |          0 |          0 |         10 |          0 |          1 |          2 |          3 |          4 |          5 |          6 |
| 144  |      14 |       0 |          0 |          0 |          0 |          0 |          0 |          0 |         10 |          0 |          0 |         10 |          0 |          1 |          2 |          3 |          4 |          5 |          6 |
| 145  |      19 |       0 |          0 |          0 |          0 |          0 |          0 |          0 |         10 |          0 |          0 |         10 |          0 |          1 |          2 |          3 |          4 |          5 |          6 |
| 146  |      19 |       0 |          0 |          0 |          0 |          0 |          0 |          0 |         10 |          0 |          0 |          0 |          0 |          1 |          2 |          3 |          4 |          5 |          6 |
| 147  |      19 |       0 |          0 |          0 |          0 |          0 |          0 |          0 |         10 |          0 |          0 |          0 |          0 |          1 |          2 |          3 |          4 |          5 |          6 |
| 148  |      19 |       0 |          0 |          0 |          0 |          0 |          0 |          0 |         10 |          0 |          0 |          0 |          0 |          1 |          2 |          3 |          4 |          5 |          6 |
| 149  |      20 |       0 |          0 |          0 |          0 |          0 |          0 |          0 |         10 |          0 |          0 |          0 |          0 |          1 |          2 |          3 |          4 |          5 |          6 |
| 150  |      20 |       0 |          0 |          0 |          0 |          0 |          0 |          0 |         10 |          0 |          0 |          0 |          0 |          1 |          2 |          3 |          4 |          5 |          6 |
| 151  |      20 |       0 |          0 |          0 |          0 |          0 |          0 |          0 |         10 |          0 |          0 |          0 |          0 |          1 |          2 |          3 |          4 |          5 |          6 |
| 152  |       1 |       0 |          0 |          0 |          0 |          0 |          0 |          0 |         10 |          0 |          0 |          0 |          0 |          1 |          2 |          3 |          4 |          5 |          6 |
| 153  |       1 |       0 |          0 |          0 |          0 |          0 |          0 |          0 |         10 |          0 |          0 |          0 |          0 |          1 |          2 |          3 |          4 |          5 |          6 |
| 154  |      42 |       0 |          0 |          0 |          0 |          0 |          0 |          0 |         10 |          0 |          0 |          0 |          0 |          1 |          2 |          3 |          4 |          5 |          6 |
| 155  |      42 |       0 |          0 |          0 |          0 |          0 |          0 |          0 |         10 |          0 |          0 |          0 |          0 |          1 |          2 |          3 |          4 |          5 |          6 |
| 156  |      17 |       0 |          0 |          0 |          0 |          0 |          0 |          0 |         10 |          0 |          0 |          0 |          0 |          1 |          2 |          3 |          4 |          5 |          6 |
| 157  |      17 |       0 |          0 |          0 |          0 |          0 |          0 |          0 |         10 |          1 |          0 |          0 |          0 |          1 |          2 |          3 |          4 |          5 |          6 |
| 158  |      19 |       0 |          0 |          0 |          0 |          0 |          0 |          0 |         10 |          1 |          0 |          0 |          0 |          1 |          2 |          3 |          4 |          5 |          6 |
| 159  |      19 |       0 |          0 |          0 |          0 |          0 |          0 |          0 |         10 |          1 |          0 |          1 |          0 |          1 |          2 |          3 |          4 |          5 |          6 |
| 160  |      16 |       0 |          0 |          0 |          0 |          0 |          0 |          0 |         10 |          1 |          0 |          1 |          0 |          1 |          2 |          3 |          4 |          5 |          6 |
| 161  |      16 |      10 |          0 |          0 |          0 |          0 |          0 |          0 |         10 |          1 |          0 |          1 |          0 |          1 |          2 |          3 |          4 |          5 |          6 |
| 162  |      19 |      10 |          0 |          0 |          0 |          0 |          0 |          0 |         10 |          1 |          0 |          1 |          0 |          1 |          2 |          3 |          4 |          5 |          6 |
| 163  |      19 |       9 |          0 |          0 |          0 |          0 |          0 |          0 |         10 |          1 |          0 |          1 |          0 |          1 |          2 |          3 |          4 |          5 |          6 |
| 164  |      29 |       9 |          0 |          0 |          0 |          0 |          0 |          0 |         10 |          1 |          0 |          1 |          0 |          1 |          2 |          3 |          4 |          5 |          6 |
| 165  |      29 |       9 |          0 |          0 |          0 |          0 |          0 |          0 |         10 |          1 |          0 |          1 |          0 |          1 |          2 |          3 |          4 |          5 |          6 |
| 166  |      19 |       9 |          0 |          0 |          0 |          0 |          0 |          0 |         10 |          1 |          0 |          1 |          0 |          1 |          2 |          3 |          4 |          5 |          6 |
| 167  |      19 |       1 |          0 |          0 |          0 |          0 |          0 |          0 |         10 |          1 |          0 |          1 |          0 |          1 |          2 |          3 |          4 |          5 |          6 |
| 168  |      20 |       1 |          0 |          0 |          0 |          0 |          0 |          0 |         10 |          1 |          0 |          1 |          0 |          1 |          2 |          3 |          4 |          5 |          6 |
| 169  |      21 |       1 |          0 |          0 |          0 |          0 |          0 |          0 |         10 |          1 |          0 |          1 |          0 |          1 |          2 |          3 |          4 |          5 |          6 |
| 170  |      21 |       1 |          0 |          0 |          0 |          0 |          0 |          0 |         10 |          1 |          0 |          1 |          0 |          1 |          2 |          3 |          4 |          5 |          6 |
| 171  |       1 |       1 |          0 |          0 |          0 |          0 |          0 |          0 |         10 |          1 |          0 |          1 |          0 |          1 |          2 |          3 |          4 |          5 |          6 |
| 172  |       1 |       1 |          0 |          0 |          0 |          0 |          0 |          0 |         10 |          1 |          0 |          1 |          0 |          1 |          2 |          3 |          4 |          5 |          6 |
| 173  |      42 |       1 |          0 |          0 |          0 |          0 |          0 |          0 |         10 |          1 |          0 |          1 |          0 |          1 |          2 |          3 |          4 |          5 |          6 |
| 174  |      42 |       1 |          0 |          0 |          0 |          0 |          0 |          0 |         10 |          1 |          0 |          1 |          0 |          1 |          2 |          3 |          4 |          5 |          6 |
| 175  |      18 |       1 |          0 |          0 |          0 |          0 |          0 |          0 |         10 |          1 |          0 |          1 |          0 |          1 |          2 |          3 |          4 |          5 |          6 |
| 176  |      18 |       1 |          0 |          0 |          0 |          0 |          0 |          0 |         10 |          1 |          1 |          1 |          0 |          1 |          2 |          3 |          4 |          5 |          6 |
| 177  |      44 |       1 |          0 |          0 |          0 |          0 |          0 |          0 |         10 |          1 |          1 |          1 |          0 |          1 |          2 |          3 |          4 |          5 |          6 |
| 178  |      44 |       1 |          0 |          0 |          0 |          0 |          0 |          0 |         10 |          1 |          1 |          1 |          0 |          1 |          2 |          3 |          4 |          5 |          6 |
| 179  |      19 |       1 |          0 |          0 |          0 |          0 |          0 |          0 |         10 |          1 |          1 |          1 |          0 |          1 |          2 |          3 |          4 |          5 |          6 |
| 180  |      19 |       1 |          0 |          0 |          0 |          0 |          0 |          0 |         10 |          1 |          1 |          2 |          0 |          1 |          2 |          3 |          4 |          5 |          6 |
| 181  |      16 |       1 |          0 |          0 |          0 |          0 |          0 |          0 |         10 |          1 |          1 |          2 |          0 |          1 |          2 |          3 |          4 |          5 |          6 |
| 182  |      16 |      10 |          0 |          0 |          0 |          0 |          0 |          0 |         10 |          1 |          1 |          2 |          0 |          1 |          2 |          3 |          4 |          5 |          6 |
| 183  |      19 |      10 |          0 |          0 |          0 |          0 |          0 |          0 |         10 |          1 |          1 |          2 |          0 |          1 |          2 |          3 |          4 |          5 |          6 |
| 184  |      19 |       8 |          0 |          0 |          0 |          0 |          0 |          0 |         10 |          1 |          1 |          2 |          0 |          1 |          2 |          3 |          4 |          5 |          6 |
| 185  |      29 |       8 |          0 |          0 |          0 |          0 |          0 |          0 |         10 |          1 |          1 |          2 |          0 |          1 |          2 |          3 |          4 |          5 |          6 |
| 186  |      29 |       8 |          0 |          0 |          0 |          0 |          0 |          0 |         10 |          1 |          1 |          2 |          0 |          1 |          2 |          3 |          4 |          5 |          6 |
| 187  |      19 |       8 |          0 |          0 |          0 |          0 |          0 |          0 |         10 |          1 |          1 |          2 |          0 |          1 |          2 |          3 |          4 |          5 |          6 |
| 188  |      19 |       2 |          0 |          0 |          0 |          0 |          0 |          0 |         10 |          1 |          1 |          2 |          0 |          1 |          2 |          3 |          4 |          5 |          6 |
| 189  |      20 |       2 |          0 |          0 |          0 |          0 |          0 |          0 |         10 |          1 |          1 |          2 |          0 |          1 |          2 |          3 |          4 |          5 |          6 |
| 190  |      22 |       2 |          0 |          0 |          0 |          0 |          0 |          0 |         10 |          1 |          1 |          2 |          0 |          1 |          2 |          3 |          4 |          5 |          6 |
| 191  |      22 |       2 |          0 |          0 |          0 |          0 |          0 |          0 |         10 |          1 |          1 |          2 |          0 |          1 |          2 |          3 |          4 |          5 |          6 |
| 192  |       1 |       2 |          0 |          0 |          0 |          0 |          0 |          0 |         10 |          1 |          1 |          2 |          0 |          1 |          2 |          3 |          4 |          5 |          6 |
| 193  |       1 |       0 |          0 |          0 |          0 |          0 |          0 |          0 |         10 |          1 |          1 |          2 |          0 |          1 |          2 |          3 |          4 |          5 |          6 |
| 194  |      42 |       0 |          0 |          0 |          0 |          0 |          0 |          0 |         10 |          1 |          1 |          2 |          0 |          1 |          2 |          3 |          4 |          5 |          6 |
| 195  |      42 |       0 |          0 |          0 |          0 |          0 |          0 |          0 |         10 |          1 |          1 |          2 |          0 |          1 |          2 |          3 |          4 |          5 |          6 |
| 196  |      17 |       0 |          0 |          0 |          0 |          0 |          0 |          0 |         10 |          1 |          1 |          2 |          0 |          1 |          2 |          3 |          4 |          5 |          6 |
| 197  |      17 |       0 |          0 |          0 |          0 |          0 |          0 |          0 |         10 |          2 |          1 |          2 |          0 |          1 |          2 |          3 |          4 |          5 |          6 |
| 198  |      19 |       0 |          0 |          0 |          0 |          0 |          0 |          0 |         10 |          2 |          1 |          2 |          0 |          1 |          2 |          3 |          4 |          5 |          6 |
| 199  |      19 |       0 |          0 |          0 |          0 |          0 |          0 |          0 |         10 |          2 |          1 |          3 |          0 |          1 |          2 |          3 |          4 |          5 |          6 |
| 200  |      16 |       0 |          0 |          0 |          0 |          0 |          0 |          0 |         10 |          2 |          1 |          3 |          0 |          1 |          2 |          3 |          4 |          5 |          6 |
| 201  |      16 |      10 |          0 |          0 |          0 |          0 |          0 |          0 |         10 |          2 |          1 |          3 |          0 |          1 |          2 |          3 |          4 |          5 |          6 |
| 202  |      19 |      10 |          0 |          0 |          0 |          0 |          0 |          0 |         10 |          2 |          1 |          3 |          0 |          1 |          2 |          3 |          4 |          5 |          6 |
| 203  |      19 |       7 |          0 |          0 |          0 |          0 |          0 |          0 |         10 |          2 |          1 |          3 |          0 |          1 |          2 |          3 |          4 |          5 |          6 |
| 204  |      29 |       7 |          0 |          0 |          0 |          0 |          0 |          0 |         10 |          2 |          1 |          3 |          0 |          1 |          2 |          3 |          4 |          5 |          6 |
| 205  |      29 |       7 |          0 |          0 |          0 |          0 |          0 |          0 |         10 |          2 |          1 |          3 |          0 |          1 |          2 |          3 |          4 |          5 |          6 |
| 206  |      19 |       7 |          0 |          0 |          0 |          0 |          0 |          0 |         10 |          2 |          1 |          3 |          0 |          1 |          2 |          3 |          4 |          5 |          6 |
| 207  |      19 |       3 |          0 |          0 |          0 |          0 |          0 |          0 |         10 |          2 |          1 |          3 |          0 |          1 |          2 |          3 |          4 |          5 |          6 |
| 208  |      20 |       3 |          0 |          0 |          0 |          0 |          0 |          0 |         10 |          2 |          1 |          3 |          0 |          1 |          2 |          3 |          4 |          5 |          6 |
| 209  |      23 |       3 |          0 |          0 |          0 |          0 |          0 |          0 |         10 |          2 |          1 |          3 |          0 |          1 |          2 |          3 |          4 |          5 |          6 |
| 210  |      23 |       3 |          0 |          0 |          0 |          0 |          0 |          0 |         10 |          2 |          1 |          3 |          0 |          1 |          2 |          3 |          4 |          5 |          6 |
| 211  |       1 |       3 |          0 |          0 |          0 |          0 |          0 |          0 |         10 |          2 |          1 |          3 |          0 |          1 |          2 |          3 |          4 |          5 |          6 |
| 212  |       1 |       1 |          0 |          0 |          0 |          0 |          0 |          0 |         10 |          2 |          1 |          3 |          0 |          1 |          2 |          3 |          4 |          5 |          6 |
| 213  |      42 |       1 |          0 |          0 |          0 |          0 |          0 |          0 |         10 |          2 |          1 |          3 |          0 |          1 |          2 |          3 |          4 |          5 |          6 |
| 214  |      42 |       1 |          0 |          0 |          0 |          0 |          0 |          0 |         10 |          2 |          1 |          3 |          0 |          1 |          2 |          3 |          4 |          5 |          6 |
| 215  |      18 |       1 |          0 |          0 |          0 |          0 |          0 |          0 |         10 |          2 |          1 |          3 |          0 |          1 |          2 |          3 |          4 |          5 |          6 |
| 216  |      18 |       1 |          0 |          0 |          0 |          0 |          0 |          0 |         10 |          2 |          2 |          3 |          0 |          1 |          2 |          3 |          4 |          5 |          6 |
| 217  |      44 |       1 |          0 |          0 |          0 |          0 |          0 |          0 |         10 |          2 |          2 |          3 |          0 |          1 |          2 |          3 |          4 |          5 |          6 |
| 218  |      44 |       1 |          0 |          0 |          0 |          0 |          0 |          0 |         10 |          2 |          2 |          3 |          0 |          1 |          2 |          3 |          4 |          5 |          6 |
| 219  |      19 |       1 |          0 |          0 |          0 |          0 |          0 |          0 |         10 |          2 |          2 |          3 |          0 |          1 |          2 |          3 |          4 |          5 |          6 |
| 220  |      19 |       1 |          0 |          0 |          0 |          0 |          0 |          0 |         10 |          2 |          2 |          4 |          0 |          1 |          2 |          3 |          4 |          5 |          6 |
| 221  |      16 |       1 |          0 |          0 |          0 |          0 |          0 |          0 |         10 |          2 |          2 |          4 |          0 |          1 |          2 |          3 |          4 |          5 |          6 |
| 222  |      16 |      10 |          0 |          0 |          0 |          0 |          0 |          0 |         10 |          2 |          2 |          4 |          0 |          1 |          2 |          3 |          4 |          5 |          6 |
| 223  |      19 |      10 |          0 |          0 |          0 |          0 |          0 |          0 |         10 |          2 |          2 |          4 |          0 |          1 |          2 |          3 |          4 |          5 |          6 |
| 224  |      19 |       6 |          0 |          0 |          0 |          0 |          0 |          0 |         10 |          2 |          2 |          4 |          0 |          1 |          2 |          3 |          4 |          5 |          6 |
| 225  |      29 |       6 |          0 |          0 |          0 |          0 |          0 |          0 |         10 |          2 |          2 |          4 |          0 |          1 |          2 |          3 |          4 |          5 |          6 |
| 226  |      29 |       6 |          0 |          0 |          0 |          0 |          0 |          0 |         10 |          2 |          2 |          4 |          0 |          1 |          2 |          3 |          4 |          5 |          6 |
| 227  |      19 |       6 |          0 |          0 |          0 |          0 |          0 |          0 |         10 |          2 |          2 |          4 |          0 |          1 |          2 |          3 |          4 |          5 |          6 |
| 228  |      19 |       4 |          0 |          0 |          0 |          0 |          0 |          0 |         10 |          2 |          2 |          4 |          0 |          1 |          2 |          3 |          4 |          5 |          6 |
| 229  |      20 |       4 |          0 |          0 |          0 |          0 |          0 |          0 |         10 |          2 |          2 |          4 |          0 |          1 |          2 |          3 |          4 |          5 |          6 |
| 230  |      24 |       4 |          0 |          0 |          0 |          0 |          0 |          0 |         10 |          2 |          2 |          4 |          0 |          1 |          2 |          3 |          4 |          5 |          6 |
| 231  |      24 |       4 |          0 |          0 |          0 |          0 |          0 |          0 |         10 |          2 |          2 |          4 |          0 |          1 |          2 |          3 |          4 |          5 |          6 |
| 232  |       1 |       4 |          0 |          0 |          0 |          0 |          0 |          0 |         10 |          2 |          2 |          4 |          0 |          1 |          2 |          3 |          4 |          5 |          6 |
| 233  |       1 |       0 |          0 |          0 |          0 |          0 |          0 |          0 |         10 |          2 |          2 |          4 |          0 |          1 |          2 |          3 |          4 |          5 |          6 |
| 234  |      42 |       0 |          0 |          0 |          0 |          0 |          0 |          0 |         10 |          2 |          2 |          4 |          0 |          1 |          2 |          3 |          4 |          5 |          6 |
| 235  |      42 |       0 |          0 |          0 |          0 |          0 |          0 |          0 |         10 |          2 |          2 |          4 |          0 |          1 |          2 |          3 |          4 |          5 |          6 |
| 236  |      17 |       0 |          0 |          0 |          0 |          0 |          0 |          0 |         10 |          2 |          2 |          4 |          0 |          1 |          2 |          3 |          4 |          5 |          6 |
| 237  |      17 |       0 |          0 |          0 |          0 |          0 |          0 |          0 |         10 |          3 |          2 |          4 |          0 |          1 |          2 |          3 |          4 |          5 |          6 |
| 238  |      19 |       0 |          0 |          0 |          0 |          0 |          0 |          0 |         10 |          3 |          2 |          4 |          0 |          1 |          2 |          3 |          4 |          5 |          6 |
| 239  |      19 |       0 |          0 |          0 |          0 |          0 |          0 |          0 |         10 |          3 |          2 |          5 |          0 |          1 |          2 |          3 |          4 |          5 |          6 |
| 240  |      16 |       0 |          0 |          0 |          0 |          0 |          0 |          0 |         10 |          3 |          2 |          5 |          0 |          1 |          2 |          3 |          4 |          5 |          6 |
| 241  |      16 |      10 |          0 |          0 |          0 |          0 |          0 |          0 |         10 |          3 |          2 |          5 |          0 |          1 |          2 |          3 |          4 |          5 |          6 |
| 242  |      19 |      10 |          0 |          0 |          0 |          0 |          0 |          0 |         10 |          3 |          2 |          5 |          0 |          1 |          2 |          3 |          4 |          5 |          6 |
| 243  |      19 |       5 |          0 |          0 |          0 |          0 |          0 |          0 |         10 |          3 |          2 |          5 |          0 |          1 |          2 |          3 |          4 |          5 |          6 |
| 244  |      29 |       5 |          0 |          0 |          0 |          0 |          0 |          0 |         10 |          3 |          2 |          5 |          0 |          1 |          2 |          3 |          4 |          5 |          6 |
| 245  |      29 |       5 |          0 |          0 |          0 |          0 |          0 |          0 |         10 |          3 |          2 |          5 |          0 |          1 |          2 |          3 |          4 |          5 |          6 |
| 246  |      19 |       5 |          0 |          0 |          0 |          0 |          0 |          0 |         10 |          3 |          2 |          5 |          0 |          1 |          2 |          3 |          4 |          5 |          6 |
| 247  |      19 |       5 |          0 |          0 |          0 |          0 |          0 |          0 |         10 |          3 |          2 |          5 |          0 |          1 |          2 |          3 |          4 |          5 |          6 |
| 248  |      20 |       5 |          0 |          0 |          0 |          0 |          0 |          0 |         10 |          3 |          2 |          5 |          0 |          1 |          2 |          3 |          4 |          5 |          6 |
| 249  |      25 |       5 |          0 |          0 |          0 |          0 |          0 |          0 |         10 |          3 |          2 |          5 |          0 |          1 |          2 |          3 |          4 |          5 |          6 |
| 250  |      25 |       5 |          0 |          0 |          0 |          0 |          0 |          0 |         10 |          3 |          2 |          5 |          0 |          1 |          2 |          3 |          4 |          5 |          6 |
| 251  |       1 |       5 |          0 |          0 |          0 |          0 |          0 |          0 |         10 |          3 |          2 |          5 |          0 |          1 |          2 |          3 |          4 |          5 |          6 |
| 252  |       1 |       1 |          0 |          0 |          0 |          0 |          0 |          0 |         10 |          3 |          2 |          5 |          0 |          1 |          2 |          3 |          4 |          5 |          6 |
| 253  |      42 |       1 |          0 |          0 |          0 |          0 |          0 |          0 |         10 |          3 |          2 |          5 |          0 |          1 |          2 |          3 |          4 |          5 |          6 |
| 254  |      42 |       1 |          0 |          0 |          0 |          0 |          0 |          0 |         10 |          3 |          2 |          5 |          0 |          1 |          2 |          3 |          4 |          5 |          6 |
| 255  |      18 |       1 |          0 |          0 |          0 |          0 |          0 |          0 |         10 |          3 |          2 |          5 |          0 |          1 |          2 |          3 |          4 |          5 |          6 |
| 256  |      18 |       1 |          0 |          0 |          0 |          0 |          0 |          0 |         10 |          3 |          3 |          5 |          0 |          1 |          2 |          3 |          4 |          5 |          6 |
| 257  |      44 |       1 |          0 |          0 |          0 |          0 |          0 |          0 |         10 |          3 |          3 |          5 |          0 |          1 |          2 |          3 |          4 |          5 |          6 |
| 258  |      44 |       1 |          0 |          0 |          0 |          0 |          0 |          0 |         10 |          3 |          3 |          5 |          0 |          1 |          2 |          3 |          4 |          5 |          6 |
| 259  |      19 |       1 |          0 |          0 |          0 |          0 |          0 |          0 |         10 |          3 |          3 |          5 |          0 |          1 |          2 |          3 |          4 |          5 |          6 |
| 260  |      19 |       1 |          0 |          0 |          0 |          0 |          0 |          0 |         10 |          3 |          3 |          6 |          0 |          1 |          2 |          3 |          4 |          5 |          6 |
| 261  |      16 |       1 |          0 |          0 |          0 |          0 |          0 |          0 |         10 |          3 |          3 |          6 |          0 |          1 |          2 |          3 |          4 |          5 |          6 |
| 262  |      16 |      10 |          0 |          0 |          0 |          0 |          0 |          0 |         10 |          3 |          3 |          6 |          0 |          1 |          2 |          3 |          4 |          5 |          6 |
| 263  |      19 |      10 |          0 |          0 |          0 |          0 |          0 |          0 |         10 |          3 |          3 |          6 |          0 |          1 |          2 |          3 |          4 |          5 |          6 |
| 264  |      19 |       4 |          0 |          0 |          0 |          0 |          0 |          0 |         10 |          3 |          3 |          6 |          0 |          1 |          2 |          3 |          4 |          5 |          6 |
| 265  |      29 |       4 |          0 |          0 |          0 |          0 |          0 |          0 |         10 |          3 |          3 |          6 |          0 |          1 |          2 |          3 |          4 |          5 |          6 |
| 266  |      29 |       4 |          0 |          0 |          0 |          0 |          0 |          0 |         10 |          3 |          3 |          6 |          0 |          1 |          2 |          3 |          4 |          5 |          6 |
| 267  |      19 |       4 |          0 |          0 |          0 |          0 |          0 |          0 |         10 |          3 |          3 |          6 |          0 |          1 |          2 |          3 |          4 |          5 |          6 |
| 268  |      19 |       6 |          0 |          0 |          0 |          0 |          0 |          0 |         10 |          3 |          3 |          6 |          0 |          1 |          2 |          3 |          4 |          5 |          6 |
| 269  |      20 |       6 |          0 |          0 |          0 |          0 |          0 |          0 |         10 |          3 |          3 |          6 |          0 |          1 |          2 |          3 |          4 |          5 |          6 |
| 270  |      26 |       6 |          0 |          0 |          0 |          0 |          0 |          0 |         10 |          3 |          3 |          6 |          0 |          1 |          2 |          3 |          4 |          5 |          6 |
| 271  |      26 |       6 |          0 |          0 |          0 |          0 |          0 |          0 |         10 |          3 |          3 |          6 |          0 |          1 |          2 |          3 |          4 |          5 |          6 |
| 272  |       1 |       6 |          0 |          0 |          0 |          0 |          0 |          0 |         10 |          3 |          3 |          6 |          0 |          1 |          2 |          3 |          4 |          5 |          6 |
| 273  |       1 |       0 |          0 |          0 |          0 |          0 |          0 |          0 |         10 |          3 |          3 |          6 |          0 |          1 |          2 |          3 |          4 |          5 |          6 |
| 274  |      42 |       0 |          0 |          0 |          0 |          0 |          0 |          0 |         10 |          3 |          3 |          6 |          0 |          1 |          2 |          3 |          4 |          5 |          6 |
| 275  |      42 |       0 |          0 |          0 |          0 |          0 |          0 |          0 |         10 |          3 |          3 |          6 |          0 |          1 |          2 |          3 |          4 |          5 |          6 |
| 276  |      17 |       0 |          0 |          0 |          0 |          0 |          0 |          0 |         10 |          3 |          3 |          6 |          0 |          1 |          2 |          3 |          4 |          5 |          6 |
| 277  |      17 |       0 |          0 |          0 |          0 |          0 |          0 |          0 |         10 |          4 |          3 |          6 |          0 |          1 |          2 |          3 |          4 |          5 |          6 |
| 278  |      19 |       0 |          0 |          0 |          0 |          0 |          0 |          0 |         10 |          4 |          3 |          6 |          0 |          1 |          2 |          3 |          4 |          5 |          6 |
| 279  |      19 |       0 |          0 |          0 |          0 |          0 |          0 |          0 |         10 |          4 |          3 |          7 |          0 |          1 |          2 |          3 |          4 |          5 |          6 |
| 280  |      16 |       0 |          0 |          0 |          0 |          0 |          0 |          0 |         10 |          4 |          3 |          7 |          0 |          1 |          2 |          3 |          4 |          5 |          6 |
| 281  |      16 |      10 |          0 |          0 |          0 |          0 |          0 |          0 |         10 |          4 |          3 |          7 |          0 |          1 |          2 |          3 |          4 |          5 |          6 |
| 282  |      19 |      10 |          0 |          0 |          0 |          0 |          0 |          0 |         10 |          4 |          3 |          7 |          0 |          1 |          2 |          3 |          4 |          5 |          6 |
| 283  |      19 |       3 |          0 |          0 |          0 |          0 |          0 |          0 |         10 |          4 |          3 |          7 |          0 |          1 |          2 |          3 |          4 |          5 |          6 |
| 284  |      29 |       3 |          0 |          0 |          0 |          0 |          0 |          0 |         10 |          4 |          3 |          7 |          0 |          1 |          2 |          3 |          4 |          5 |          6 |
| 285  |      29 |       3 |          0 |          0 |          0 |          0 |          0 |          0 |         10 |          4 |          3 |          7 |          0 |          1 |          2 |          3 |          4 |          5 |          6 |
| 286  |      19 |       3 |          0 |          0 |          0 |          0 |          0 |          0 |         10 |          4 |          3 |          7 |          0 |          1 |          2 |          3 |          4 |          5 |          6 |
| 287  |      19 |       7 |          0 |          0 |          0 |          0 |          0 |          0 |         10 |          4 |          3 |          7 |          0 |          1 |          2 |          3 |          4 |          5 |          6 |
| 288  |      20 |       7 |          0 |          0 |          0 |          0 |          0 |          0 |         10 |          4 |          3 |          7 |          0 |          1 |          2 |          3 |          4 |          5 |          6 |
| 289  |      27 |       7 |          0 |          0 |          0 |          0 |          0 |          0 |         10 |          4 |          3 |          7 |          0 |          1 |          2 |          3 |          4 |          5 |          6 |
| 290  |      27 |       7 |          0 |          0 |          0 |          0 |          0 |          0 |         10 |          4 |          3 |          7 |          0 |          1 |          2 |          3 |          4 |          5 |          6 |
| 291  |       1 |       7 |          0 |          0 |          0 |          0 |          0 |          0 |         10 |          4 |          3 |          7 |          0 |          1 |          2 |          3 |          4 |          5 |          6 |
| 292  |       1 |       1 |          0 |          0 |          0 |          0 |          0 |          0 |         10 |          4 |          3 |          7 |          0 |          1 |          2 |          3 |          4 |          5 |          6 |
| 293  |      42 |       1 |          0 |          0 |          0 |          0 |          0 |          0 |         10 |          4 |          3 |          7 |          0 |          1 |          2 |          3 |          4 |          5 |          6 |
| 294  |      42 |       1 |          0 |          0 |          0 |          0 |          0 |          0 |         10 |          4 |          3 |          7 |          0 |          1 |          2 |          3 |          4 |          5 |          6 |
| 295  |      18 |       1 |          0 |          0 |          0 |          0 |          0 |          0 |         10 |          4 |          3 |          7 |          0 |          1 |          2 |          3 |          4 |          5 |          6 |
| 296  |      18 |       1 |          0 |          0 |          0 |          0 |          0 |          0 |         10 |          4 |          4 |          7 |          0 |          1 |          2 |          3 |          4 |          5 |          6 |
| 297  |      44 |       1 |          0 |          0 |          0 |          0 |          0 |          0 |         10 |          4 |          4 |          7 |          0 |          1 |          2 |          3 |          4 |          5 |          6 |
| 298  |      44 |       1 |          0 |          0 |          0 |          0 |          0 |          0 |         10 |          4 |          4 |          7 |          0 |          1 |          2 |          3 |          4 |          5 |          6 |
| 299  |      19 |       1 |          0 |          0 |          0 |          0 |          0 |          0 |         10 |          4 |          4 |          7 |          0 |          1 |          2 |          3 |          4 |          5 |          6 |
| 300  |      19 |       1 |          0 |          0 |          0 |          0 |          0 |          0 |         10 |          4 |          4 |          8 |          0 |          1 |          2 |          3 |          4 |          5 |          6 |
| 301  |      16 |       1 |          0 |          0 |          0 |          0 |          0 |          0 |         10 |          4 |          4 |          8 |          0 |          1 |          2 |          3 |          4 |          5 |          6 |
| 302  |      16 |      10 |          0 |          0 |          0 |          0 |          0 |          0 |         10 |          4 |          4 |          8 |          0 |          1 |          2 |          3 |          4 |          5 |          6 |
| 303  |      19 |      10 |          0 |          0 |          0 |          0 |          0 |          0 |         10 |          4 |          4 |          8 |          0 |          1 |          2 |          3 |          4 |          5 |          6 |
| 304  |      19 |       2 |          0 |          0 |          0 |          0 |          0 |          0 |         10 |          4 |          4 |          8 |          0 |          1 |          2 |          3 |          4 |          5 |          6 |
| 305  |      29 |       2 |          0 |          0 |          0 |          0 |          0 |          0 |         10 |          4 |          4 |          8 |          0 |          1 |          2 |          3 |          4 |          5 |          6 |
| 306  |      29 |       2 |          0 |          0 |          0 |          0 |          0 |          0 |         10 |          4 |          4 |          8 |          0 |          1 |          2 |          3 |          4 |          5 |          6 |
| 307  |      19 |       2 |          0 |          0 |          0 |          0 |          0 |          0 |         10 |          4 |          4 |          8 |          0 |          1 |          2 |          3 |          4 |          5 |          6 |
| 308  |      19 |       8 |          0 |          0 |          0 |          0 |          0 |          0 |         10 |          4 |          4 |          8 |          0 |          1 |          2 |          3 |          4 |          5 |          6 |
| 309  |      20 |       8 |          0 |          0 |          0 |          0 |          0 |          0 |         10 |          4 |          4 |          8 |          0 |          1 |          2 |          3 |          4 |          5 |          6 |
| 310  |      28 |       8 |          0 |          0 |          0 |          0 |          0 |          0 |         10 |          4 |          4 |          8 |          0 |          1 |          2 |          3 |          4 |          5 |          6 |
| 311  |      28 |       8 |          0 |          0 |          0 |          0 |          0 |          0 |         10 |          4 |          4 |          8 |          0 |          1 |          2 |          3 |          4 |          5 |          6 |
| 312  |       1 |       8 |          0 |          0 |          0 |          0 |          0 |          0 |         10 |          4 |          4 |          8 |          0 |          1 |          2 |          3 |          4 |          5 |          6 |
| 313  |       1 |       0 |          0 |          0 |          0 |          0 |          0 |          0 |         10 |          4 |          4 |          8 |          0 |          1 |          2 |          3 |          4 |          5 |          6 |
| 314  |      42 |       0 |          0 |          0 |          0 |          0 |          0 |          0 |         10 |          4 |          4 |          8 |          0 |          1 |          2 |          3 |          4 |          5 |          6 |
| 315  |      42 |       0 |          0 |          0 |          0 |          0 |          0 |          0 |         10 |          4 |          4 |          8 |          0 |          1 |          2 |          3 |          4 |          5 |          6 |
| 316  |      17 |       0 |          0 |          0 |          0 |          0 |          0 |          0 |         10 |          4 |          4 |          8 |          0 |          1 |          2 |          3 |          4 |          5 |          6 |
| 317  |      17 |       0 |          0 |          0 |          0 |          0 |          0 |          0 |         10 |          5 |          4 |          8 |          0 |          1 |          2 |          3 |          4 |          5 |          6 |
| 318  |      19 |       0 |          0 |          0 |          0 |          0 |          0 |          0 |         10 |          5 |          4 |          8 |          0 |          1 |          2 |          3 |          4 |          5 |          6 |
| 319  |      19 |       0 |          0 |          0 |          0 |          0 |          0 |          0 |         10 |          5 |          4 |          9 |          0 |          1 |          2 |          3 |          4 |          5 |          6 |
| 320  |      16 |       0 |          0 |          0 |          0 |          0 |          0 |          0 |         10 |          5 |          4 |          9 |          0 |          1 |          2 |          3 |          4 |          5 |          6 |
| 321  |      16 |      10 |          0 |          0 |          0 |          0 |          0 |          0 |         10 |          5 |          4 |          9 |          0 |          1 |          2 |          3 |          4 |          5 |          6 |
| 322  |      19 |      10 |          0 |          0 |          0 |          0 |          0 |          0 |         10 |          5 |          4 |          9 |          0 |          1 |          2 |          3 |          4 |          5 |          6 |
| 323  |      19 |       1 |          0 |          0 |          0 |          0 |          0 |          0 |         10 |          5 |          4 |          9 |          0 |          1 |          2 |          3 |          4 |          5 |          6 |
| 324  |      29 |       1 |          0 |          0 |          0 |          0 |          0 |          0 |         10 |          5 |          4 |          9 |          0 |          1 |          2 |          3 |          4 |          5 |          6 |
| 325  |      29 |       1 |          0 |          0 |          0 |          0 |          0 |          0 |         10 |          5 |          4 |          9 |          0 |          1 |          2 |          3 |          4 |          5 |          6 |
| 326  |      19 |       1 |          0 |          0 |          0 |          0 |          0 |          0 |         10 |          5 |          4 |          9 |          0 |          1 |          2 |          3 |          4 |          5 |          6 |
| 327  |      19 |       9 |          0 |          0 |          0 |          0 |          0 |          0 |         10 |          5 |          4 |          9 |          0 |          1 |          2 |          3 |          4 |          5 |          6 |
| 328  |      20 |       9 |          0 |          0 |          0 |          0 |          0 |          0 |         10 |          5 |          4 |          9 |          0 |          1 |          2 |          3 |          4 |          5 |          6 |
| 329  |      29 |       9 |          0 |          0 |          0 |          0 |          0 |          0 |         10 |          5 |          4 |          9 |          0 |          1 |          2 |          3 |          4 |          5 |          6 |
| 330  |      29 |       9 |          0 |          0 |          0 |          0 |          0 |          0 |         10 |          5 |          4 |          9 |          0 |          1 |          2 |          3 |          4 |          5 |          6 |
| 331  |       1 |       9 |          0 |          0 |          0 |          0 |          0 |          0 |         10 |          5 |          4 |          9 |          0 |          1 |          2 |          3 |          4 |          5 |          6 |
| 332  |       1 |       1 |          0 |          0 |          0 |          0 |          0 |          0 |         10 |          5 |          4 |          9 |          0 |          1 |          2 |          3 |          4 |          5 |          6 |
| 333  |      42 |       1 |          0 |          0 |          0 |          0 |          0 |          0 |         10 |          5 |          4 |          9 |          0 |          1 |          2 |          3 |          4 |          5 |          6 |
| 334  |      42 |       1 |          0 |          0 |          0 |          0 |          0 |          0 |         10 |          5 |          4 |          9 |          0 |          1 |          2 |          3 |          4 |          5 |          6 |
| 335  |      18 |       1 |          0 |          0 |          0 |          0 |          0 |          0 |         10 |          5 |          4 |          9 |          0 |          1 |          2 |          3 |          4 |          5 |          6 |
| 336  |      18 |       1 |          0 |          0 |          0 |          0 |          0 |          0 |         10 |          5 |          5 |          9 |          0 |          1 |          2 |          3 |          4 |          5 |          6 |
| 337  |      44 |       1 |          0 |          0 |          0 |          0 |          0 |          0 |         10 |          5 |          5 |          9 |          0 |          1 |          2 |          3 |          4 |          5 |          6 |
| 338  |      44 |       1 |          0 |          0 |          0 |          0 |          0 |          0 |         10 |          5 |          5 |          9 |          0 |          1 |          2 |          3 |          4 |          5 |          6 |
| 339  |      19 |       1 |          0 |          0 |          0 |          0 |          0 |          0 |         10 |          5 |          5 |          9 |          0 |          1 |          2 |          3 |          4 |          5 |          6 |
| 340  |      19 |       1 |          0 |          0 |          0 |          0 |          0 |          0 |         10 |          5 |          5 |         10 |          0 |          1 |          2 |          3 |          4 |          5 |          6 |
| 341  |      16 |       1 |          0 |          0 |          0 |          0 |          0 |          0 |         10 |          5 |          5 |         10 |          0 |          1 |          2 |          3 |          4 |          5 |          6 |
| 342  |      16 |      10 |          0 |          0 |          0 |          0 |          0 |          0 |         10 |          5 |          5 |         10 |          0 |          1 |          2 |          3 |          4 |          5 |          6 |
| 343  |      19 |      10 |          0 |          0 |          0 |          0 |          0 |          0 |         10 |          5 |          5 |         10 |          0 |          1 |          2 |          3 |          4 |          5 |          6 |
| 344  |      19 |       0 |          0 |          0 |          0 |          0 |          0 |          0 |         10 |          5 |          5 |         10 |          0 |          1 |          2 |          3 |          4 |          5 |          6 |
| 345  |      29 |       0 |          0 |          0 |          0 |          0 |          0 |          0 |         10 |          5 |          5 |         10 |          0 |          1 |          2 |          3 |          4 |          5 |          6 |
| 346  |      29 |       0 |          0 |          0 |          0 |          0 |          0 |          0 |         10 |          5 |          5 |         10 |          0 |          1 |          2 |          3 |          4 |          5 |          6 |
| 347  |      52 |       0 |          0 |          0 |          0 |          0 |          0 |          0 |         10 |          5 |          5 |         10 |          0 |          1 |          2 |          3 |          4 |          5 |          6 |
| 348  |      52 |       0 |          0 |          0 |          0 |          0 |          0 |          0 |         10 |          5 |          5 |         10 |          0 |          1 |          2 |          3 |          4 |          5 |          6 |
| 349  |      52 |       0 |          0 |          0 |          0 |          0 |          0 |          0 |         10 |          5 |          5 |         10 |          0 |          1 |          2 |          3 |          4 |          5 |          6 |
| 350  |      52 |       0 |          0 |          0 |          0 |          0 |          0 |          0 |         10 |          5 |          5 |         10 |          0 |          1 |          2 |          3 |          4 |          5 |          6 |
| 351  |      52 |       0 |          0 |          0 |          0 |          0 |          0 |          0 |         10 |          5 |          5 |         10 |          0 |          1 |          2 |          3 |          4 |          5 |          6 |
| 352  |      52 |       0 |          0 |          0 |          0 |          0 |          0 |          0 |         10 |          5 |          5 |         10 |          0 |          1 |          2 |          3 |          4 |          5 |          6 |
| 353  |      52 |       0 |          0 |          0 |          0 |          0 |          0 |          0 |         10 |          5 |          5 |         10 |          0 |          1 |          2 |          3 |          4 |          5 |          6 |
| 354  |      52 |       0 |          0 |          0 |          0 |          0 |          0 |          0 |         10 |          5 |          5 |         10 |          0 |          1 |          2 |          3 |          4 |          5 |          6 |
| 355  |      52 |       0 |          0 |          0 |          0 |          0 |          0 |          0 |         10 |          5 |          5 |         10 |          0 |          1 |          2 |          3 |          4 |          5 |          6 |
| 356  |      52 |       0 |          0 |          0 |          0 |          0 |          0 |          0 |         10 |          5 |          5 |         10 |          0 |          1 |          2 |          3 |          4 |          5 |          6 |
| 357  |      52 |       0 |          0 |          0 |          0 |          0 |          0 |          0 |         10 |          5 |          5 |         10 |          0 |          1 |          2 |          3 |          4 |          5 |          6 |
| 358  |      52 |       0 |          0 |          0 |          0 |          0 |          0 |          0 |         10 |          5 |          5 |         10 |          0 |          1 |          2 |          3 |          4 |          5 |          6 |
| 359  |      52 |       0 |          0 |          0 |          0 |          0 |          0 |          0 |         10 |          5 |          5 |         10 |          0 |          1 |          2 |          3 |          4 |          5 |          6 |
| 360  |      52 |       0 |          0 |          0 |          0 |          0 |          0 |          0 |         10 |          5 |          5 |         10 |          0 |          1 |          2 |          3 |          4 |          5 |          6 |
| 361  |      52 |       0 |          0 |          0 |          0 |          0 |          0 |          0 |         10 |          5 |          5 |         10 |          0 |          1 |          2 |          3 |          4 |          5 |          6 |
| 362  |      52 |       0 |          0 |          0 |          0 |          0 |          0 |          0 |         10 |          5 |          5 |         10 |          0 |          1 |          2 |          3 |          4 |          5 |          6 |
| 363  |      52 |       0 |          0 |          0 |          0 |          0 |          0 |          0 |         10 |          5 |          5 |         10 |          0 |          1 |          2 |          3 |          4 |          5 |          6 |
| 364  |      52 |       0 |          0 |          0 |          0 |          0 |          0 |          0 |         10 |          5 |          5 |         10 |          0 |          1 |          2 |          3 |          4 |          5 |          6 |
| 365  |      52 |       0 |          0 |          0 |          0 |          0 |          0 |          0 |         10 |          5 |          5 |         10 |          0 |          1 |          2 |          3 |          4 |          5 |          6 |
| 366  |      52 |       0 |          0 |          0 |          0 |          0 |          0 |          0 |         10 |          5 |          5 |         10 |          0 |          1 |          2 |          3 |          4 |          5 |          6 |
| 367  |      52 |       0 |          0 |          0 |          0 |          0 |          0 |          0 |         10 |          5 |          5 |         10 |          0 |          1 |          2 |          3 |          4 |          5 |          6 |
| 368  |      52 |       0 |          0 |          0 |          0 |          0 |          0 |          0 |         10 |          5 |          5 |         10 |          0 |          1 |          2 |          3 |          4 |          5 |          6 |
| 369  |      52 |       0 |          0 |          0 |          0 |          0 |          0 |          0 |         10 |          5 |          5 |         10 |          0 |          1 |          2 |          3 |          4 |          5 |          6 |
| 370  |      52 |       0 |          0 |          0 |          0 |          0 |          0 |          0 |         10 |          5 |          5 |         10 |          0 |          1 |          2 |          3 |          4 |          5 |          6 |
| 371  |      52 |       0 |          0 |          0 |          0 |          0 |          0 |          0 |         10 |          5 |          5 |         10 |          0 |          1 |          2 |          3 |          4 |          5 |          6 |
