| time |ARegister|DRegister| RAM16K[0]  | RAM16K[1]  | RAM16K[2]  | RAM16K[3]  | RAM16K[4]  | RAM16K[5]  | RAM16K[16] | RAM16K[17] | RAM16K[18] | RAM16K[19] | RAM16K[20] | RAM16K[21] | RAM16K[22] | RAM16K[23] | RAM16K[24] | RAM16K[25] | RAM16K[26] |
| 0    |       0 |       0 |          0 |          0 |          0 |          0 |          0 |          0 |          0 |          0 |          0 |          0 |          0 |          0 |          0 |          0 |          0 |          0 |          0 |
| 1    |      16 |       0 |          0 |          0 |          0 |          0 |          0 |          0 |          0 |          0 |          0 |          0 |          0 |          0 |          0 |          0 |          0 |          0 |          0 |
| 2    |      16 |       0 |          0 |          0 |          0 |          0 |          0 |          0 |          0 |          0 |          0 |          0 |          0 |          0 |          0 |          0 |          0 |          0 |          0 |
| 3    |      17 |       0 |          0 |          0 |          0 |          0 |          0 |          0 |          0 |          0 |          0 |          0 |          0 |          0 |          0 |          0 |          0 |          0 |          0 |
| 4    |      17 |       0 |          0 |          0 |          0 |          0 |          0 |          0 |          0 |          0 |          0 |          0 |          0 |          0 |          0 |          0 |          0 |          0 |          0 |
| 5    |      18 |       0 |          0 |          0 |          0 |          0 |          0 |          0 |          0 |          0 |          0 |          0 |          0 |          0 |          0 |          0 |          0 |          0 |          0 |
| 6    |      16 |       0 |          0 |          0 |          0 |          0 |          0 |          0 |          0 |          0 |          0 |          0 |          0 |          0 |          0 |          0 |          0 |          0 |          0 |
| 7    |      16 |       0 |          0 |          0 |          0 |          0 |          0 |          0 |          0 |          0 |          0 |          0 |          0 |          0 |          0 |          0 |          0 |          0 |          0 |
| 8    |       5 |       0 |          0 |          0 |          0 |          0 |          0 |          0 |          0 |          0 |          0 |          0 |          0 |          0 |          0 |          0 |          0 |          0 |          0 |
| 9    |       5 |      -5 |          0 |          0 |          0 |          0 |          0 |          0 |          0 |          0 |          0 |          0 |          0 |          0 |          0 |          0 |          0 |          0 |          0 |
| 10   |      20 |      -5 |          0 |          0 |          0 |          0 |          0 |          0 |          0 |          0 |          0 |          0 |          0 |          0 |          0 |          0 |          0 |          0 |          0 |
| 11   |      20 |      -5 |          0 |          0 |          0 |          0 |          0 |          0 |          0 |          0 |          0 |          0 |          0 |          0 |          0 |          0 |          0 |          0 |          0 |
| 12   |      16 |      -5 |          0 |          0 |          0 |          0 |          0 |          0 |          0 |          0 |          0 |          0 |          0 |          0 |          0 |          0 |          0 |          0 |          0 |
| 13   |      16 |       0 |          0 |          0 |          0 |          0 |          0 |          0 |          0 |          0 |          0 |          0 |          0 |          0 |          0 |          0 |          0 |          0 |          0 |
| 14   |      18 |       0 |          0 |          0 |          0 |          0 |          0 |          0 |          0 |          0 |          0 |          0 |          0 |          0 |          0 |          0 |          0 |          0 |          0 |
| 15   |      18 |       0 |          0 |          0 |          0 |          0 |          0 |          0 |          0 |          0 |          0 |          0 |          0 |          0 |          0 |          0 |          0 |          0 |          0 |
| 16   |      18 |       0 |          0 |          0 |          0 |          0 |          0 |          0 |          0 |          0 |          0 |          0 |          0 |          0 |          0 |          0 |          0 |          0 |          0 |
| 17   |      16 |       0 |          0 |          0 |          0 |          0 |          0 |          0 |          0 |          0 |          0 |          0 |          0 |          0 |          0 |          0 |          0 |          0 |          0 |
| 18   |      16 |       0 |          0 |          0 |          0 |          0 |          0 |          0 |          1 |          0 |          0 |          0 |          0 |          0 |          0 |          0 |          0 |          0 |          0 |
| 19   |       5 |       0 |          0 |          0 |          0 |          0 |          0 |          0 |          1 |          0 |          0 |          0 |          0 |          0 |          0 |          0 |          0 |          0 |          0 |
| 20   |       5 |       0 |          0 |          0 |          0 |          0 |          0 |          0 |          1 |          0 |          0 |          0 |          0 |          0 |          0 |          0 |          0 |          0 |          0 |
| 21   |      16 |       0 |          0 |          0 |          0 |          0 |          0 |          0 |          1 |          0 |          0 |          0 |          0 |          0 |          0 |          0 |          0 |          0 |          0 |
| 22   |      16 |       1 |          0 |          0 |          0 |          0 |          0 |          0 |          1 |          0 |          0 |          0 |          0 |          0 |          0 |          0 |          0 |          0 |          0 |
| 23   |       5 |       1 |          0 |          0 |          0 |          0 |          0 |          0 |          1 |          0 |          0 |          0 |          0 |          0 |          0 |          0 |          0 |          0 |          0 |
| 24   |       5 |      -4 |          0 |          0 |          0 |          0 |          0 |          0 |          1 |          0 |          0 |          0 |          0 |          0 |          0 |          0 |          0 |          0 |          0 |
| 25   |      20 |      -4 |          0 |          0 |          0 |          0 |          0 |          0 |          1 |          0 |          0 |          0 |          0 |          0 |          0 |          0 |          0 |          0 |          0 |
| 26   |      20 |      -4 |          0 |          0 |          0 |          0 |          0 |          0 |          1 |          0 |          0 |          0 |          0 |          0 |          0 |          0 |          0 |          0 |          0 |
| 27   |      16 |      -4 |          0 |          0 |          0 |          0 |          0 |          0 |          1 |          0 |          0 |          0 |          0 |          0 |          0 |          0 |          0 |          0 |          0 |
| 28   |      16 |       1 |          0 |          0 |          0 |          0 |          0 |          0 |          1 |          0 |          0 |          0 |          0 |          0 |          0 |          0 |          0 |          0 |          0 |
| 29   |      18 |       1 |          0 |          0 |          0 |          0 |          0 |          0 |          1 |          0 |          0 |          0 |          0 |          0 |          0 |          0 |          0 |          0 |          0 |
| 30   |      19 |       1 |          0 |          0 |          0 |          0 |          0 |          0 |          1 |          0 |          0 |          0 |          0 |          0 |          0 |          0 |          0 |          0 |          0 |
| 31   |      19 |       1 |          0 |          0 |          0 |          0 |          0 |          0 |          1 |          0 |          0 |          1 |          0 |          0 |          0 |          0 |          0 |          0 |          0 |
| 32   |      16 |       1 |          0 |          0 |          0 |          0 |          0 |          0 |          1 |          0 |          0 |          1 |          0 |          0 |          0 |          0 |          0 |          0 |          0 |
| 33   |      16 |       1 |          0 |          0 |          0 |          0 |          0 |          0 |          2 |          0 |          0 |          1 |          0 |          0 |          0 |          0 |          0 |          0 |          0 |
| 34   |       5 |       1 |          0 |          0 |          0 |          0 |          0 |          0 |          2 |          0 |          0 |          1 |          0 |          0 |          0 |          0 |          0 |          0 |          0 |
| 35   |       5 |       1 |          0 |          0 |          0 |          0 |          0 |          0 |          2 |          0 |          0 |          1 |          0 |          0 |          0 |          0 |          0 |          0 |          0 |
| 36   |      16 |       1 |          0 |          0 |          0 |          0 |          0 |          0 |          2 |          0 |          0 |          1 |          0 |          0 |          0 |          0 |          0 |          0 |          0 |
| 37   |      16 |       2 |          0 |          0 |          0 |          0 |          0 |          0 |          2 |          0 |          0 |          1 |          0 |          0 |          0 |          0 |          0 |          0 |          0 |
| 38   |       5 |       2 |          0 |          0 |          0 |          0 |          0 |          0 |          2 |          0 |          0 |          1 |          0 |          0 |          0 |          0 |          0 |          0 |          0 |
| 39   |       5 |      -3 |          0 |          0 |          0 |          0 |          0 |          0 |          2 |          0 |          0 |          1 |          0 |          0 |          0 |          0 |          0 |          0 |          0 |
| 40   |      20 |      -3 |          0 |          0 |          0 |          0 |          0 |          0 |          2 |          0 |          0 |          1 |          0 |          0 |          0 |          0 |          0 |          0 |          0 |
| 41   |      20 |      -3 |          0 |          0 |          0 |          0 |          0 |          0 |          2 |          0 |          0 |          1 |          0 |          0 |          0 |          0 |          0 |          0 |          0 |
| 42   |      16 |      -3 |          0 |          0 |          0 |          0 |          0 |          0 |          2 |          0 |          0 |          1 |          0 |          0 |          0 |          0 |          0 |          0 |          0 |
| 43   |      16 |       2 |          0 |          0 |          0 |          0 |          0 |          0 |          2 |          0 |          0 |          1 |          0 |          0 |          0 |          0 |          0 |          0 |          0 |
| 44   |      18 |       2 |          0 |          0 |          0 |          0 |          0 |          0 |          2 |          0 |          0 |          1 |          0 |          0 |          0 |          0 |          0 |          0 |          0 |
| 45   |      20 |       2 |          0 |          0 |          0 |          0 |          0 |          0 |          2 |          0 |          0 |          1 |          0 |          0 |          0 |          0 |          0 |          0 |          0 |
| 46   |      20 |       2 |          0 |          0 |          0 |          0 |          0 |          0 |          2 |          0 |          0 |          1 |          2 |          0 |          0 |          0 |          0 |          0 |          0 |
| 47   |      16 |       2 |          0 |          0 |          0 |          0 |          0 |          0 |          2 |          0 |          0 |          1 |          2 |          0 |          0 |          0 |          0 |          0 |          0 |
| 48   |      16 |       2 |          0 |          0 |          0 |          0 |          0 |          0 |          3 |          0 |          0 |          1 |          2 |          0 |          0 |          0 |          0 |          0 |          0 |
| 49   |       5 |       2 |          0 |          0 |          0 |          0 |          0 |          0 |          3 |          0 |          0 |          1 |          2 |          0 |          0 |          0 |          0 |          0 |          0 |
| 50   |       5 |       2 |          0 |          0 |          0 |          0 |          0 |          0 |          3 |          0 |          0 |          1 |          2 |          0 |          0 |          0 |          0 |          0 |          0 |
| 51   |      16 |       2 |          0 |          0 |          0 |          0 |          0 |          0 |          3 |          0 |          0 |          1 |          2 |          0 |          0 |          0 |          0 |          0 |          0 |
| 52   |      16 |       3 |          0 |          0 |          0 |          0 |          0 |          0 |          3 |          0 |          0 |          1 |          2 |          0 |          0 |          0 |          0 |          0 |          0 |
| 53   |       5 |       3 |          0 |          0 |          0 |          0 |          0 |          0 |          3 |          0 |          0 |          1 |          2 |          0 |          0 |          0 |          0 |          0 |          0 |
| 54   |       5 |      -2 |          0 |          0 |          0 |          0 |          0 |          0 |          3 |          0 |          0 |          1 |          2 |          0 |          0 |          0 |          0 |          0 |          0 |
| 55   |      20 |      -2 |          0 |          0 |          0 |          0 |          0 |          0 |          3 |          0 |          0 |          1 |          2 |          0 |          0 |          0 |          0 |          0 |          0 |
| 56   |      20 |      -2 |          0 |          0 |          0 |          0 |          0 |          0 |          3 |          0 |          0 |          1 |          2 |          0 |          0 |          0 |          0 |          0 |          0 |
| 57   |      16 |      -2 |          0 |          0 |          0 |          0 |          0 |          0 |          3 |          0 |          0 |          1 |          2 |          0 |          0 |          0 |          0 |          0 |          0 |
| 58   |      16 |       3 |          0 |          0 |          0 |          0 |          0 |          0 |          3 |          0 |          0 |          1 |          2 |          0 |          0 |          0 |          0 |          0 |          0 |
| 59   |      18 |       3 |          0 |          0 |          0 |          0 |          0 |          0 |          3 |          0 |          0 |          1 |          2 |          0 |          0 |          0 |          0 |          0 |          0 |
| 60   |      21 |       3 |          0 |          0 |          0 |          0 |          0 |          0 |          3 |          0 |          0 |          1 |          2 |          0 |          0 |          0 |          0 |          0 |          0 |
| 61   |      21 |       3 |          0 |          0 |          0 |          0 |          0 |          0 |          3 |          0 |          0 |          1 |          2 |          3 |          0 |          0 |          0 |          0 |          0 |
| 62   |      16 |       3 |          0 |          0 |          0 |          0 |          0 |          0 |          3 |          0 |          0 |          1 |          2 |          3 |          0 |          0 |          0 |          0 |          0 |
| 63   |      16 |       3 |          0 |          0 |          0 |          0 |          0 |          0 |          4 |          0 |          0 |          1 |          2 |          3 |          0 |          0 |          0 |          0 |          0 |
| 64   |       5 |       3 |          0 |          0 |          0 |          0 |          0 |          0 |          4 |          0 |          0 |          1 |          2 |          3 |          0 |          0 |          0 |          0 |          0 |
| 65   |       5 |       3 |          0 |          0 |          0 |          0 |          0 |          0 |          4 |          0 |          0 |          1 |          2 |          3 |          0 |          0 |          0 |          0 |          0 |
| 66   |      16 |       3 |          0 |          0 |          0 |          0 |          0 |          0 |          4 |          0 |          0 |          1 |          2 |          3 |          0 |          0 |          0 |          0 |          0 |
| 67   |      16 |       4 |          0 |          0 |          0 |          0 |          0 |          0 |          4 |          0 |          0 |          1 |          2 |          3 |          0 |          0 |          0 |          0 |          0 |
| 68   |       5 |       4 |          0 |          0 |          0 |          0 |          0 |          0 |          4 |          0 |          0 |          1 |          2 |          3 |          0 |          0 |          0 |          0 |          0 |
| 69   |       5 |      -1 |          0 |          0 |          0 |          0 |          0 |          0 |          4 |          0 |          0 |          1 |          2 |          3 |          0 |          0 |          0 |          0 |          0 |
| 70   |      20 |      -1 |          0 |          0 |          0 |          0 |          0 |          0 |          4 |          0 |          0 |          1 |          2 |          3 |          0 |          0 |          0 |          0 |          0 |
| 71   |      20 |      -1 |          0 |          0 |          0 |          0 |          0 |          0 |          4 |          0 |          0 |          1 |          2 |          3 |          0 |          0 |          0 |          0 |          0 |
| 72   |      16 |      -1 |          0 |          0 |          0 |          0 |          0 |          0 |          4 |          0 |          0 |          1 |          2 |          3 |          0 |          0 |          0 |          0 |          0 |
| 73   |      16 |       4 |          0 |          0 |          0 |          0 |          0 |          0 |          4 |          0 |          0 |          1 |          2 |          3 |          0 |          0 |          0 |          0 |          0 |
| 74   |      18 |       4 |          0 |          0 |          0 |          0 |          0 |          0 |          4 |          0 |          0 |          1 |          2 |          3 |          0 |          0 |          0 |          0 |          0 |
| 75   |      22 |       4 |          0 |          0 |          0 |          0 |          0 |          0 |          4 |          0 |          0 |          1 |          2 |          3 |          0 |          0 |          0 |          0 |          0 |
| 76   |      22 |       4 |          0 |          0 |          0 |          0 |          0 |          0 |          4 |          0 |          0 |          1 |          2 |          3 |          4 |          0 |          0 |          0 |          0 |
| 77   |      16 |       4 |          0 |          0 |          0 |          0 |          0 |          0 |          4 |          0 |          0 |          1 |          2 |          3 |          4 |          0 |          0 |          0 |          0 |
| 78   |      16 |       4 |          0 |          0 |          0 |          0 |          0 |          0 |          5 |          0 |          0 |          1 |          2 |          3 |          4 |          0 |          0 |          0 |          0 |
| 79   |       5 |       4 |          0 |          0 |          0 |          0 |          0 |          0 |          5 |          0 |          0 |          1 |          2 |          3 |          4 |          0 |          0 |          0 |          0 |
| 80   |       5 |       4 |          0 |          0 |          0 |          0 |          0 |          0 |          5 |          0 |          0 |          1 |          2 |          3 |          4 |          0 |          0 |          0 |          0 |
| 81   |      16 |       4 |          0 |          0 |          0 |          0 |          0 |          0 |          5 |          0 |          0 |          1 |          2 |          3 |          4 |          0 |          0 |          0 |          0 |
| 82   |      16 |       5 |          0 |          0 |          0 |          0 |          0 |          0 |          5 |          0 |          0 |          1 |          2 |          3 |          4 |          0 |          0 |          0 |          0 |
| 83   |       5 |       5 |          0 |          0 |          0 |          0 |          0 |          0 |          5 |          0 |          0 |          1 |          2 |          3 |          4 |          0 |          0 |          0 |          0 |
| 84   |       5 |       0 |          0 |          0 |          0 |          0 |          0 |          0 |          5 |          0 |          0 |          1 |          2 |          3 |          4 |          0 |          0 |          0 |          0 |
| 85   |      20 |       0 |          0 |          0 |          0 |          0 |          0 |          0 |          5 |          0 |          0 |          1 |          2 |          3 |          4 |          0 |          0 |          0 |          0 |
| 86   |      20 |       0 |          0 |          0 |          0 |          0 |          0 |          0 |          5 |          0 |          0 |          1 |          2 |          3 |          4 |          0 |          0 |          0 |          0 |
| 87   |      16 |       0 |          0 |          0 |          0 |          0 |          0 |          0 |          5 |          0 |          0 |          1 |          2 |          3 |          4 |          0 |          0 |          0 |          0 |
| 88   |      16 |       5 |          0 |          0 |          0 |          0 |          0 |          0 |          5 |          0 |          0 |          1 |          2 |          3 |          4 |          0 |          0 |          0 |          0 |
| 89   |      18 |       5 |          0 |          0 |          0 |          0 |          0 |          0 |          5 |          0 |          0 |          1 |          2 |          3 |          4 |          0 |          0 |          0 |          0 |
| 90   |      23 |       5 |          0 |          0 |          0 |          0 |          0 |          0 |          5 |          0 |          0 |          1 |          2 |          3 |          4 |          0 |          0 |          0 |          0 |
| 91   |      23 |       5 |          0 |          0 |          0 |          0 |          0 |          0 |          5 |          0 |          0 |          1 |          2 |          3 |          4 |         -1 |          0 |          0 |          0 |
| 92   |      16 |       5 |          0 |          0 |          0 |          0 |          0 |          0 |          5 |          0 |          0 |          1 |          2 |          3 |          4 |         -1 |          0 |          0 |          0 |
| 93   |      16 |       5 |          0 |          0 |          0 |          0 |          0 |          0 |          0 |          0 |          0 |          1 |          2 |          3 |          4 |         -1 |          0 |          0 |          0 |
| 94   |      16 |       5 |          0 |          0 |          0 |          0 |          0 |          0 |          0 |          0 |          0 |          1 |          2 |          3 |          4 |         -1 |          0 |          0 |          0 |
| 95   |      16 |       0 |          0 |          0 |          0 |          0 |          0 |          0 |          0 |          0 |          0 |          1 |          2 |          3 |          4 |         -1 |          0 |          0 |          0 |
| 96   |      18 |       0 |          0 |          0 |          0 |          0 |          0 |          0 |          0 |          0 |          0 |          1 |          2 |          3 |          4 |         -1 |          0 |          0 |          0 |
| 97   |      18 |       0 |          0 |          0 |          0 |          0 |          0 |          0 |          0 |          0 |          0 |          1 |          2 |          3 |          4 |         -1 |          0 |          0 |          0 |
| 98   |      18 |       0 |          0 |          0 |          0 |          0 |          0 |          0 |          0 |          0 |          0 |          1 |          2 |          3 |          4 |         -1 |          0 |          0 |          0 |
| 99   |      40 |       0 |          0 |          0 |          0 |          0 |          0 |          0 |          0 |          0 |          0 |          1 |          2 |          3 |          4 |         -1 |          0 |          0 |          0 |
| 100  |      40 |       0 |          0 |          0 |          0 |          0 |          0 |          0 |          0 |          0 |          0 |          1 |          2 |          3 |          4 |         -1 |          0 |          0 |          0 |
| 101  |      17 |       0 |          0 |          0 |          0 |          0 |          0 |          0 |          0 |          0 |          0 |          1 |          2 |          3 |          4 |         -1 |          0 |          0 |          0 |
| 102  |      17 |       0 |          0 |          0 |          0 |          0 |          0 |          0 |          0 |          1 |          0 |          1 |          2 |          3 |          4 |         -1 |          0 |          0 |          0 |
| 103  |      16 |       0 |          0 |          0 |          0 |          0 |          0 |          0 |          0 |          1 |          0 |          1 |          2 |          3 |          4 |         -1 |          0 |          0 |          0 |
| 104  |      16 |       0 |          0 |          0 |          0 |          0 |          0 |          0 |          1 |          1 |          0 |          1 |          2 |          3 |          4 |         -1 |          0 |          0 |          0 |
| 105  |      27 |       0 |          0 |          0 |          0 |          0 |          0 |          0 |          1 |          1 |          0 |          1 |          2 |          3 |          4 |         -1 |          0 |          0 |          0 |
| 106  |      27 |       0 |          0 |          0 |          0 |          0 |          0 |          0 |          1 |          1 |          0 |          1 |          2 |          3 |          4 |         -1 |          0 |          0 |          0 |
| 107  |      16 |       0 |          0 |          0 |          0 |          0 |          0 |          0 |          1 |          1 |          0 |          1 |          2 |          3 |          4 |         -1 |          0 |          0 |          0 |
| 108  |      16 |       1 |          0 |          0 |          0 |          0 |          0 |          0 |          1 |          1 |          0 |          1 |          2 |          3 |          4 |         -1 |          0 |          0 |          0 |
| 109  |      18 |       1 |          0 |          0 |          0 |          0 |          0 |          0 |          1 |          1 |          0 |          1 |          2 |          3 |          4 |         -1 |          0 |          0 |          0 |
| 110  |      19 |       1 |          0 |          0 |          0 |          0 |          0 |          0 |          1 |          1 |          0 |          1 |          2 |          3 |          4 |         -1 |          0 |          0 |          0 |
| 111  |      19 |       1 |          0 |          0 |          0 |          0 |          0 |          0 |          1 |          1 |          0 |          1 |          2 |          3 |          4 |         -1 |          0 |          0 |          0 |
| 112  |      40 |       1 |          0 |          0 |          0 |          0 |          0 |          0 |          1 |          1 |          0 |          1 |          2 |          3 |          4 |         -1 |          0 |          0 |          0 |
| 113  |      40 |       1 |          0 |          0 |          0 |          0 |          0 |          0 |          1 |          1 |          0 |          1 |          2 |          3 |          4 |         -1 |          0 |          0 |          0 |
| 114  |      17 |       1 |          0 |          0 |          0 |          0 |          0 |          0 |          1 |          1 |          0 |          1 |          2 |          3 |          4 |         -1 |          0 |          0 |          0 |
| 115  |      17 |       1 |          0 |          0 |          0 |          0 |          0 |          0 |          1 |          2 |          0 |          1 |          2 |          3 |          4 |         -1 |          0 |          0 |          0 |
| 116  |      16 |       1 |          0 |          0 |          0 |          0 |          0 |          0 |          1 |          2 |          0 |          1 |          2 |          3 |          4 |         -1 |          0 |          0 |          0 |
| 117  |      16 |       1 |          0 |          0 |          0 |          0 |          0 |          0 |          2 |          2 |          0 |          1 |          2 |          3 |          4 |         -1 |          0 |          0 |          0 |
| 118  |      27 |       1 |          0 |          0 |          0 |          0 |          0 |          0 |          2 |          2 |          0 |          1 |          2 |          3 |          4 |         -1 |          0 |          0 |          0 |
| 119  |      27 |       1 |          0 |          0 |          0 |          0 |          0 |          0 |          2 |          2 |          0 |          1 |          2 |          3 |          4 |         -1 |          0 |          0 |          0 |
| 120  |      16 |       1 |          0 |          0 |          0 |          0 |          0 |          0 |          2 |          2 |          0 |          1 |          2 |          3 |          4 |         -1 |          0 |          0 |          0 |
| 121  |      16 |       2 |          0 |          0 |          0 |          0 |          0 |          0 |          2 |          2 |          0 |          1 |          2 |          3 |          4 |         -1 |          0 |          0 |          0 |
| 122  |      18 |       2 |          0 |          0 |          0 |          0 |          0 |          0 |          2 |          2 |          0 |          1 |          2 |          3 |          4 |         -1 |          0 |          0 |          0 |
| 123  |      20 |       2 |          0 |          0 |          0 |          0 |          0 |          0 |          2 |          2 |          0 |          1 |          2 |          3 |          4 |         -1 |          0 |          0 |          0 |
| 124  |      20 |       2 |          0 |          0 |          0 |          0 |          0 |          0 |          2 |          2 |          0 |          1 |          2 |          3 |          4 |         -1 |          0 |          0 |          0 |
| 125  |      40 |       2 |          0 |          0 |          0 |          0 |          0 |          0 |          2 |          2 |          0 |          1 |          2 |          3 |          4 |         -1 |          0 |          0 |          0 |
| 126  |      40 |       2 |          0 |          0 |          0 |          0 |          0 |          0 |          2 |          2 |          0 |          1 |          2 |          3 |          4 |         -1 |          0 |          0 |          0 |
| 127  |      17 |       2 |          0 |          0 |          0 |          0 |          0 |          0 |          2 |          2 |          0 |          1 |          2 |          3 |          4 |         -1 |          0 |          0 |          0 |
| 128  |      17 |       2 |          0 |          0 |          0 |          0 |          0 |          0 |          2 |          3 |          0 |          1 |          2 |          3 |          4 |         -1 |          0 |          0 |          0 |
| 129  |      16 |       2 |          0 |          0 |          0 |          0 |          0 |          0 |          2 |          3 |          0 |          1 |          2 |          3 |          4 |         -1 |          0 |          0 |          0 |
| 130  |      16 |       2 |          0 |          0 |          0 |          0 |          0 |          0 |          3 |          3 |          0 |          1 |          2 |          3 |          4 |         -1 |          0 |          0 |          0 |
| 131  |      27 |       2 |          0 |          0 |          0 |          0 |          0 |          0 |          3 |          3 |          0 |          1 |          2 |          3 |          4 |         -1 |          0 |          0 |          0 |
| 132  |      27 |       2 |          0 |          0 |          0 |          0 |          0 |          0 |          3 |          3 |          0 |          1 |          2 |          3 |          4 |         -1 |          0 |          0 |          0 |
| 133  |      16 |       2 |          0 |          0 |          0 |          0 |          0 |          0 |          3 |          3 |          0 |          1 |          2 |          3 |          4 |         -1 |          0 |          0 |          0 |
| 134  |      16 |       3 |          0 |          0 |          0 |          0 |          0 |          0 |          3 |          3 |          0 |          1 |          2 |          3 |          4 |         -1 |          0 |          0 |          0 |
| 135  |      18 |       3 |          0 |          0 |          0 |          0 |          0 |          0 |          3 |          3 |          0 |          1 |          2 |          3 |          4 |         -1 |          0 |          0 |          0 |
| 136  |      21 |       3 |          0 |          0 |          0 |          0 |          0 |          0 |          3 |          3 |          0 |          1 |          2 |          3 |          4 |         -1 |          0 |          0 |          0 |
| 137  |      21 |       3 |          0 |          0 |          0 |          0 |          0 |          0 |          3 |          3 |          0 |          1 |          2 |          3 |          4 |         -1 |          0 |          0 |          0 |
| 138  |      40 |       3 |          0 |          0 |          0 |          0 |          0 |          0 |          3 |          3 |          0 |          1 |          2 |          3 |          4 |         -1 |          0 |          0 |          0 |
| 139  |      40 |       3 |          0 |          0 |          0 |          0 |          0 |          0 |          3 |          3 |          0 |          1 |          2 |          3 |          4 |         -1 |          0 |          0 |          0 |
| 140  |      17 |       3 |          0 |          0 |          0 |          0 |          0 |          0 |          3 |          3 |          0 |          1 |          2 |          3 |          4 |         -1 |          0 |          0 |          0 |
| 141  |      17 |       3 |          0 |          0 |          0 |          0 |          0 |          0 |          3 |          4 |          0 |          1 |          2 |          3 |          4 |         -1 |          0 |          0 |          0 |
| 142  |      16 |       3 |          0 |          0 |          0 |          0 |          0 |          0 |          3 |          4 |          0 |          1 |          2 |          3 |          4 |         -1 |          0 |          0 |          0 |
| 143  |      16 |       3 |          0 |          0 |          0 |          0 |          0 |          0 |          4 |          4 |          0 |          1 |          2 |          3 |          4 |         -1 |          0 |          0 |          0 |
| 144  |      27 |       3 |          0 |          0 |          0 |          0 |          0 |          0 |          4 |          4 |          0 |          1 |          2 |          3 |          4 |         -1 |          0 |          0 |          0 |
| 145  |      27 |       3 |          0 |          0 |          0 |          0 |          0 |          0 |          4 |          4 |          0 |          1 |          2 |          3 |          4 |         -1 |          0 |          0 |          0 |
| 146  |      16 |       3 |          0 |          0 |          0 |          0 |          0 |          0 |          4 |          4 |          0 |          1 |          2 |          3 |          4 |         -1 |          0 |          0 |          0 |
| 147  |      16 |       4 |          0 |          0 |          0 |          0 |          0 |          0 |          4 |          4 |          0 |          1 |          2 |          3 |          4 |         -1 |          0 |          0 |          0 |
| 148  |      18 |       4 |          0 |          0 |          0 |          0 |          0 |          0 |          4 |          4 |          0 |          1 |          2 |          3 |          4 |         -1 |          0 |          0 |          0 |
| 149  |      22 |       4 |          0 |          0 |          0 |          0 |          0 |          0 |          4 |          4 |          0 |          1 |          2 |          3 |          4 |         -1 |          0 |          0 |          0 |
| 150  |      22 |       4 |          0 |          0 |          0 |          0 |          0 |          0 |          4 |          4 |          0 |          1 |          2 |          3 |          4 |         -1 |          0 |          0 |          0 |
| 151  |      40 |       4 |          0 |          0 |          0 |          0 |          0 |          0 |          4 |          4 |          0 |          1 |          2 |          3 |          4 |         -1 |          0 |          0 |          0 |
| 152  |      40 |       4 |          0 |          0 |          0 |          0 |          0 |          0 |          4 |          4 |          0 |          1 |          2 |          3 |          4 |         -1 |          0 |          0 |          0 |
| 153  |      17 |       4 |          0 |          0 |          0 |          0 |          0 |          0 |          4 |          4 |          0 |          1 |          2 |          3 |          4 |         -1 |          0 |          0 |          0 |
| 154  |      17 |       4 |          0 |          0 |          0 |          0 |          0 |          0 |          4 |          5 |          0 |          1 |          2 |          3 |          4 |         -1 |          0 |          0 |          0 |
| 155  |      16 |       4 |          0 |          0 |          0 |          0 |          0 |          0 |          4 |          5 |          0 |          1 |          2 |          3 |          4 |         -1 |          0 |          0 |          0 |
| 156  |      16 |       4 |          0 |          0 |          0 |          0 |          0 |          0 |          5 |          5 |          0 |          1 |          2 |          3 |          4 |         -1 |          0 |          0 |          0 |
| 157  |      27 |       4 |          0 |          0 |          0 |          0 |          0 |          0 |          5 |          5 |          0 |          1 |          2 |          3 |          4 |         -1 |          0 |          0 |          0 |
| 158  |      27 |       4 |          0 |          0 |          0 |          0 |          0 |          0 |          5 |          5 |          0 |          1 |          2 |          3 |          4 |         -1 |          0 |          0 |          0 |
| 159  |      16 |       4 |          0 |          0 |          0 |          0 |          0 |          0 |          5 |          5 |          0 |          1 |          2 |          3 |          4 |         -1 |          0 |          0 |          0 |
| 160  |      16 |       5 |          0 |          0 |          0 |          0 |          0 |          0 |          5 |          5 |          0 |          1 |          2 |          3 |          4 |         -1 |          0 |          0 |          0 |
| 161  |      18 |       5 |          0 |          0 |          0 |          0 |          0 |          0 |          5 |          5 |          0 |          1 |          2 |          3 |          4 |         -1 |          0 |          0 |          0 |
| 162  |      23 |       5 |          0 |          0 |          0 |          0 |          0 |          0 |          5 |          5 |          0 |          1 |          2 |          3 |          4 |         -1 |          0 |          0 |          0 |
| 163  |      23 |      -1 |          0 |          0 |          0 |          0 |          0 |          0 |          5 |          5 |          0 |          1 |          2 |          3 |          4 |         -1 |          0 |          0 |          0 |
| 164  |      40 |      -1 |          0 |          0 |          0 |          0 |          0 |          0 |          5 |          5 |          0 |          1 |          2 |          3 |          4 |         -1 |          0 |          0 |          0 |
| 165  |      40 |      -1 |          0 |          0 |          0 |          0 |          0 |          0 |          5 |          5 |          0 |          1 |          2 |          3 |          4 |         -1 |          0 |          0 |          0 |
| 166  |      40 |      -1 |          0 |          0 |          0 |          0 |          0 |          0 |          5 |          5 |          0 |          1 |          2 |          3 |          4 |         -1 |          0 |          0 |          0 |
| 167  |      40 |      -1 |          0 |          0 |          0 |          0 |          0 |          0 |          5 |          5 |          0 |          1 |          2 |          3 |          4 |         -1 |          0 |          0 |          0 |
| 168  |      40 |      -1 |          0 |          0 |          0 |          0 |          0 |          0 |          5 |          5 |          0 |          1 |          2 |          3 |          4 |         -1 |          0 |          0 |          0 |
| 169  |      40 |      -1 |          0 |          0 |          0 |          0 |          0 |          0 |          5 |          5 |          0 |          1 |          2 |          3 |          4 |         -1 |          0 |          0 |          0 |
| 170  |      40 |      -1 |          0 |          0 |          0 |          0 |          0 |          0 |          5 |          5 |          0 |          1 |          2 |          3 |          4 |         -1 |          0 |          0 |          0 |
| 171  |      40 |      -1 |          0 |          0 |          0 |          0 |          0 |          0 |          5 |          5 |          0 |          1 |          2 |          3 |          4 |         -1 |          0 |          0 |          0 |
| 172  |      40 |      -1 |          0 |          0 |          0 |          0 |          0 |          0 |          5 |          5 |          0 |          1 |          2 |          3 |          4 |         -1 |          0 |          0 |          0 |
| 173  |      40 |      -1 |          0 |          0 |          0 |          0 |          0 |          0 |          5 |          5 |          0 |          1 |          2 |          3 |          4 |         -1 |          0 |          0 |          0 |
| 174  |      40 |      -1 |          0 |          0 |          0 |          0 |          0 |          0 |          5 |          5 |          0 |          1 |          2 |          3 |          4 |         -1 |          0 |          0 |          0 |
| 175  |      40 |      -1 |          0 |          0 |          0 |          0 |          0 |          0 |          5 |          5 |          0 |          1 |          2 |          3 |          4 |         -1 |          0 |          0 |          0 |
| 176  |      40 |      -1 |          0 |          0 |          0 |          0 |          0 |          0 |          5 |          5 |          0 |          1 |          2 |          3 |          4 |         -1 |          0 |          0 |          0 |
| 177  |      40 |      -1 |          0 |          0 |          0 |          0 |          0 |          0 |          5 |          5 |          0 |          1 |          2 |          3 |          4 |         -1 |          0 |          0 |          0 |
| 178  |      40 |      -1 |          0 |          0 |          0 |          0 |          0 |          0 |          5 |          5 |          0 |          1 |          2 |          3 |          4 |         -1 |          0 |          0 |          0 |
| 179  |      40 |      -1 |          0 |          0 |          0 |          0 |          0 |          0 |          5 |          5 |          0 |          1 |          2 |          3 |          4 |         -1 |          0 |          0 |          0 |
| 180  |      40 |      -1 |          0 |          0 |          0 |          0 |          0 |          0 |          5 |          5 |          0 |          1 |          2 |          3 |          4 |         -1 |          0 |          0 |          0 |
| 181  |      40 |      -1 |          0 |          0 |          0 |          0 |          0 |          0 |          5 |          5 |          0 |          1 |          2 |          3 |          4 |         -1 |          0 |          0 |          0 |
| 182  |      40 |      -1 |          0 |          0 |          0 |          0 |          0 |          0 |          5 |          5 |          0 |          1 |          2 |          3 |          4 |         -1 |          0 |          0 |          0 |
| 183  |      40 |      -1 |          0 |          0 |          0 |          0 |          0 |          0 |          5 |          5 |          0 |          1 |          2 |          3 |          4 |         -1 |          0 |          0 |          0 |
| 184  |      40 |      -1 |          0 |          0 |          0 |          0 |          0 |          0 |          5 |          5 |          0 |          1 |          2 |          3 |          4 |         -1 |          0 |          0 |          0 |
| 185  |      40 |      -1 |          0 |          0 |          0 |          0 |          0 |          0 |          5 |          5 |          0 |          1 |          2 |          3 |          4 |         -1 |          0 |          0 |          0 |
| 186  |      40 |      -1 |          0 |          0 |          0 |          0 |          0 |          0 |          5 |          5 |          0 |          1 |          2 |          3 |          4 |         -1 |          0 |          0 |          0 |
| 187  |      40 |      -1 |          0 |          0 |          0 |          0 |          0 |          0 |          5 |          5 |          0 |          1 |          2 |          3 |          4 |         -1 |          0 |          0 |          0 |
| 188  |      40 |      -1 |          0 |          0 |          0 |          0 |          0 |          0 |          5 |          5 |          0 |          1 |          2 |          3 |          4 |         -1 |          0 |          0 |          0 |
| 189  |      40 |      -1 |          0 |          0 |          0 |          0 |          0 |          0 |          5 |          5 |          0 |          1 |          2 |          3 |          4 |         -1 |          0 |          0 |          0 |
| 190  |      40 |      -1 |          0 |          0 |          0 |          0 |          0 |          0 |          5 |          5 |          0 |          1 |          2 |          3 |          4 |         -1 |          0 |          0 |          0 |
| 191  |      40 |      -1 |          0 |          0 |          0 |          0 |          0 |          0 |          5 |          5 |          0 |          1 |          2 |          3 |          4 |         -1 |          0 |          0 |          0 |
| 192  |      40 |      -1 |          0 |          0 |          0 |          0 |          0 |          0 |          5 |          5 |          0 |          1 |          2 |          3 |          4 |         -1 |          0 |          0 |          0 |
| 193  |      40 |      -1 |          0 |          0 |          0 |          0 |          0 |          0 |          5 |          5 |          0 |          1 |          2 |          3 |          4 |         -1 |          0 |          0 |          0 |
| 194  |      40 |      -1 |          0 |          0 |          0 |          0 |          0 |          0 |          5 |          5 |          0 |          1 |          2 |          3 |          4 |         -1 |          0 |          0 |          0 |
| 195  |      40 |      -1 |          0 |          0 |          0 |          0 |          0 |          0 |          5 |          5 |          0 |          1 |          2 |          3 |          4 |         -1 |          0 |          0 |          0 |
| 196  |      40 |      -1 |          0 |          0 |          0 |          0 |          0 |          0 |          5 |          5 |          0 |          1 |          2 |          3 |          4 |         -1 |          0 |          0 |          0 |
| 197  |      40 |      -1 |          0 |          0 |          0 |          0 |          0 |          0 |          5 |          5 |          0 |          1 |          2 |          3 |          4 |         -1 |          0 |          0 |          0 |
| 198  |      40 |      -1 |          0 |          0 |          0 |          0 |          0 |          0 |          5 |          5 |          0 |          1 |          2 |          3 |          4 |         -1 |          0 |          0 |          0 |
| 199  |      40 |      -1 |          0 |          0 |          0 |          0 |          0 |          0 |          5 |          5 |          0 |          1 |          2 |          3 |          4 |         -1 |          0 |          0 |          0 |
| 200  |      40 |      -1 |          0 |          0 |          0 |          0 |          0 |          0 |          5 |          5 |          0 |          1 |          2 |          3 |          4 |         -1 |          0 |          0 |          0 |
| 201  |      40 |      -1 |          0 |          0 |          0 |          0 |          0 |          0 |          5 |          5 |          0 |          1 |          2 |          3 |          4 |         -1 |          0 |          0 |          0 |
| 202  |      40 |      -1 |          0 |          0 |          0 |          0 |          0 |          0 |          5 |          5 |          0 |          1 |          2 |          3 |          4 |         -1 |          0 |          0 |          0 |
| 203  |      40 |      -1 |          0 |          0 |          0 |          0 |          0 |          0 |          5 |          5 |          0 |          1 |          2 |          3 |          4 |         -1 |          0 |          0 |          0 |
| 204  |      40 |      -1 |          0 |          0 |          0 |          0 |          0 |          0 |          5 |          5 |          0 |          1 |          2 |          3 |          4 |         -1 |          0 |          0 |          0 |
| 205  |      40 |      -1 |          0 |          0 |          0 |          0 |          0 |          0 |          5 |          5 |          0 |          1 |          2 |          3 |          4 |         -1 |          0 |          0 |          0 |
| 206  |      40 |      -1 |          0 |          0 |          0 |          0 |          0 |          0 |          5 |          5 |          0 |          1 |          2 |          3 |          4 |         -1 |          0 |          0 |          0 |
| 207  |      40 |      -1 |          0 |          0 |          0 |          0 |          0 |          0 |          5 |          5 |          0 |          1 |          2 |          3 |          4 |         -1 |          0 |          0 |          0 |
| 208  |      40 |      -1 |          0 |          0 |          0 |          0 |          0 |          0 |          5 |          5 |          0 |          1 |          2 |          3 |          4 |         -1 |          0 |          0 |          0 |
| 209  |      40 |      -1 |          0 |          0 |          0 |          0 |          0 |          0 |          5 |          5 |          0 |          1 |          2 |          3 |          4 |         -1 |          0 |          0 |          0 |
| 210  |      40 |      -1 |          0 |          0 |          0 |          0 |          0 |          0 |          5 |          5 |          0 |          1 |          2 |          3 |          4 |         -1 |          0 |          0 |          0 |
| 211  |      40 |      -1 |          0 |          0 |          0 |          0 |          0 |          0 |          5 |          5 |          0 |          1 |          2 |          3 |          4 |         -1 |          0 |          0 |          0 |
| 212  |      40 |      -1 |          0 |          0 |          0 |          0 |          0 |          0 |          5 |          5 |          0 |          1 |          2 |          3 |          4 |         -1 |          0 |          0 |          0 |
| 213  |      40 |      -1 |          0 |          0 |          0 |          0 |          0 |          0 |          5 |          5 |          0 |          1 |          2 |          3 |          4 |         -1 |          0 |          0 |          0 |
| 214  |      40 |      -1 |          0 |          0 |          0 |          0 |          0 |          0 |          5 |          5 |          0 |          1 |          2 |          3 |          4 |         -1 |          0 |          0 |          0 |
| 215  |      40 |      -1 |          0 |          0 |          0 |          0 |          0 |          0 |          5 |          5 |          0 |          1 |          2 |          3 |          4 |         -1 |          0 |          0 |          0 |
| 216  |      40 |      -1 |          0 |          0 |          0 |          0 |          0 |          0 |          5 |          5 |          0 |          1 |          2 |          3 |          4 |         -1 |          0 |          0 |          0 |
| 217  |      40 |      -1 |          0 |          0 |          0 |          0 |          0 |          0 |          5 |          5 |          0 |          1 |          2 |          3 |          4 |         -1 |          0 |          0 |          0 |
| 218  |      40 |      -1 |          0 |          0 |          0 |          0 |          0 |          0 |          5 |          5 |          0 |          1 |          2 |          3 |          4 |         -1 |          0 |          0 |          0 |
| 219  |      40 |      -1 |          0 |          0 |          0 |          0 |          0 |          0 |          5 |          5 |          0 |          1 |          2 |          3 |          4 |         -1 |          0 |          0 |          0 |
| 220  |      40 |      -1 |          0 |          0 |          0 |          0 |          0 |          0 |          5 |          5 |          0 |          1 |          2 |          3 |          4 |         -1 |          0 |          0 |          0 |
| 221  |      40 |      -1 |          0 |          0 |          0 |          0 |          0 |          0 |          5 |          5 |          0 |          1 |          2 |          3 |          4 |         -1 |          0 |          0 |          0 |
| 222  |      40 |      -1 |          0 |          0 |          0 |          0 |          0 |          0 |          5 |          5 |          0 |          1 |          2 |          3 |          4 |         -1 |          0 |          0 |          0 |
| 223  |      40 |      -1 |          0 |          0 |          0 |          0 |          0 |          0 |          5 |          5 |          0 |          1 |          2 |          3 |          4 |         -1 |          0 |          0 |          0 |
| 224  |      40 |      -1 |          0 |          0 |          0 |          0 |          0 |          0 |          5 |          5 |          0 |          1 |          2 |          3 |          4 |         -1 |          0 |          0 |          0 |
| 225  |      40 |      -1 |          0 |          0 |          0 |          0 |          0 |          0 |          5 |          5 |          0 |          1 |          2 |          3 |          4 |         -1 |          0 |          0 |          0 |
| 226  |      40 |      -1 |          0 |          0 |          0 |          0 |          0 |          0 |          5 |          5 |          0 |          1 |          2 |          3 |          4 |         -1 |          0 |          0 |          0 |
| 227  |      40 |      -1 |          0 |          0 |          0 |          0 |          0 |          0 |          5 |          5 |          0 |          1 |          2 |          3 |          4 |         -1 |          0 |          0 |          0 |
| 228  |      40 |      -1 |          0 |          0 |          0 |          0 |          0 |          0 |          5 |          5 |          0 |          1 |          2 |          3 |          4 |         -1 |          0 |          0 |          0 |
| 229  |      40 |      -1 |          0 |          0 |          0 |          0 |          0 |          0 |          5 |          5 |          0 |          1 |          2 |          3 |          4 |         -1 |          0 |          0 |          0 |
| 230  |      40 |      -1 |          0 |          0 |          0 |          0 |          0 |          0 |          5 |          5 |          0 |          1 |          2 |          3 |          4 |         -1 |          0 |          0 |          0 |
| 231  |      40 |      -1 |          0 |          0 |          0 |          0 |          0 |          0 |          5 |          5 |          0 |          1 |          2 |          3 |          4 |         -1 |          0 |          0 |          0 |
| 232  |      40 |      -1 |          0 |          0 |          0 |          0 |          0 |          0 |          5 |          5 |          0 |          1 |          2 |          3 |          4 |         -1 |          0 |          0 |          0 |
| 233  |      40 |      -1 |          0 |          0 |          0 |          0 |          0 |          0 |          5 |          5 |          0 |          1 |          2 |          3 |          4 |         -1 |          0 |          0 |          0 |
| 234  |      40 |      -1 |          0 |          0 |          0 |          0 |          0 |          0 |          5 |          5 |          0 |          1 |          2 |          3 |          4 |         -1 |          0 |          0 |          0 |
| 235  |      40 |      -1 |          0 |          0 |          0 |          0 |          0 |          0 |          5 |          5 |          0 |          1 |          2 |          3 |          4 |         -1 |          0 |          0 |          0 |
| 236  |      40 |      -1 |          0 |          0 |          0 |          0 |          0 |          0 |          5 |          5 |          0 |          1 |          2 |          3 |          4 |         -1 |          0 |          0 |          0 |
| 237  |      40 |      -1 |          0 |          0 |          0 |          0 |          0 |          0 |          5 |          5 |          0 |          1 |          2 |          3 |          4 |         -1 |          0 |          0 |          0 |
| 238  |      40 |      -1 |          0 |          0 |          0 |          0 |          0 |          0 |          5 |          5 |          0 |          1 |          2 |          3 |          4 |         -1 |          0 |          0 |          0 |
| 239  |      40 |      -1 |          0 |          0 |          0 |          0 |          0 |          0 |          5 |          5 |          0 |          1 |          2 |          3 |          4 |         -1 |          0 |          0 |          0 |
| 240  |      40 |      -1 |          0 |          0 |          0 |          0 |          0 |          0 |          5 |          5 |          0 |          1 |          2 |          3 |          4 |         -1 |          0 |          0 |          0 |
| 241  |      40 |      -1 |          0 |          0 |          0 |          0 |          0 |          0 |          5 |          5 |          0 |          1 |          2 |          3 |          4 |         -1 |          0 |          0 |          0 |
| 242  |      40 |      -1 |          0 |          0 |          0 |          0 |          0 |          0 |          5 |          5 |          0 |          1 |          2 |          3 |          4 |         -1 |          0 |          0 |          0 |
| 243  |      40 |      -1 |          0 |          0 |          0 |          0 |          0 |          0 |          5 |          5 |          0 |          1 |          2 |          3 |          4 |         -1 |          0 |          0 |          0 |
| 244  |      40 |      -1 |          0 |          0 |          0 |          0 |          0 |          0 |          5 |          5 |          0 |          1 |          2 |          3 |          4 |         -1 |          0 |          0 |          0 |
| 245  |      40 |      -1 |          0 |          0 |          0 |          0 |          0 |          0 |          5 |          5 |          0 |          1 |          2 |          3 |          4 |         -1 |          0 |          0 |          0 |
| 246  |      40 |      -1 |          0 |          0 |          0 |          0 |          0 |          0 |          5 |          5 |          0 |          1 |          2 |          3 |          4 |         -1 |          0 |          0 |          0 |
| 247  |      40 |      -1 |          0 |          0 |          0 |          0 |          0 |          0 |          5 |          5 |          0 |          1 |          2 |          3 |          4 |         -1 |          0 |          0 |          0 |
| 248  |      40 |      -1 |          0 |          0 |          0 |          0 |          0 |          0 |          5 |          5 |          0 |          1 |          2 |          3 |          4 |         -1 |          0 |          0 |          0 |
| 249  |      40 |      -1 |          0 |          0 |          0 |          0 |          0 |          0 |          5 |          5 |          0 |          1 |          2 |          3 |          4 |         -1 |          0 |          0 |          0 |
| 250  |      40 |      -1 |          0 |          0 |          0 |          0 |          0 |          0 |          5 |          5 |          0 |          1 |          2 |          3 |          4 |         -1 |          0 |          0 |          0 |
| 251  |      40 |      -1 |          0 |          0 |          0 |          0 |          0 |          0 |          5 |          5 |          0 |          1 |          2 |          3 |          4 |         -1 |          0 |          0 |          0 |
| 252  |      40 |      -1 |          0 |          0 |          0 |          0 |          0 |          0 |          5 |          5 |          0 |          1 |          2 |          3 |          4 |         -1 |          0 |          0 |          0 |
| 253  |      40 |      -1 |          0 |          0 |          0 |          0 |          0 |          0 |          5 |          5 |          0 |          1 |          2 |          3 |          4 |         -1 |          0 |          0 |          0 |
| 254  |      40 |      -1 |          0 |          0 |          0 |          0 |          0 |          0 |          5 |          5 |          0 |          1 |          2 |          3 |          4 |         -1 |          0 |          0 |          0 |
| 255  |      40 |      -1 |          0 |          0 |          0 |          0 |          0 |          0 |          5 |          5 |          0 |          1 |          2 |          3 |          4 |         -1 |          0 |          0 |          0 |
| 256  |      40 |      -1 |          0 |          0 |          0 |          0 |          0 |          0 |          5 |          5 |          0 |          1 |          2 |          3 |          4 |         -1 |          0 |          0 |          0 |
| 257  |      40 |      -1 |          0 |          0 |          0 |          0 |          0 |          0 |          5 |          5 |          0 |          1 |          2 |          3 |          4 |         -1 |          0 |          0 |          0 |
| 258  |      40 |      -1 |          0 |          0 |          0 |          0 |          0 |          0 |          5 |          5 |          0 |          1 |          2 |          3 |          4 |         -1 |          0 |          0 |          0 |
| 259  |      40 |      -1 |          0 |          0 |          0 |          0 |          0 |          0 |          5 |          5 |          0 |          1 |          2 |          3 |          4 |         -1 |          0 |          0 |          0 |
| 260  |      40 |      -1 |          0 |          0 |          0 |          0 |          0 |          0 |          5 |          5 |          0 |          1 |          2 |          3 |          4 |         -1 |          0 |          0 |          0 |
| 261  |      40 |      -1 |          0 |          0 |          0 |          0 |          0 |          0 |          5 |          5 |          0 |          1 |          2 |          3 |          4 |         -1 |          0 |          0 |          0 |
| 262  |      40 |      -1 |          0 |          0 |          0 |          0 |          0 |          0 |          5 |          5 |          0 |          1 |          2 |          3 |          4 |         -1 |          0 |          0 |          0 |
| 263  |      40 |      -1 |          0 |          0 |          0 |          0 |          0 |          0 |          5 |          5 |          0 |          1 |          2 |          3 |          4 |         -1 |          0 |          0 |          0 |
| 264  |      40 |      -1 |          0 |          0 |          0 |          0 |          0 |          0 |          5 |          5 |          0 |          1 |          2 |          3 |          4 |         -1 |          0 |          0 |          0 |
| 265  |      40 |      -1 |          0 |          0 |          0 |          0 |          0 |          0 |          5 |          5 |          0 |          1 |          2 |          3 |          4 |         -1 |          0 |          0 |          0 |
| 266  |      40 |      -1 |          0 |          0 |          0 |          0 |          0 |          0 |          5 |          5 |          0 |          1 |          2 |          3 |          4 |         -1 |          0 |          0 |          0 |
| 267  |      40 |      -1 |          0 |          0 |          0 |          0 |          0 |          0 |          5 |          5 |          0 |          1 |          2 |          3 |          4 |         -1 |          0 |          0 |          0 |
| 268  |      40 |      -1 |          0 |          0 |          0 |          0 |          0 |          0 |          5 |          5 |          0 |          1 |          2 |          3 |          4 |         -1 |          0 |          0 |          0 |
| 269  |      40 |      -1 |          0 |          0 |          0 |          0 |          0 |          0 |          5 |          5 |          0 |          1 |          2 |          3 |          4 |         -1 |          0 |          0 |          0 |
| 270  |      40 |      -1 |          0 |          0 |          0 |          0 |          0 |          0 |          5 |          5 |          0 |          1 |          2 |          3 |          4 |         -1 |          0 |          0 |          0 |
| 271  |      40 |      -1 |          0 |          0 |          0 |          0 |          0 |          0 |          5 |          5 |          0 |          1 |          2 |          3 |          4 |         -1 |          0 |          0 |          0 |
| 272  |      40 |      -1 |          0 |          0 |          0 |          0 |          0 |          0 |          5 |          5 |          0 |          1 |          2 |          3 |          4 |         -1 |          0 |          0 |          0 |
| 273  |      40 |      -1 |          0 |          0 |          0 |          0 |          0 |          0 |          5 |          5 |          0 |          1 |          2 |          3 |          4 |         -1 |          0 |          0 |          0 |
| 274  |      40 |      -1 |          0 |          0 |          0 |          0 |          0 |          0 |          5 |          5 |          0 |          1 |          2 |          3 |          4 |         -1 |          0 |          0 |          0 |
| 275  |      40 |      -1 |          0 |          0 |          0 |          0 |          0 |          0 |          5 |          5 |          0 |          1 |          2 |          3 |          4 |         -1 |          0 |          0 |          0 |
| 276  |      40 |      -1 |          0 |          0 |          0 |          0 |          0 |          0 |          5 |          5 |          0 |          1 |          2 |          3 |          4 |         -1 |          0 |          0 |          0 |
| 277  |      40 |      -1 |          0 |          0 |          0 |          0 |          0 |          0 |          5 |          5 |          0 |          1 |          2 |          3 |          4 |         -1 |          0 |          0 |          0 |
| 278  |      40 |      -1 |          0 |          0 |          0 |          0 |          0 |          0 |          5 |          5 |          0 |          1 |          2 |          3 |          4 |         -1 |          0 |          0 |          0 |
